RAM Allocation [bytes]
Variable                                                                          Address   Size
------------------------------------------------------------------------------------------------
thous1                                                                            0x0260       2
ACKSlave                                                                          0x0262       1
ACKMaster                                                                         0x0263       1
lcd_show                                                                          0x0264      32
thous                                                                             0x0284       2
second                                                                            0x0286       2
flag1                                                                             0x0288       2
data                                                                              0x028A       1
_base_y                                                                           0x028B       4
_lcd_x                                                                            0x028F       1
_lcd_y                                                                            0x0290       1
_lcd_maxx                                                                         0x0291       1

EEPROM Allocation [bytes]
Variable                                                                          Address   Size
------------------------------------------------------------------------------------------------

Register Allocation
Variable                                                                          Register  Size
------------------------------------------------------------------------------------------------
temp1                                                                             R4,R5        2
temp2                                                                             R6,R7        2
flag                                                                              R8,R9        2
tem                                                                               R10,R11      2
speed                                                                             R12,R13      2

FLASH Allocation [words]
Function                                                                          Address   Size
------------------------------------------------------------------------------------------------
read_two_temperature                                                              0x00084     17
send_spi                                                                          0x00095      6
timer0_comp_isr                                                                   0x0009B     30
timer1_compa_isr                                                                  0x000B9     21
spi_isr                                                                           0x000CE     57
ana_comp_isr                                                                      0x00107     40
read_adc                                                                          0x0012F     14
main                                                                              0x0013D    106
_lcd_write_nibble_G100                                                            0x001A7     20
_lcd_write_data                                                                   0x001BB     12
lcd_gotoxy                                                                        0x001C7     17
lcd_clear                                                                         0x001D8     14
lcd_putchar                                                                       0x001E6     32
lcd_puts                                                                          0x00206     17
lcd_init                                                                          0x00217     47
put_buff_G101                                                                     0x00246     58
_print_G101                                                                       0x00280    308
sprintf                                                                           0x003B4     52
strlen                                                                            0x003E8     12
strlenf                                                                           0x003F4     13
