
AVRASM ver. 2.1.30  D:\university\7term\micro_graderi\project\spi\maste\Debug\List\master.asm Mon Jan 21 07:27:28 2019

D:\university\7term\micro_graderi\project\spi\maste\Debug\List\master.asm(1088): warning: Register r5 already defined by the .DEF directive
D:\university\7term\micro_graderi\project\spi\maste\Debug\List\master.asm(1089): warning: Register r4 already defined by the .DEF directive
D:\university\7term\micro_graderi\project\spi\maste\Debug\List\master.asm(1090): warning: Register r7 already defined by the .DEF directive
                 
                 
                 ;CodeVisionAVR C Compiler V3.12 Advanced
                 ;(C) Copyright 1998-2014 Pavel Haiduc, HP InfoTech s.r.l.
                 ;http://www.hpinfotech.com
                 
                 ;Build configuration    : Debug
                 ;Chip type              : ATmega32
                 ;Program type           : Application
                 ;Clock frequency        : 8.000000 MHz
                 ;Memory model           : Small
                 ;Optimize for           : Size
                 ;(s)printf features     : int, width
                 ;(s)scanf features      : int, width
                 ;External RAM size      : 0
                 ;Data Stack size        : 512 byte(s)
                 ;Heap size              : 0 byte(s)
                 ;Promote 'char' to 'int': Yes
                 ;'char' is unsigned     : Yes
                 ;8 bit enums            : Yes
                 ;Global 'const' stored in FLASH: Yes
                 ;Enhanced function parameter passing: Yes
                 ;Enhanced core instructions: On
                 ;Automatic register allocation for global variables: On
                 ;Smart register allocation: On
                 
                 	#define _MODEL_SMALL_
                 
                 	#pragma AVRPART ADMIN PART_NAME ATmega32
                 	#pragma AVRPART MEMORY PROG_FLASH 32768
                 	#pragma AVRPART MEMORY EEPROM 1024
                 	#pragma AVRPART MEMORY INT_SRAM SIZE 2048
                 	#pragma AVRPART MEMORY INT_SRAM START_ADDR 0x60
                 
                 	#define CALL_SUPPORTED 1
                 
                 	.LISTMAC
                 	.EQU UDRE=0x5
                 	.EQU RXC=0x7
                 	.EQU USR=0xB
                 	.EQU UDR=0xC
                 	.EQU SPSR=0xE
                 	.EQU SPDR=0xF
                 	.EQU EERE=0x0
                 	.EQU EEWE=0x1
                 	.EQU EEMWE=0x2
                 	.EQU EECR=0x1C
                 	.EQU EEDR=0x1D
                 	.EQU EEARL=0x1E
                 	.EQU EEARH=0x1F
                 	.EQU WDTCR=0x21
                 	.EQU MCUCR=0x35
                 	.EQU GICR=0x3B
                 	.EQU SPL=0x3D
                 	.EQU SPH=0x3E
                 	.EQU SREG=0x3F
                 
                 	.DEF R0X0=R0
                 	.DEF R0X1=R1
                 	.DEF R0X2=R2
                 	.DEF R0X3=R3
                 	.DEF R0X4=R4
                 	.DEF R0X5=R5
                 	.DEF R0X6=R6
                 	.DEF R0X7=R7
                 	.DEF R0X8=R8
                 	.DEF R0X9=R9
                 	.DEF R0XA=R10
                 	.DEF R0XB=R11
                 	.DEF R0XC=R12
                 	.DEF R0XD=R13
                 	.DEF R0XE=R14
                 	.DEF R0XF=R15
                 	.DEF R0X10=R16
                 	.DEF R0X11=R17
                 	.DEF R0X12=R18
                 	.DEF R0X13=R19
                 	.DEF R0X14=R20
                 	.DEF R0X15=R21
                 	.DEF R0X16=R22
                 	.DEF R0X17=R23
                 	.DEF R0X18=R24
                 	.DEF R0X19=R25
                 	.DEF R0X1A=R26
                 	.DEF R0X1B=R27
                 	.DEF R0X1C=R28
                 	.DEF R0X1D=R29
                 	.DEF R0X1E=R30
                 	.DEF R0X1F=R31
                 
                 	.EQU __SRAM_START=0x0060
                 	.EQU __SRAM_END=0x085F
                 	.EQU __DSTACK_SIZE=0x0200
                 	.EQU __HEAP_SIZE=0x0000
                 	.EQU __CLEAR_SRAM_SIZE=__SRAM_END-__SRAM_START+1
                 
                 	.MACRO __CPD1N
                 	CPI  R30,LOW(@0)
                 	LDI  R26,HIGH(@0)
                 	CPC  R31,R26
                 	LDI  R26,BYTE3(@0)
                 	CPC  R22,R26
                 	LDI  R26,BYTE4(@0)
                 	CPC  R23,R26
                 	.ENDM
                 
                 	.MACRO __CPD2N
                 	CPI  R26,LOW(@0)
                 	LDI  R30,HIGH(@0)
                 	CPC  R27,R30
                 	LDI  R30,BYTE3(@0)
                 	CPC  R24,R30
                 	LDI  R30,BYTE4(@0)
                 	CPC  R25,R30
                 	.ENDM
                 
                 	.MACRO __CPWRR
                 	CP   R@0,R@2
                 	CPC  R@1,R@3
                 	.ENDM
                 
                 	.MACRO __CPWRN
                 	CPI  R@0,LOW(@2)
                 	LDI  R30,HIGH(@2)
                 	CPC  R@1,R30
                 	.ENDM
                 
                 	.MACRO __ADDB1MN
                 	SUBI R30,LOW(-@0-(@1))
                 	.ENDM
                 
                 	.MACRO __ADDB2MN
                 	SUBI R26,LOW(-@0-(@1))
                 	.ENDM
                 
                 	.MACRO __ADDW1MN
                 	SUBI R30,LOW(-@0-(@1))
                 	SBCI R31,HIGH(-@0-(@1))
                 	.ENDM
                 
                 	.MACRO __ADDW2MN
                 	SUBI R26,LOW(-@0-(@1))
                 	SBCI R27,HIGH(-@0-(@1))
                 	.ENDM
                 
                 	.MACRO __ADDW1FN
                 	SUBI R30,LOW(-2*@0-(@1))
                 	SBCI R31,HIGH(-2*@0-(@1))
                 	.ENDM
                 
                 	.MACRO __ADDD1FN
                 	SUBI R30,LOW(-2*@0-(@1))
                 	SBCI R31,HIGH(-2*@0-(@1))
                 	SBCI R22,BYTE3(-2*@0-(@1))
                 	.ENDM
                 
                 	.MACRO __ADDD1N
                 	SUBI R30,LOW(-@0)
                 	SBCI R31,HIGH(-@0)
                 	SBCI R22,BYTE3(-@0)
                 	SBCI R23,BYTE4(-@0)
                 	.ENDM
                 
                 	.MACRO __ADDD2N
                 	SUBI R26,LOW(-@0)
                 	SBCI R27,HIGH(-@0)
                 	SBCI R24,BYTE3(-@0)
                 	SBCI R25,BYTE4(-@0)
                 	.ENDM
                 
                 	.MACRO __SUBD1N
                 	SUBI R30,LOW(@0)
                 	SBCI R31,HIGH(@0)
                 	SBCI R22,BYTE3(@0)
                 	SBCI R23,BYTE4(@0)
                 	.ENDM
                 
                 	.MACRO __SUBD2N
                 	SUBI R26,LOW(@0)
                 	SBCI R27,HIGH(@0)
                 	SBCI R24,BYTE3(@0)
                 	SBCI R25,BYTE4(@0)
                 	.ENDM
                 
                 	.MACRO __ANDBMNN
                 	LDS  R30,@0+(@1)
                 	ANDI R30,LOW(@2)
                 	STS  @0+(@1),R30
                 	.ENDM
                 
                 	.MACRO __ANDWMNN
                 	LDS  R30,@0+(@1)
                 	ANDI R30,LOW(@2)
                 	STS  @0+(@1),R30
                 	LDS  R30,@0+(@1)+1
                 	ANDI R30,HIGH(@2)
                 	STS  @0+(@1)+1,R30
                 	.ENDM
                 
                 	.MACRO __ANDD1N
                 	ANDI R30,LOW(@0)
                 	ANDI R31,HIGH(@0)
                 	ANDI R22,BYTE3(@0)
                 	ANDI R23,BYTE4(@0)
                 	.ENDM
                 
                 	.MACRO __ANDD2N
                 	ANDI R26,LOW(@0)
                 	ANDI R27,HIGH(@0)
                 	ANDI R24,BYTE3(@0)
                 	ANDI R25,BYTE4(@0)
                 	.ENDM
                 
                 	.MACRO __ORBMNN
                 	LDS  R30,@0+(@1)
                 	ORI  R30,LOW(@2)
                 	STS  @0+(@1),R30
                 	.ENDM
                 
                 	.MACRO __ORWMNN
                 	LDS  R30,@0+(@1)
                 	ORI  R30,LOW(@2)
                 	STS  @0+(@1),R30
                 	LDS  R30,@0+(@1)+1
                 	ORI  R30,HIGH(@2)
                 	STS  @0+(@1)+1,R30
                 	.ENDM
                 
                 	.MACRO __ORD1N
                 	ORI  R30,LOW(@0)
                 	ORI  R31,HIGH(@0)
                 	ORI  R22,BYTE3(@0)
                 	ORI  R23,BYTE4(@0)
                 	.ENDM
                 
                 	.MACRO __ORD2N
                 	ORI  R26,LOW(@0)
                 	ORI  R27,HIGH(@0)
                 	ORI  R24,BYTE3(@0)
                 	ORI  R25,BYTE4(@0)
                 	.ENDM
                 
                 	.MACRO __DELAY_USB
                 	LDI  R24,LOW(@0)
                 __DELAY_USB_LOOP:
                 	DEC  R24
                 	BRNE __DELAY_USB_LOOP
                 	.ENDM
                 
                 	.MACRO __DELAY_USW
                 	LDI  R24,LOW(@0)
                 	LDI  R25,HIGH(@0)
                 __DELAY_USW_LOOP:
                 	SBIW R24,1
                 	BRNE __DELAY_USW_LOOP
                 	.ENDM
                 
                 	.MACRO __GETD1S
                 	LDD  R30,Y+@0
                 	LDD  R31,Y+@0+1
                 	LDD  R22,Y+@0+2
                 	LDD  R23,Y+@0+3
                 	.ENDM
                 
                 	.MACRO __GETD2S
                 	LDD  R26,Y+@0
                 	LDD  R27,Y+@0+1
                 	LDD  R24,Y+@0+2
                 	LDD  R25,Y+@0+3
                 	.ENDM
                 
                 	.MACRO __PUTD1S
                 	STD  Y+@0,R30
                 	STD  Y+@0+1,R31
                 	STD  Y+@0+2,R22
                 	STD  Y+@0+3,R23
                 	.ENDM
                 
                 	.MACRO __PUTD2S
                 	STD  Y+@0,R26
                 	STD  Y+@0+1,R27
                 	STD  Y+@0+2,R24
                 	STD  Y+@0+3,R25
                 	.ENDM
                 
                 	.MACRO __PUTDZ2
                 	STD  Z+@0,R26
                 	STD  Z+@0+1,R27
                 	STD  Z+@0+2,R24
                 	STD  Z+@0+3,R25
                 	.ENDM
                 
                 	.MACRO __CLRD1S
                 	STD  Y+@0,R30
                 	STD  Y+@0+1,R30
                 	STD  Y+@0+2,R30
                 	STD  Y+@0+3,R30
                 	.ENDM
                 
                 	.MACRO __POINTB1MN
                 	LDI  R30,LOW(@0+(@1))
                 	.ENDM
                 
                 	.MACRO __POINTW1MN
                 	LDI  R30,LOW(@0+(@1))
                 	LDI  R31,HIGH(@0+(@1))
                 	.ENDM
                 
                 	.MACRO __POINTD1M
                 	LDI  R30,LOW(@0)
                 	LDI  R31,HIGH(@0)
                 	LDI  R22,BYTE3(@0)
                 	LDI  R23,BYTE4(@0)
                 	.ENDM
                 
                 	.MACRO __POINTW1FN
                 	LDI  R30,LOW(2*@0+(@1))
                 	LDI  R31,HIGH(2*@0+(@1))
                 	.ENDM
                 
                 	.MACRO __POINTD1FN
                 	LDI  R30,LOW(2*@0+(@1))
                 	LDI  R31,HIGH(2*@0+(@1))
                 	LDI  R22,BYTE3(2*@0+(@1))
                 	LDI  R23,BYTE4(2*@0+(@1))
                 	.ENDM
                 
                 	.MACRO __POINTB2MN
                 	LDI  R26,LOW(@0+(@1))
                 	.ENDM
                 
                 	.MACRO __POINTW2MN
                 	LDI  R26,LOW(@0+(@1))
                 	LDI  R27,HIGH(@0+(@1))
                 	.ENDM
                 
                 	.MACRO __POINTW2FN
                 	LDI  R26,LOW(2*@0+(@1))
                 	LDI  R27,HIGH(2*@0+(@1))
                 	.ENDM
                 
                 	.MACRO __POINTD2FN
                 	LDI  R26,LOW(2*@0+(@1))
                 	LDI  R27,HIGH(2*@0+(@1))
                 	LDI  R24,BYTE3(2*@0+(@1))
                 	LDI  R25,BYTE4(2*@0+(@1))
                 	.ENDM
                 
                 	.MACRO __POINTBRM
                 	LDI  R@0,LOW(@1)
                 	.ENDM
                 
                 	.MACRO __POINTWRM
                 	LDI  R@0,LOW(@2)
                 	LDI  R@1,HIGH(@2)
                 	.ENDM
                 
                 	.MACRO __POINTBRMN
                 	LDI  R@0,LOW(@1+(@2))
                 	.ENDM
                 
                 	.MACRO __POINTWRMN
                 	LDI  R@0,LOW(@2+(@3))
                 	LDI  R@1,HIGH(@2+(@3))
                 	.ENDM
                 
                 	.MACRO __POINTWRFN
                 	LDI  R@0,LOW(@2*2+(@3))
                 	LDI  R@1,HIGH(@2*2+(@3))
                 	.ENDM
                 
                 	.MACRO __GETD1N
                 	LDI  R30,LOW(@0)
                 	LDI  R31,HIGH(@0)
                 	LDI  R22,BYTE3(@0)
                 	LDI  R23,BYTE4(@0)
                 	.ENDM
                 
                 	.MACRO __GETD2N
                 	LDI  R26,LOW(@0)
                 	LDI  R27,HIGH(@0)
                 	LDI  R24,BYTE3(@0)
                 	LDI  R25,BYTE4(@0)
                 	.ENDM
                 
                 	.MACRO __GETB1MN
                 	LDS  R30,@0+(@1)
                 	.ENDM
                 
                 	.MACRO __GETB1HMN
                 	LDS  R31,@0+(@1)
                 	.ENDM
                 
                 	.MACRO __GETW1MN
                 	LDS  R30,@0+(@1)
                 	LDS  R31,@0+(@1)+1
                 	.ENDM
                 
                 	.MACRO __GETD1MN
                 	LDS  R30,@0+(@1)
                 	LDS  R31,@0+(@1)+1
                 	LDS  R22,@0+(@1)+2
                 	LDS  R23,@0+(@1)+3
                 	.ENDM
                 
                 	.MACRO __GETBRMN
                 	LDS  R@0,@1+(@2)
                 	.ENDM
                 
                 	.MACRO __GETWRMN
                 	LDS  R@0,@2+(@3)
                 	LDS  R@1,@2+(@3)+1
                 	.ENDM
                 
                 	.MACRO __GETWRZ
                 	LDD  R@0,Z+@2
                 	LDD  R@1,Z+@2+1
                 	.ENDM
                 
                 	.MACRO __GETD2Z
                 	LDD  R26,Z+@0
                 	LDD  R27,Z+@0+1
                 	LDD  R24,Z+@0+2
                 	LDD  R25,Z+@0+3
                 	.ENDM
                 
                 	.MACRO __GETB2MN
                 	LDS  R26,@0+(@1)
                 	.ENDM
                 
                 	.MACRO __GETW2MN
                 	LDS  R26,@0+(@1)
                 	LDS  R27,@0+(@1)+1
                 	.ENDM
                 
                 	.MACRO __GETD2MN
                 	LDS  R26,@0+(@1)
                 	LDS  R27,@0+(@1)+1
                 	LDS  R24,@0+(@1)+2
                 	LDS  R25,@0+(@1)+3
                 	.ENDM
                 
                 	.MACRO __PUTB1MN
                 	STS  @0+(@1),R30
                 	.ENDM
                 
                 	.MACRO __PUTW1MN
                 	STS  @0+(@1),R30
                 	STS  @0+(@1)+1,R31
                 	.ENDM
                 
                 	.MACRO __PUTD1MN
                 	STS  @0+(@1),R30
                 	STS  @0+(@1)+1,R31
                 	STS  @0+(@1)+2,R22
                 	STS  @0+(@1)+3,R23
                 	.ENDM
                 
                 	.MACRO __PUTB1EN
                 	LDI  R26,LOW(@0+(@1))
                 	LDI  R27,HIGH(@0+(@1))
                 	CALL __EEPROMWRB
                 	.ENDM
                 
                 	.MACRO __PUTW1EN
                 	LDI  R26,LOW(@0+(@1))
                 	LDI  R27,HIGH(@0+(@1))
                 	CALL __EEPROMWRW
                 	.ENDM
                 
                 	.MACRO __PUTD1EN
                 	LDI  R26,LOW(@0+(@1))
                 	LDI  R27,HIGH(@0+(@1))
                 	CALL __EEPROMWRD
                 	.ENDM
                 
                 	.MACRO __PUTBR0MN
                 	STS  @0+(@1),R0
                 	.ENDM
                 
                 	.MACRO __PUTBMRN
                 	STS  @0+(@1),R@2
                 	.ENDM
                 
                 	.MACRO __PUTWMRN
                 	STS  @0+(@1),R@2
                 	STS  @0+(@1)+1,R@3
                 	.ENDM
                 
                 	.MACRO __PUTBZR
                 	STD  Z+@1,R@0
                 	.ENDM
                 
                 	.MACRO __PUTWZR
                 	STD  Z+@2,R@0
                 	STD  Z+@2+1,R@1
                 	.ENDM
                 
                 	.MACRO __GETW1R
                 	MOV  R30,R@0
                 	MOV  R31,R@1
                 	.ENDM
                 
                 	.MACRO __GETW2R
                 	MOV  R26,R@0
                 	MOV  R27,R@1
                 	.ENDM
                 
                 	.MACRO __GETWRN
                 	LDI  R@0,LOW(@2)
                 	LDI  R@1,HIGH(@2)
                 	.ENDM
                 
                 	.MACRO __PUTW1R
                 	MOV  R@0,R30
                 	MOV  R@1,R31
                 	.ENDM
                 
                 	.MACRO __PUTW2R
                 	MOV  R@0,R26
                 	MOV  R@1,R27
                 	.ENDM
                 
                 	.MACRO __ADDWRN
                 	SUBI R@0,LOW(-@2)
                 	SBCI R@1,HIGH(-@2)
                 	.ENDM
                 
                 	.MACRO __ADDWRR
                 	ADD  R@0,R@2
                 	ADC  R@1,R@3
                 	.ENDM
                 
                 	.MACRO __SUBWRN
                 	SUBI R@0,LOW(@2)
                 	SBCI R@1,HIGH(@2)
                 	.ENDM
                 
                 	.MACRO __SUBWRR
                 	SUB  R@0,R@2
                 	SBC  R@1,R@3
                 	.ENDM
                 
                 	.MACRO __ANDWRN
                 	ANDI R@0,LOW(@2)
                 	ANDI R@1,HIGH(@2)
                 	.ENDM
                 
                 	.MACRO __ANDWRR
                 	AND  R@0,R@2
                 	AND  R@1,R@3
                 	.ENDM
                 
                 	.MACRO __ORWRN
                 	ORI  R@0,LOW(@2)
                 	ORI  R@1,HIGH(@2)
                 	.ENDM
                 
                 	.MACRO __ORWRR
                 	OR   R@0,R@2
                 	OR   R@1,R@3
                 	.ENDM
                 
                 	.MACRO __EORWRR
                 	EOR  R@0,R@2
                 	EOR  R@1,R@3
                 	.ENDM
                 
                 	.MACRO __GETWRS
                 	LDD  R@0,Y+@2
                 	LDD  R@1,Y+@2+1
                 	.ENDM
                 
                 	.MACRO __PUTBSR
                 	STD  Y+@1,R@0
                 	.ENDM
                 
                 	.MACRO __PUTWSR
                 	STD  Y+@2,R@0
                 	STD  Y+@2+1,R@1
                 	.ENDM
                 
                 	.MACRO __MOVEWRR
                 	MOV  R@0,R@2
                 	MOV  R@1,R@3
                 	.ENDM
                 
                 	.MACRO __INWR
                 	IN   R@0,@2
                 	IN   R@1,@2+1
                 	.ENDM
                 
                 	.MACRO __OUTWR
                 	OUT  @2+1,R@1
                 	OUT  @2,R@0
                 	.ENDM
                 
                 	.MACRO __CALL1MN
                 	LDS  R30,@0+(@1)
                 	LDS  R31,@0+(@1)+1
                 	ICALL
                 	.ENDM
                 
                 	.MACRO __CALL1FN
                 	LDI  R30,LOW(2*@0+(@1))
                 	LDI  R31,HIGH(2*@0+(@1))
                 	CALL __GETW1PF
                 	ICALL
                 	.ENDM
                 
                 	.MACRO __CALL2EN
                 	PUSH R26
                 	PUSH R27
                 	LDI  R26,LOW(@0+(@1))
                 	LDI  R27,HIGH(@0+(@1))
                 	CALL __EEPROMRDW
                 	POP  R27
                 	POP  R26
                 	ICALL
                 	.ENDM
                 
                 	.MACRO __CALL2EX
                 	SUBI R26,LOW(-@0)
                 	SBCI R27,HIGH(-@0)
                 	CALL __EEPROMRDD
                 	ICALL
                 	.ENDM
                 
                 	.MACRO __GETW1STACK
                 	IN   R30,SPL
                 	IN   R31,SPH
                 	ADIW R30,@0+1
                 	LD   R0,Z+
                 	LD   R31,Z
                 	MOV  R30,R0
                 	.ENDM
                 
                 	.MACRO __GETD1STACK
                 	IN   R30,SPL
                 	IN   R31,SPH
                 	ADIW R30,@0+1
                 	LD   R0,Z+
                 	LD   R1,Z+
                 	LD   R22,Z
                 	MOVW R30,R0
                 	.ENDM
                 
                 	.MACRO __NBST
                 	BST  R@0,@1
                 	IN   R30,SREG
                 	LDI  R31,0x40
                 	EOR  R30,R31
                 	OUT  SREG,R30
                 	.ENDM
                 
                 
                 	.MACRO __PUTB1SN
                 	LDD  R26,Y+@0
                 	LDD  R27,Y+@0+1
                 	SUBI R26,LOW(-@1)
                 	SBCI R27,HIGH(-@1)
                 	ST   X,R30
                 	.ENDM
                 
                 	.MACRO __PUTW1SN
                 	LDD  R26,Y+@0
                 	LDD  R27,Y+@0+1
                 	SUBI R26,LOW(-@1)
                 	SBCI R27,HIGH(-@1)
                 	ST   X+,R30
                 	ST   X,R31
                 	.ENDM
                 
                 	.MACRO __PUTD1SN
                 	LDD  R26,Y+@0
                 	LDD  R27,Y+@0+1
                 	SUBI R26,LOW(-@1)
                 	SBCI R27,HIGH(-@1)
                 	CALL __PUTDP1
                 	.ENDM
                 
                 	.MACRO __PUTB1SNS
                 	LDD  R26,Y+@0
                 	LDD  R27,Y+@0+1
                 	ADIW R26,@1
                 	ST   X,R30
                 	.ENDM
                 
                 	.MACRO __PUTW1SNS
                 	LDD  R26,Y+@0
                 	LDD  R27,Y+@0+1
                 	ADIW R26,@1
                 	ST   X+,R30
                 	ST   X,R31
                 	.ENDM
                 
                 	.MACRO __PUTD1SNS
                 	LDD  R26,Y+@0
                 	LDD  R27,Y+@0+1
                 	ADIW R26,@1
                 	CALL __PUTDP1
                 	.ENDM
                 
                 	.MACRO __PUTB1PMN
                 	LDS  R26,@0
                 	LDS  R27,@0+1
                 	SUBI R26,LOW(-@1)
                 	SBCI R27,HIGH(-@1)
                 	ST   X,R30
                 	.ENDM
                 
                 	.MACRO __PUTW1PMN
                 	LDS  R26,@0
                 	LDS  R27,@0+1
                 	SUBI R26,LOW(-@1)
                 	SBCI R27,HIGH(-@1)
                 	ST   X+,R30
                 	ST   X,R31
                 	.ENDM
                 
                 	.MACRO __PUTD1PMN
                 	LDS  R26,@0
                 	LDS  R27,@0+1
                 	SUBI R26,LOW(-@1)
                 	SBCI R27,HIGH(-@1)
                 	CALL __PUTDP1
                 	.ENDM
                 
                 	.MACRO __PUTB1PMNS
                 	LDS  R26,@0
                 	LDS  R27,@0+1
                 	ADIW R26,@1
                 	ST   X,R30
                 	.ENDM
                 
                 	.MACRO __PUTW1PMNS
                 	LDS  R26,@0
                 	LDS  R27,@0+1
                 	ADIW R26,@1
                 	ST   X+,R30
                 	ST   X,R31
                 	.ENDM
                 
                 	.MACRO __PUTD1PMNS
                 	LDS  R26,@0
                 	LDS  R27,@0+1
                 	ADIW R26,@1
                 	CALL __PUTDP1
                 	.ENDM
                 
                 	.MACRO __PUTB1RN
                 	MOVW R26,R@0
                 	SUBI R26,LOW(-@1)
                 	SBCI R27,HIGH(-@1)
                 	ST   X,R30
                 	.ENDM
                 
                 	.MACRO __PUTW1RN
                 	MOVW R26,R@0
                 	SUBI R26,LOW(-@1)
                 	SBCI R27,HIGH(-@1)
                 	ST   X+,R30
                 	ST   X,R31
                 	.ENDM
                 
                 	.MACRO __PUTD1RN
                 	MOVW R26,R@0
                 	SUBI R26,LOW(-@1)
                 	SBCI R27,HIGH(-@1)
                 	CALL __PUTDP1
                 	.ENDM
                 
                 	.MACRO __PUTB1RNS
                 	MOVW R26,R@0
                 	ADIW R26,@1
                 	ST   X,R30
                 	.ENDM
                 
                 	.MACRO __PUTW1RNS
                 	MOVW R26,R@0
                 	ADIW R26,@1
                 	ST   X+,R30
                 	ST   X,R31
                 	.ENDM
                 
                 	.MACRO __PUTD1RNS
                 	MOVW R26,R@0
                 	ADIW R26,@1
                 	CALL __PUTDP1
                 	.ENDM
                 
                 	.MACRO __PUTB1RON
                 	MOV  R26,R@0
                 	MOV  R27,R@1
                 	SUBI R26,LOW(-@2)
                 	SBCI R27,HIGH(-@2)
                 	ST   X,R30
                 	.ENDM
                 
                 	.MACRO __PUTW1RON
                 	MOV  R26,R@0
                 	MOV  R27,R@1
                 	SUBI R26,LOW(-@2)
                 	SBCI R27,HIGH(-@2)
                 	ST   X+,R30
                 	ST   X,R31
                 	.ENDM
                 
                 	.MACRO __PUTD1RON
                 	MOV  R26,R@0
                 	MOV  R27,R@1
                 	SUBI R26,LOW(-@2)
                 	SBCI R27,HIGH(-@2)
                 	CALL __PUTDP1
                 	.ENDM
                 
                 	.MACRO __PUTB1RONS
                 	MOV  R26,R@0
                 	MOV  R27,R@1
                 	ADIW R26,@2
                 	ST   X,R30
                 	.ENDM
                 
                 	.MACRO __PUTW1RONS
                 	MOV  R26,R@0
                 	MOV  R27,R@1
                 	ADIW R26,@2
                 	ST   X+,R30
                 	ST   X,R31
                 	.ENDM
                 
                 	.MACRO __PUTD1RONS
                 	MOV  R26,R@0
                 	MOV  R27,R@1
                 	ADIW R26,@2
                 	CALL __PUTDP1
                 	.ENDM
                 
                 
                 	.MACRO __GETB1SX
                 	MOVW R30,R28
                 	SUBI R30,LOW(-@0)
                 	SBCI R31,HIGH(-@0)
                 	LD   R30,Z
                 	.ENDM
                 
                 	.MACRO __GETB1HSX
                 	MOVW R30,R28
                 	SUBI R30,LOW(-@0)
                 	SBCI R31,HIGH(-@0)
                 	LD   R31,Z
                 	.ENDM
                 
                 	.MACRO __GETW1SX
                 	MOVW R30,R28
                 	SUBI R30,LOW(-@0)
                 	SBCI R31,HIGH(-@0)
                 	LD   R0,Z+
                 	LD   R31,Z
                 	MOV  R30,R0
                 	.ENDM
                 
                 	.MACRO __GETD1SX
                 	MOVW R30,R28
                 	SUBI R30,LOW(-@0)
                 	SBCI R31,HIGH(-@0)
                 	LD   R0,Z+
                 	LD   R1,Z+
                 	LD   R22,Z+
                 	LD   R23,Z
                 	MOVW R30,R0
                 	.ENDM
                 
                 	.MACRO __GETB2SX
                 	MOVW R26,R28
                 	SUBI R26,LOW(-@0)
                 	SBCI R27,HIGH(-@0)
                 	LD   R26,X
                 	.ENDM
                 
                 	.MACRO __GETW2SX
                 	MOVW R26,R28
                 	SUBI R26,LOW(-@0)
                 	SBCI R27,HIGH(-@0)
                 	LD   R0,X+
                 	LD   R27,X
                 	MOV  R26,R0
                 	.ENDM
                 
                 	.MACRO __GETD2SX
                 	MOVW R26,R28
                 	SUBI R26,LOW(-@0)
                 	SBCI R27,HIGH(-@0)
                 	LD   R0,X+
                 	LD   R1,X+
                 	LD   R24,X+
                 	LD   R25,X
                 	MOVW R26,R0
                 	.ENDM
                 
                 	.MACRO __GETBRSX
                 	MOVW R30,R28
                 	SUBI R30,LOW(-@1)
                 	SBCI R31,HIGH(-@1)
                 	LD   R@0,Z
                 	.ENDM
                 
                 	.MACRO __GETWRSX
                 	MOVW R30,R28
                 	SUBI R30,LOW(-@2)
                 	SBCI R31,HIGH(-@2)
                 	LD   R@0,Z+
                 	LD   R@1,Z
                 	.ENDM
                 
                 	.MACRO __GETBRSX2
                 	MOVW R26,R28
                 	SUBI R26,LOW(-@1)
                 	SBCI R27,HIGH(-@1)
                 	LD   R@0,X
                 	.ENDM
                 
                 	.MACRO __GETWRSX2
                 	MOVW R26,R28
                 	SUBI R26,LOW(-@2)
                 	SBCI R27,HIGH(-@2)
                 	LD   R@0,X+
                 	LD   R@1,X
                 	.ENDM
                 
                 	.MACRO __LSLW8SX
                 	MOVW R30,R28
                 	SUBI R30,LOW(-@0)
                 	SBCI R31,HIGH(-@0)
                 	LD   R31,Z
                 	CLR  R30
                 	.ENDM
                 
                 	.MACRO __PUTB1SX
                 	MOVW R26,R28
                 	SUBI R26,LOW(-@0)
                 	SBCI R27,HIGH(-@0)
                 	ST   X,R30
                 	.ENDM
                 
                 	.MACRO __PUTW1SX
                 	MOVW R26,R28
                 	SUBI R26,LOW(-@0)
                 	SBCI R27,HIGH(-@0)
                 	ST   X+,R30
                 	ST   X,R31
                 	.ENDM
                 
                 	.MACRO __PUTD1SX
                 	MOVW R26,R28
                 	SUBI R26,LOW(-@0)
                 	SBCI R27,HIGH(-@0)
                 	ST   X+,R30
                 	ST   X+,R31
                 	ST   X+,R22
                 	ST   X,R23
                 	.ENDM
                 
                 	.MACRO __CLRW1SX
                 	MOVW R26,R28
                 	SUBI R26,LOW(-@0)
                 	SBCI R27,HIGH(-@0)
                 	ST   X+,R30
                 	ST   X,R30
                 	.ENDM
                 
                 	.MACRO __CLRD1SX
                 	MOVW R26,R28
                 	SUBI R26,LOW(-@0)
                 	SBCI R27,HIGH(-@0)
                 	ST   X+,R30
                 	ST   X+,R30
                 	ST   X+,R30
                 	ST   X,R30
                 	.ENDM
                 
                 	.MACRO __PUTB2SX
                 	MOVW R30,R28
                 	SUBI R30,LOW(-@0)
                 	SBCI R31,HIGH(-@0)
                 	ST   Z,R26
                 	.ENDM
                 
                 	.MACRO __PUTW2SX
                 	MOVW R30,R28
                 	SUBI R30,LOW(-@0)
                 	SBCI R31,HIGH(-@0)
                 	ST   Z+,R26
                 	ST   Z,R27
                 	.ENDM
                 
                 	.MACRO __PUTD2SX
                 	MOVW R30,R28
                 	SUBI R30,LOW(-@0)
                 	SBCI R31,HIGH(-@0)
                 	ST   Z+,R26
                 	ST   Z+,R27
                 	ST   Z+,R24
                 	ST   Z,R25
                 	.ENDM
                 
                 	.MACRO __PUTBSRX
                 	MOVW R30,R28
                 	SUBI R30,LOW(-@1)
                 	SBCI R31,HIGH(-@1)
                 	ST   Z,R@0
                 	.ENDM
                 
                 	.MACRO __PUTWSRX
                 	MOVW R30,R28
                 	SUBI R30,LOW(-@2)
                 	SBCI R31,HIGH(-@2)
                 	ST   Z+,R@0
                 	ST   Z,R@1
                 	.ENDM
                 
                 	.MACRO __PUTB1SNX
                 	MOVW R26,R28
                 	SUBI R26,LOW(-@0)
                 	SBCI R27,HIGH(-@0)
                 	LD   R0,X+
                 	LD   R27,X
                 	MOV  R26,R0
                 	SUBI R26,LOW(-@1)
                 	SBCI R27,HIGH(-@1)
                 	ST   X,R30
                 	.ENDM
                 
                 	.MACRO __PUTW1SNX
                 	MOVW R26,R28
                 	SUBI R26,LOW(-@0)
                 	SBCI R27,HIGH(-@0)
                 	LD   R0,X+
                 	LD   R27,X
                 	MOV  R26,R0
                 	SUBI R26,LOW(-@1)
                 	SBCI R27,HIGH(-@1)
                 	ST   X+,R30
                 	ST   X,R31
                 	.ENDM
                 
                 	.MACRO __PUTD1SNX
                 	MOVW R26,R28
                 	SUBI R26,LOW(-@0)
                 	SBCI R27,HIGH(-@0)
                 	LD   R0,X+
                 	LD   R27,X
                 	MOV  R26,R0
                 	SUBI R26,LOW(-@1)
                 	SBCI R27,HIGH(-@1)
                 	ST   X+,R30
                 	ST   X+,R31
                 	ST   X+,R22
                 	ST   X,R23
                 	.ENDM
                 
                 	.MACRO __MULBRR
                 	MULS R@0,R@1
                 	MOVW R30,R0
                 	.ENDM
                 
                 	.MACRO __MULBRRU
                 	MUL  R@0,R@1
                 	MOVW R30,R0
                 	.ENDM
                 
                 	.MACRO __MULBRR0
                 	MULS R@0,R@1
                 	.ENDM
                 
                 	.MACRO __MULBRRU0
                 	MUL  R@0,R@1
                 	.ENDM
                 
                 	.MACRO __MULBNWRU
                 	LDI  R26,@2
                 	MUL  R26,R@0
                 	MOVW R30,R0
                 	MUL  R26,R@1
                 	ADD  R31,R0
                 	.ENDM
                 
                 ;NAME DEFINITIONS FOR GLOBAL VARIABLES ALLOCATED TO REGISTERS
                 	.DEF __lcd_x=R5
                 	.DEF __lcd_y=R4
                 	.DEF __lcd_maxx=R7
                 
                 	.CSEG
                 	.ORG 0x00
                 
                 ;START OF CODE MARKER
                 __START_OF_CODE:
                 
                 ;INTERRUPT VECTORS
000000 940c 0048 	JMP  __RESET
000002 940c 0000 	JMP  0x00
000004 940c 0000 	JMP  0x00
000006 940c 0000 	JMP  0x00
000008 940c 0000 	JMP  0x00
00000a 940c 0000 	JMP  0x00
00000c 940c 0000 	JMP  0x00
00000e 940c 0000 	JMP  0x00
000010 940c 0000 	JMP  0x00
000012 940c 0000 	JMP  0x00
000014 940c 0000 	JMP  0x00
000016 940c 0000 	JMP  0x00
000018 940c 0000 	JMP  0x00
00001a 940c 0000 	JMP  0x00
00001c 940c 0000 	JMP  0x00
00001e 940c 0000 	JMP  0x00
000020 940c 0000 	JMP  0x00
000022 940c 0000 	JMP  0x00
000024 940c 0000 	JMP  0x00
000026 940c 0000 	JMP  0x00
000028 940c 0000 	JMP  0x00
                 
                 _tbl10_G102:
00002a 2710
00002b 03e8
00002c 0064
00002d 000a      	.DB  0x10,0x27,0xE8,0x3,0x64,0x0,0xA,0x0
00002e 0001      	.DB  0x1,0x0
                 _tbl16_G102:
00002f 1000
000030 0100
000031 0010
000032 0001      	.DB  0x0,0x10,0x0,0x1,0x10,0x0,0x1,0x0
                 
                 _0x0:
000033 614d
000034 7473
000035 7265
000036 7254      	.DB  0x4D,0x61,0x73,0x74,0x65,0x72,0x54,0x72
000037 6e61
000038 6d73
000039 7469
00003a 2520      	.DB  0x61,0x6E,0x73,0x6D,0x69,0x74,0x20,0x25
00003b 2064
00003c 6f74
00003d 2520
00003e 2064      	.DB  0x64,0x20,0x74,0x6F,0x20,0x25,0x64,0x20
00003f 6341
000040 3a6b
000041 6425
D:\university\7term\micro_graderi\project\spi\maste\Debug\List\master.asm(1131): warning: .cseg .db misalignment - padding zero byte
000042 0000      	.DB  0x41,0x63,0x6B,0x3A,0x25,0x64,0x0
                 _0x2000003:
000043 c080      	.DB  0x80,0xC0
                 
                 __GLOBAL_INI_TBL:
000044 0002      	.DW  0x02
000045 0260      	.DW  __base_y_G100
000046 0086      	.DW  _0x2000003*2
                 
                 _0xFFFFFFFF:
000047 0000      	.DW  0
                 
                 #define __GLOBAL_INI_TBL_PRESENT 1
                 
                 __RESET:
000048 94f8      	CLI
000049 27ee      	CLR  R30
00004a bbec      	OUT  EECR,R30
                 
                 ;INTERRUPT VECTORS ARE PLACED
                 ;AT THE START OF FLASH
00004b e0f1      	LDI  R31,1
00004c bffb      	OUT  GICR,R31
00004d bfeb      	OUT  GICR,R30
00004e bfe5      	OUT  MCUCR,R30
                 
                 ;CLEAR R2-R14
00004f e08d      	LDI  R24,(14-2)+1
000050 e0a2      	LDI  R26,2
000051 27bb      	CLR  R27
                 __CLEAR_REG:
000052 93ed      	ST   X+,R30
000053 958a      	DEC  R24
000054 f7e9      	BRNE __CLEAR_REG
                 
                 ;CLEAR SRAM
000055 e080      	LDI  R24,LOW(__CLEAR_SRAM_SIZE)
000056 e098      	LDI  R25,HIGH(__CLEAR_SRAM_SIZE)
000057 e6a0      	LDI  R26,__SRAM_START
                 __CLEAR_SRAM:
000058 93ed      	ST   X+,R30
000059 9701      	SBIW R24,1
00005a f7e9      	BRNE __CLEAR_SRAM
                 
                 ;GLOBAL VARIABLES INITIALIZATION
00005b e8e8      	LDI  R30,LOW(__GLOBAL_INI_TBL*2)
00005c e0f0      	LDI  R31,HIGH(__GLOBAL_INI_TBL*2)
                 __GLOBAL_INI_NEXT:
00005d 9185      	LPM  R24,Z+
00005e 9195      	LPM  R25,Z+
00005f 9700      	SBIW R24,0
000060 f061      	BREQ __GLOBAL_INI_END
000061 91a5      	LPM  R26,Z+
000062 91b5      	LPM  R27,Z+
000063 9005      	LPM  R0,Z+
000064 9015      	LPM  R1,Z+
000065 01bf      	MOVW R22,R30
000066 01f0      	MOVW R30,R0
                 __GLOBAL_INI_LOOP:
000067 9005      	LPM  R0,Z+
000068 920d      	ST   X+,R0
000069 9701      	SBIW R24,1
00006a f7e1      	BRNE __GLOBAL_INI_LOOP
00006b 01fb      	MOVW R30,R22
00006c cff0      	RJMP __GLOBAL_INI_NEXT
                 __GLOBAL_INI_END:
                 
                 ;HARDWARE STACK POINTER INITIALIZATION
00006d e5ef      	LDI  R30,LOW(__SRAM_END-__HEAP_SIZE)
00006e bfed      	OUT  SPL,R30
00006f e0e8      	LDI  R30,HIGH(__SRAM_END-__HEAP_SIZE)
000070 bfee      	OUT  SPH,R30
                 
                 ;DATA STACK POINTER INITIALIZATION
000071 e6c0      	LDI  R28,LOW(__SRAM_START+__DSTACK_SIZE)
000072 e0d2      	LDI  R29,HIGH(__SRAM_START+__DSTACK_SIZE)
                 
000073 940c 0083 	JMP  _main
                 
                 	.ESEG
                 	.ORG 0
                 
                 	.DSEG
                 	.ORG 0x260
                 
                 	.CSEG
                 ;/*******************************************************
                 ;This program was created by the
                 ;CodeWizardAVR V3.12 Advanced
                 ;Automatic Program Generator
                 ;© Copyright 1998-2014 Pavel Haiduc, HP InfoTech s.r.l.
                 ;http://www.hpinfotech.com
                 ;
                 ;Project :
                 ;Version :
                 ;Date    : 1/20/2019
                 ;Author  :
                 ;Company :
                 ;Comments:
                 ;
                 ;
                 ;Chip type               : ATmega32
                 ;Program type            : Application
                 ;AVR Core Clock frequency: 8.000000 MHz
                 ;Memory model            : Small
                 ;External RAM size       : 0
                 ;Data Stack size         : 512
                 ;*******************************************************/
                 ;
                 ;#include <mega32.h>
                 	#ifndef __SLEEP_DEFINED__
                 	#define __SLEEP_DEFINED__
                 	.EQU __se_bit=0x80
                 	.EQU __sm_mask=0x70
                 	.EQU __sm_powerdown=0x20
                 	.EQU __sm_powersave=0x30
                 	.EQU __sm_standby=0x60
                 	.EQU __sm_ext_standby=0x70
                 	.EQU __sm_adc_noise_red=0x10
                 	.SET power_ctrl_reg=mcucr
                 	#endif
                 ;
                 ;// Alphanumeric LCD functions
                 ;#include <alcd.h>
                 ;#include <delay.h>
                 ;// Declare your global variables here
                 ;
                 ;// SPI functions
                 ;#include <spi.h>
                 ;#include <stdio.h>
                 ;void spi_init_master (void)
                 ; 0000 0023 {
                 
                 	.CSEG
                 ; 0000 0024     DDRB = (1<<5)|(1<<3);              //Set MOSI, SCK as Output
                 ; 0000 0025     SPCR = (1<<SPE)|(1<<MSTR); //Enable SPI, Set as Master
                 ; 0000 0026                                        //Prescaler: Fosc/16, Enable Interrupts
                 ; 0000 0027 }
                 ;unsigned char spi_tranceiver (unsigned char data)
                 ; 0000 0029 {
                 _spi_tranceiver:
                 ; .FSTART _spi_tranceiver
                 ; 0000 002A     SPDR = data;                       //Load data into the buffer
000075 93aa      	ST   -Y,R26
                 ;	data -> Y+0
000076 81e8      	LD   R30,Y
000077 b9ef      	OUT  0xF,R30
                 ; 0000 002B     while(!(SPSR & (1<<SPIF) )){
                 _0x3:
000078 9977      	SBIC 0xE,7
000079 c007      	RJMP _0x5
                 ; 0000 002C         PORTD.1=1;
00007a 9a91      	SBI  0x12,1
                 ; 0000 002D         delay_ms(100);
00007b e6a4      	LDI  R26,LOW(100)
00007c e0b0      	LDI  R27,0
00007d 940e 03ac 	CALL _delay_ms
                 ; 0000 002E         PORTD.1=0;
00007f 9891      	CBI  0x12,1
                 ; 0000 002F     }       //Wait until transmission complete
000080 cff7      	RJMP _0x3
                 _0x5:
                 ; 0000 0030     return(SPDR);                      //Return received data
000081 b1ef      	IN   R30,0xF
000082 c12c      	RJMP _0x20A0002
                 ; 0000 0031 }
                 ; .FEND
                 ;void led_blink (unsigned char i)
                 ; 0000 0033 {
                 ; 0000 0034     //Blink LED "i" number of times
                 ; 0000 0035     for (; i>0; --i)
                 ;	i -> Y+0
                 ; 0000 0036     {
                 ; 0000 0037         PORTD|=(1<<0);
                 ; 0000 0038         delay_ms(100);
                 ; 0000 0039         PORTD=(0<<0);
                 ; 0000 003A         delay_ms(100);
                 ; 0000 003B     }
                 ; 0000 003C }
                 ;void main(void)
                 ; 0000 003E {
                 _main:
                 ; .FSTART _main
                 ; 0000 003F     unsigned char data;                 //Received data stored here
                 ; 0000 0040     unsigned char x = 0;
                 ; 0000 0041     unsigned char ACK=22;
                 ; 0000 0042     char lcd_show[32];
                 ; 0000 0043     int whichSlave=0;
                 ; 0000 0044 // Declare your local variables here
                 ; 0000 0045 
                 ; 0000 0046 // Input/Output Ports initialization
                 ; 0000 0047 // Port A initialization
                 ; 0000 0048 // Function: Bit7=In Bit6=In Bit5=In Bit4=In Bit3=In Bit2=In Bit1=In Bit0=In
                 ; 0000 0049 DDRA=(0<<DDA7) | (0<<DDA6) | (0<<DDA5) | (0<<DDA4) | (0<<DDA3) | (0<<DDA2) | (0<<DDA1) | (0<<DDA0);
000083 97a0      	SBIW R28,32
                 ;	data -> R17
                 ;	x -> R16
                 ;	ACK -> R19
                 ;	lcd_show -> Y+0
                 ;	whichSlave -> R20,R21
000084 e000      	LDI  R16,0
000085 e136      	LDI  R19,22
                +
000086 e040     +LDI R20 , LOW ( 0 )
000087 e050     +LDI R21 , HIGH ( 0 )
                 	__GETWRN 20,21,0
000088 e0e0      	LDI  R30,LOW(0)
000089 bbea      	OUT  0x1A,R30
                 ; 0000 004A // State: Bit7=T Bit6=T Bit5=T Bit4=T Bit3=T Bit2=T Bit1=T Bit0=T
                 ; 0000 004B PORTA=(0<<PORTA7) | (0<<PORTA6) | (0<<PORTA5) | (0<<PORTA4) | (0<<PORTA3) | (0<<PORTA2) | (0<<PORTA1) | (0<<PORTA0);
00008a bbeb      	OUT  0x1B,R30
                 ; 0000 004C 
                 ; 0000 004D // Port B initialization
                 ; 0000 004E // Function: Bit7=Out Bit6=In Bit5=Out Bit4=Out Bit3=In Bit2=In Bit1=In Bit0=In
                 ; 0000 004F DDRB=(1<<DDB7) | (0<<DDB6) | (1<<DDB5) | (1<<DDB4) | (0<<DDB3) | (0<<DDB2) | (0<<DDB1) | (0<<DDB0);
00008b ebe0      	LDI  R30,LOW(176)
00008c bbe7      	OUT  0x17,R30
                 ; 0000 0050 // State: Bit7=0 Bit6=T Bit5=0 Bit4=0 Bit3=T Bit2=T Bit1=T Bit0=T
                 ; 0000 0051 PORTB=(0<<PORTB7) | (0<<PORTB6) | (0<<PORTB5) | (0<<PORTB4) | (0<<PORTB3) | (0<<PORTB2) | (0<<PORTB1) | (0<<PORTB0);
00008d e0e0      	LDI  R30,LOW(0)
00008e bbe8      	OUT  0x18,R30
                 ; 0000 0052 
                 ; 0000 0053 // Port C initialization
                 ; 0000 0054 // Function: Bit7=In Bit6=In Bit5=In Bit4=In Bit3=In Bit2=In Bit1=In Bit0=In
                 ; 0000 0055 DDRC=(0<<DDC7) | (0<<DDC6) | (0<<DDC5) | (0<<DDC4) | (0<<DDC3) | (0<<DDC2) | (0<<DDC1) | (0<<DDC0);
00008f bbe4      	OUT  0x14,R30
                 ; 0000 0056 // State: Bit7=T Bit6=T Bit5=T Bit4=T Bit3=T Bit2=T Bit1=T Bit0=T
                 ; 0000 0057 PORTC=(0<<PORTC7) | (0<<PORTC6) | (0<<PORTC5) | (0<<PORTC4) | (0<<PORTC3) | (0<<PORTC2) | (0<<PORTC1) | (0<<PORTC0);
000090 bbe5      	OUT  0x15,R30
                 ; 0000 0058 
                 ; 0000 0059 // Port D initialization
                 ; 0000 005A // Function: Bit7=In Bit6=In Bit5=In Bit4=In Bit3=In Bit2=In Bit1=In Bit0=In
                 ; 0000 005B DDRD=(0<<DDD7) | (0<<DDD6) | (0<<DDD5) | (0<<DDD4) | (0<<DDD3) | (0<<DDD2) | (0<<DDD1) | (0<<DDD0);
000091 bbe1      	OUT  0x11,R30
                 ; 0000 005C // State: Bit7=T Bit6=T Bit5=T Bit4=T Bit3=T Bit2=T Bit1=T Bit0=T
                 ; 0000 005D PORTD=(0<<PORTD7) | (0<<PORTD6) | (0<<PORTD5) | (0<<PORTD4) | (0<<PORTD3) | (0<<PORTD2) | (0<<PORTD1) | (0<<PORTD0);
000092 bbe2      	OUT  0x12,R30
                 ; 0000 005E 
                 ; 0000 005F // Timer/Counter 0 initialization
                 ; 0000 0060 // Clock source: System Clock
                 ; 0000 0061 // Clock value: Timer 0 Stopped
                 ; 0000 0062 // Mode: Normal top=0xFF
                 ; 0000 0063 // OC0 output: Disconnected
                 ; 0000 0064 TCCR0=(0<<WGM00) | (0<<COM01) | (0<<COM00) | (0<<WGM01) | (0<<CS02) | (0<<CS01) | (0<<CS00);
000093 bfe3      	OUT  0x33,R30
                 ; 0000 0065 TCNT0=0x00;
000094 bfe2      	OUT  0x32,R30
                 ; 0000 0066 OCR0=0x00;
000095 bfec      	OUT  0x3C,R30
                 ; 0000 0067 
                 ; 0000 0068 // Timer/Counter 1 initialization
                 ; 0000 0069 // Clock source: System Clock
                 ; 0000 006A // Clock value: Timer1 Stopped
                 ; 0000 006B // Mode: Normal top=0xFFFF
                 ; 0000 006C // OC1A output: Disconnected
                 ; 0000 006D // OC1B output: Disconnected
                 ; 0000 006E // Noise Canceler: Off
                 ; 0000 006F // Input Capture on Falling Edge
                 ; 0000 0070 // Timer1 Overflow Interrupt: Off
                 ; 0000 0071 // Input Capture Interrupt: Off
                 ; 0000 0072 // Compare A Match Interrupt: Off
                 ; 0000 0073 // Compare B Match Interrupt: Off
                 ; 0000 0074 TCCR1A=(0<<COM1A1) | (0<<COM1A0) | (0<<COM1B1) | (0<<COM1B0) | (0<<WGM11) | (0<<WGM10);
000096 bdef      	OUT  0x2F,R30
                 ; 0000 0075 TCCR1B=(0<<ICNC1) | (0<<ICES1) | (0<<WGM13) | (0<<WGM12) | (0<<CS12) | (0<<CS11) | (0<<CS10);
000097 bdee      	OUT  0x2E,R30
                 ; 0000 0076 TCNT1H=0x00;
000098 bded      	OUT  0x2D,R30
                 ; 0000 0077 TCNT1L=0x00;
000099 bdec      	OUT  0x2C,R30
                 ; 0000 0078 ICR1H=0x00;
00009a bde7      	OUT  0x27,R30
                 ; 0000 0079 ICR1L=0x00;
00009b bde6      	OUT  0x26,R30
                 ; 0000 007A OCR1AH=0x00;
00009c bdeb      	OUT  0x2B,R30
                 ; 0000 007B OCR1AL=0x00;
00009d bdea      	OUT  0x2A,R30
                 ; 0000 007C OCR1BH=0x00;
00009e bde9      	OUT  0x29,R30
                 ; 0000 007D OCR1BL=0x00;
00009f bde8      	OUT  0x28,R30
                 ; 0000 007E 
                 ; 0000 007F // Timer/Counter 2 initialization
                 ; 0000 0080 // Clock source: System Clock
                 ; 0000 0081 // Clock value: Timer2 Stopped
                 ; 0000 0082 // Mode: Normal top=0xFF
                 ; 0000 0083 // OC2 output: Disconnected
                 ; 0000 0084 ASSR=0<<AS2;
0000a0 bde2      	OUT  0x22,R30
                 ; 0000 0085 TCCR2=(0<<PWM2) | (0<<COM21) | (0<<COM20) | (0<<CTC2) | (0<<CS22) | (0<<CS21) | (0<<CS20);
0000a1 bde5      	OUT  0x25,R30
                 ; 0000 0086 TCNT2=0x00;
0000a2 bde4      	OUT  0x24,R30
                 ; 0000 0087 OCR2=0x00;
0000a3 bde3      	OUT  0x23,R30
                 ; 0000 0088 
                 ; 0000 0089 // Timer(s)/Counter(s) Interrupt(s) initialization
                 ; 0000 008A TIMSK=(0<<OCIE2) | (0<<TOIE2) | (0<<TICIE1) | (0<<OCIE1A) | (0<<OCIE1B) | (0<<TOIE1) | (0<<OCIE0) | (0<<TOIE0);
0000a4 bfe9      	OUT  0x39,R30
                 ; 0000 008B 
                 ; 0000 008C // External Interrupt(s) initialization
                 ; 0000 008D // INT0: Off
                 ; 0000 008E // INT1: Off
                 ; 0000 008F // INT2: Off
                 ; 0000 0090 MCUCR=(0<<ISC11) | (0<<ISC10) | (0<<ISC01) | (0<<ISC00);
0000a5 bfe5      	OUT  0x35,R30
                 ; 0000 0091 MCUCSR=(0<<ISC2);
0000a6 bfe4      	OUT  0x34,R30
                 ; 0000 0092 
                 ; 0000 0093 // USART initialization
                 ; 0000 0094 // USART disabled
                 ; 0000 0095 UCSRB=(0<<RXCIE) | (0<<TXCIE) | (0<<UDRIE) | (0<<RXEN) | (0<<TXEN) | (0<<UCSZ2) | (0<<RXB8) | (0<<TXB8);
0000a7 b9ea      	OUT  0xA,R30
                 ; 0000 0096 
                 ; 0000 0097 // Analog Comparator initialization
                 ; 0000 0098 // Analog Comparator: Off
                 ; 0000 0099 // The Analog Comparator's positive input is
                 ; 0000 009A // connected to the AIN0 pin
                 ; 0000 009B // The Analog Comparator's negative input is
                 ; 0000 009C // connected to the AIN1 pin
                 ; 0000 009D ACSR=(1<<ACD) | (0<<ACBG) | (0<<ACO) | (0<<ACI) | (0<<ACIE) | (0<<ACIC) | (0<<ACIS1) | (0<<ACIS0);
0000a8 e8e0      	LDI  R30,LOW(128)
0000a9 b9e8      	OUT  0x8,R30
                 ; 0000 009E SFIOR=(0<<ACME);
0000aa e0e0      	LDI  R30,LOW(0)
0000ab bfe0      	OUT  0x30,R30
                 ; 0000 009F 
                 ; 0000 00A0 // ADC initialization
                 ; 0000 00A1 // ADC disabled
                 ; 0000 00A2 ADCSRA=(0<<ADEN) | (0<<ADSC) | (0<<ADATE) | (0<<ADIF) | (0<<ADIE) | (0<<ADPS2) | (0<<ADPS1) | (0<<ADPS0);
0000ac b9e6      	OUT  0x6,R30
                 ; 0000 00A3 
                 ; 0000 00A4 // SPI initialization
                 ; 0000 00A5 // SPI Type: Master
                 ; 0000 00A6 // SPI Clock Rate: 2000.000 kHz
                 ; 0000 00A7 // SPI Clock Phase: Cycle Start
                 ; 0000 00A8 // SPI Clock Polarity: Low
                 ; 0000 00A9 // SPI Data Order: MSB First
                 ; 0000 00AA SPCR=(0<<SPIE) | (1<<SPE) | (0<<DORD) | (1<<MSTR) | (0<<CPOL) | (0<<CPHA) | (0<<SPR1) | (0<<SPR0);
0000ad e5e0      	LDI  R30,LOW(80)
0000ae b9ed      	OUT  0xD,R30
                 ; 0000 00AB SPSR=(0<<SPI2X);
0000af e0e0      	LDI  R30,LOW(0)
0000b0 b9ee      	OUT  0xE,R30
                 ; 0000 00AC 
                 ; 0000 00AD // TWI initialization
                 ; 0000 00AE // TWI disabled
                 ; 0000 00AF TWCR=(0<<TWEA) | (0<<TWSTA) | (0<<TWSTO) | (0<<TWEN) | (0<<TWIE);
0000b1 bfe6      	OUT  0x36,R30
                 ; 0000 00B0 
                 ; 0000 00B1 // Alphanumeric LCD initialization
                 ; 0000 00B2 // Connections are specified in the
                 ; 0000 00B3 // Project|Configure|C Compiler|Libraries|Alphanumeric LCD menu:
                 ; 0000 00B4 // RS - PORTA Bit 0
                 ; 0000 00B5 // RD - PORTA Bit 1
                 ; 0000 00B6 // EN - PORTA Bit 2
                 ; 0000 00B7 // D4 - PORTA Bit 4
                 ; 0000 00B8 // D5 - PORTA Bit 5
                 ; 0000 00B9 // D6 - PORTA Bit 6
                 ; 0000 00BA // D7 - PORTA Bit 7
                 ; 0000 00BB // Characters/line: 16
                 ; 0000 00BC lcd_init(16);
0000b2 e1a0      	LDI  R26,LOW(16)
0000b3 d0cf      	RCALL _lcd_init
                 ; 0000 00BD //spi_init_master();
                 ; 0000 00BE DDRB.0=1;
0000b4 9ab8      	SBI  0x17,0
                 ; 0000 00BF DDRB.1=1;
0000b5 9ab9      	SBI  0x17,1
                 ; 0000 00C0 DDRB.2=1;
0000b6 9aba      	SBI  0x17,2
                 ; 0000 00C1 PORTB.0=1;
0000b7 9ac0      	SBI  0x18,0
                 ; 0000 00C2 PORTB.1=1;
0000b8 9ac1      	SBI  0x18,1
                 ; 0000 00C3 PORTB.2=1;
0000b9 9ac2      	SBI  0x18,2
                 ; 0000 00C4 DDRD.0=1;
0000ba 9a88      	SBI  0x11,0
                 ; 0000 00C5 DDRD.1=1;
0000bb 9a89      	SBI  0x11,1
                 ; 0000 00C6 x=2;
0000bc e002      	LDI  R16,LOW(2)
                 ; 0000 00C7 whichSlave=0;
                +
0000bd e040     +LDI R20 , LOW ( 0 )
0000be e050     +LDI R21 , HIGH ( 0 )
                 	__GETWRN 20,21,0
                 ; 0000 00C8 DDRB.0=1;
0000bf 9ab8      	SBI  0x17,0
                 ; 0000 00C9 PORTB.0=1;
0000c0 9ac0      	SBI  0x18,0
                 ; 0000 00CA while (1)
                 _0x21:
                 ; 0000 00CB       {
                 ; 0000 00CC 
                 ; 0000 00CD 
                 ; 0000 00CE          if(whichSlave==0){
0000c1 2e04      	MOV  R0,R20
0000c2 2a05      	OR   R0,R21
0000c3 f411      	BRNE _0x24
                 ; 0000 00CF                PORTB.0=0;
0000c4 98c0      	CBI  0x18,0
                 ; 0000 00D0         }else{
0000c5 c00d      	RJMP _0x27
                 _0x24:
                 ; 0000 00D1             if(whichSlave==1){
0000c6 e0e1      	LDI  R30,LOW(1)
0000c7 e0f0      	LDI  R31,HIGH(1)
0000c8 17e4      	CP   R30,R20
0000c9 07f5      	CPC  R31,R21
0000ca f411      	BRNE _0x28
                 ; 0000 00D2                 PORTB.1=0;
0000cb 98c1      	CBI  0x18,1
                 ; 0000 00D3             }else{
0000cc c006      	RJMP _0x2B
                 _0x28:
                 ; 0000 00D4                 if(whichSlave==2){
0000cd e0e2      	LDI  R30,LOW(2)
0000ce e0f0      	LDI  R31,HIGH(2)
0000cf 17e4      	CP   R30,R20
0000d0 07f5      	CPC  R31,R21
0000d1 f409      	BRNE _0x2C
                 ; 0000 00D5                    PORTB.2=0;
0000d2 98c2      	CBI  0x18,2
                 ; 0000 00D6                 }
                 ; 0000 00D7             }
                 _0x2C:
                 _0x2B:
                 ; 0000 00D8         }
                 _0x27:
                 ; 0000 00D9         delay_ms(200);
0000d3 eca8      	LDI  R26,LOW(200)
0000d4 e0b0      	LDI  R27,0
0000d5 940e 03ac 	CALL _delay_ms
                 ; 0000 00DA         data = 0x00;                    //Reset ACK in "data"
0000d7 e010      	LDI  R17,LOW(0)
                 ; 0000 00DB         data = spi_tranceiver(x);
0000d8 2fa0      	MOV  R26,R16
0000d9 df9b      	RCALL _spi_tranceiver
0000da 2f1e      	MOV  R17,R30
                 ; 0000 00DC         lcd_clear();
0000db d075      	RCALL _lcd_clear
                 ; 0000 00DD         sprintf(lcd_show,"MasterTransmit %d to %d Ack:%d",x,whichSlave,data);
0000dc 01fe      	MOVW R30,R28
0000dd 93fa      	ST   -Y,R31
0000de 93ea      	ST   -Y,R30
                +
0000df e6e6     +LDI R30 , LOW ( 2 * _0x0 + ( 0 ) )
0000e0 e0f0     +LDI R31 , HIGH ( 2 * _0x0 + ( 0 ) )
                 	__POINTW1FN _0x0,0
0000e1 93fa      	ST   -Y,R31
0000e2 93ea      	ST   -Y,R30
0000e3 2fe0      	MOV  R30,R16
0000e4 27ff      	CLR  R31
0000e5 2766      	CLR  R22
0000e6 2777      	CLR  R23
0000e7 940e 03cb 	CALL __PUTPARD1
0000e9 01fa      	MOVW R30,R20
0000ea 940e 03be 	CALL __CWD1
0000ec 940e 03cb 	CALL __PUTPARD1
0000ee 2fe1      	MOV  R30,R17
0000ef 27ff      	CLR  R31
0000f0 2766      	CLR  R22
0000f1 2777      	CLR  R23
0000f2 940e 03cb 	CALL __PUTPARD1
0000f4 e08c      	LDI  R24,12
0000f5 940e 0325 	CALL _sprintf
0000f7 9660      	ADIW R28,16
                 ; 0000 00DE         lcd_puts(lcd_show);
0000f8 01de      	MOVW R26,R28
0000f9 d078      	RCALL _lcd_puts
                 ; 0000 00DF         PORTD.0=1;
0000fa 9a90      	SBI  0x12,0
                 ; 0000 00E0         delay_ms(100);
0000fb e6a4      	LDI  R26,LOW(100)
0000fc e0b0      	LDI  R27,0
0000fd 940e 03ac 	CALL _delay_ms
                 ; 0000 00E1         PORTD.0=0;
0000ff 9890      	CBI  0x12,0
                 ; 0000 00E2         if(whichSlave==0){
000100 2e04      	MOV  R0,R20
000101 2a05      	OR   R0,R21
000102 f411      	BRNE _0x33
                 ; 0000 00E3                PORTB.0=1;
000103 9ac0      	SBI  0x18,0
                 ; 0000 00E4         }else{
000104 c00d      	RJMP _0x36
                 _0x33:
                 ; 0000 00E5             if(whichSlave==1){
000105 e0e1      	LDI  R30,LOW(1)
000106 e0f0      	LDI  R31,HIGH(1)
000107 17e4      	CP   R30,R20
000108 07f5      	CPC  R31,R21
000109 f411      	BRNE _0x37
                 ; 0000 00E6                 PORTB.1=1;
00010a 9ac1      	SBI  0x18,1
                 ; 0000 00E7             }else{
00010b c006      	RJMP _0x3A
                 _0x37:
                 ; 0000 00E8                 if(whichSlave==2){
00010c e0e2      	LDI  R30,LOW(2)
00010d e0f0      	LDI  R31,HIGH(2)
00010e 17e4      	CP   R30,R20
00010f 07f5      	CPC  R31,R21
000110 f409      	BRNE _0x3B
                 ; 0000 00E9                    PORTB.2=1;
000111 9ac2      	SBI  0x18,2
                 ; 0000 00EA                 }
                 ; 0000 00EB             }
                 _0x3B:
                 _0x3A:
                 ; 0000 00EC         }
                 _0x36:
                 ; 0000 00ED         if(data==ACK){
000112 1731      	CP   R19,R17
000113 f419      	BRNE _0x3E
                 ; 0000 00EE             x++;
000114 5f0f      	SUBI R16,-1
                 ; 0000 00EF             whichSlave++;
                +
000115 5f4f     +SUBI R20 , LOW ( - 1 )
000116 4f5f     +SBCI R21 , HIGH ( - 1 )
                 	__ADDWRN 20,21,1
                 ; 0000 00F0         }
                 ; 0000 00F1 
                 ; 0000 00F2         if(whichSlave==3){
                 _0x3E:
000117 e0e3      	LDI  R30,LOW(3)
000118 e0f0      	LDI  R31,HIGH(3)
000119 17e4      	CP   R30,R20
00011a 07f5      	CPC  R31,R21
00011b f411      	BRNE _0x3F
                 ; 0000 00F3             whichSlave=0;
                +
00011c e040     +LDI R20 , LOW ( 0 )
00011d e050     +LDI R21 , HIGH ( 0 )
                 	__GETWRN 20,21,0
                 ; 0000 00F4         }
                 ; 0000 00F5         delay_ms(200);
                 _0x3F:
00011e eca8      	LDI  R26,LOW(200)
00011f e0b0      	LDI  R27,0
000120 940e 03ac 	CALL _delay_ms
                 ; 0000 00F6 
                 ; 0000 00F7       }
000122 cf9e      	RJMP _0x21
                 ; 0000 00F8 }
                 _0x40:
000123 cfff      	RJMP _0x40
                 ; .FEND
                 ;
                 ;/*
                 ;        delay_ms(500);
                 ;        if(whichSlave==0){
                 ;               PORTB.0=1;
                 ;        }else{
                 ;            if(whichSlave==1){
                 ;                PORTB.1=1;
                 ;            }else{
                 ;                if(whichSlave==2){
                 ;                   PORTB.2=1;
                 ;                }
                 ;            }
                 ;        }
                 ;        delay_ms(500);
                 ;
                 ;        if(whichSlave==3){
                 ;            whichSlave=0;
                 ;        }
                 ;
                 ;              delay_ms(500);
                 ;        data = 0x00;                    //Reset ACK in "data"
                 ;        data = spi_tranceiver(x);
                 ;        if(data==ACK){
                 ;          x++;
                 ;          whichSlave++;
                 ;        }else{
                 ;
                 ;        }
                 ;
                 ;
                 ;      // Place your code here
                 ;        if(whichSlave==0){
                 ;               PORTB.0=0;
                 ;        }else{
                 ;            if(whichSlave==1){
                 ;                PORTB.1=0;
                 ;            }else{
                 ;                if(whichSlave==2){
                 ;                   PORTB.2=0;
                 ;                }
                 ;            }
                 ;        }
                 ;
                 ;*/
                 	#ifndef __SLEEP_DEFINED__
                 	#endif
                 
                 	.DSEG
                 
                 	.CSEG
                 __lcd_write_nibble_G100:
                 ; .FSTART __lcd_write_nibble_G100
000124 93aa      	ST   -Y,R26
000125 b3eb      	IN   R30,0x1B
000126 70ef      	ANDI R30,LOW(0xF)
000127 2fae      	MOV  R26,R30
000128 81e8      	LD   R30,Y
000129 7fe0      	ANDI R30,LOW(0xF0)
00012a 2bea      	OR   R30,R26
00012b bbeb      	OUT  0x1B,R30
                +
00012c e08d     +LDI R24 , LOW ( 13 )
                +__DELAY_USB_LOOP :
00012d 958a     +DEC R24
00012e f7f1     +BRNE __DELAY_USB_LOOP
                 	__DELAY_USB 13
00012f 9ada      	SBI  0x1B,2
                +
000130 e08d     +LDI R24 , LOW ( 13 )
                +__DELAY_USB_LOOP :
000131 958a     +DEC R24
000132 f7f1     +BRNE __DELAY_USB_LOOP
                 	__DELAY_USB 13
000133 98da      	CBI  0x1B,2
                +
000134 e08d     +LDI R24 , LOW ( 13 )
                +__DELAY_USB_LOOP :
000135 958a     +DEC R24
000136 f7f1     +BRNE __DELAY_USB_LOOP
                 	__DELAY_USB 13
000137 c077      	RJMP _0x20A0002
                 ; .FEND
                 __lcd_write_data:
                 ; .FSTART __lcd_write_data
000138 93aa      	ST   -Y,R26
000139 81a8      	LD   R26,Y
00013a dfe9      	RCALL __lcd_write_nibble_G100
00013b 81e8          ld    r30,y
00013c 95e2          swap  r30
00013d 83e8          st    y,r30
00013e 81a8      	LD   R26,Y
00013f dfe4      	RCALL __lcd_write_nibble_G100
                +
000140 e885     +LDI R24 , LOW ( 133 )
                +__DELAY_USB_LOOP :
000141 958a     +DEC R24
000142 f7f1     +BRNE __DELAY_USB_LOOP
                 	__DELAY_USB 133
000143 c06b      	RJMP _0x20A0002
                 ; .FEND
                 _lcd_gotoxy:
                 ; .FSTART _lcd_gotoxy
000144 93aa      	ST   -Y,R26
000145 81e8      	LD   R30,Y
000146 e0f0      	LDI  R31,0
000147 5ae0      	SUBI R30,LOW(-__base_y_G100)
000148 4ffd      	SBCI R31,HIGH(-__base_y_G100)
000149 81e0      	LD   R30,Z
00014a 81a9      	LDD  R26,Y+1
00014b 0fae      	ADD  R26,R30
00014c dfeb      	RCALL __lcd_write_data
00014d 8059      	LDD  R5,Y+1
00014e 8048      	LDD  R4,Y+0
00014f 9622      	ADIW R28,2
000150 9508      	RET
                 ; .FEND
                 _lcd_clear:
                 ; .FSTART _lcd_clear
000151 e0a2      	LDI  R26,LOW(2)
000152 940e 0372 	CALL SUBOPT_0x0
000154 e0ac      	LDI  R26,LOW(12)
000155 dfe2      	RCALL __lcd_write_data
000156 e0a1      	LDI  R26,LOW(1)
000157 940e 0372 	CALL SUBOPT_0x0
000159 e0e0      	LDI  R30,LOW(0)
00015a 2e4e      	MOV  R4,R30
00015b 2e5e      	MOV  R5,R30
00015c 9508      	RET
                 ; .FEND
                 _lcd_putchar:
                 ; .FSTART _lcd_putchar
00015d 93aa      	ST   -Y,R26
00015e 81a8      	LD   R26,Y
00015f 30aa      	CPI  R26,LOW(0xA)
000160 f011      	BREQ _0x2000005
000161 1457      	CP   R5,R7
000162 f048      	BRLO _0x2000004
                 _0x2000005:
000163 e0e0      	LDI  R30,LOW(0)
000164 93ea      	ST   -Y,R30
000165 9443      	INC  R4
000166 2da4      	MOV  R26,R4
000167 dfdc      	RCALL _lcd_gotoxy
000168 81a8      	LD   R26,Y
000169 30aa      	CPI  R26,LOW(0xA)
00016a f409      	BRNE _0x2000007
00016b c043      	RJMP _0x20A0002
                 _0x2000007:
                 _0x2000004:
00016c 9453      	INC  R5
00016d 9ad8      	SBI  0x1B,0
00016e 81a8      	LD   R26,Y
00016f dfc8      	RCALL __lcd_write_data
000170 98d8      	CBI  0x1B,0
000171 c03d      	RJMP _0x20A0002
                 ; .FEND
                 _lcd_puts:
                 ; .FSTART _lcd_puts
000172 93ba      	ST   -Y,R27
000173 93aa      	ST   -Y,R26
000174 931a      	ST   -Y,R17
                 _0x2000008:
000175 81a9      	LDD  R26,Y+1
000176 81ba      	LDD  R27,Y+1+1
000177 91ed      	LD   R30,X+
000178 83a9      	STD  Y+1,R26
000179 83ba      	STD  Y+1+1,R27
00017a 2f1e      	MOV  R17,R30
00017b 30e0      	CPI  R30,0
00017c f019      	BREQ _0x200000A
00017d 2fa1      	MOV  R26,R17
00017e dfde      	RCALL _lcd_putchar
00017f cff5      	RJMP _0x2000008
                 _0x200000A:
000180 8118      	LDD  R17,Y+0
000181 9623      	ADIW R28,3
000182 9508      	RET
                 ; .FEND
                 _lcd_init:
                 ; .FSTART _lcd_init
000183 93aa      	ST   -Y,R26
000184 b3ea      	IN   R30,0x1A
000185 6fe0      	ORI  R30,LOW(0xF0)
000186 bbea      	OUT  0x1A,R30
000187 9ad2      	SBI  0x1A,2
000188 9ad0      	SBI  0x1A,0
000189 9ad1      	SBI  0x1A,1
00018a 98da      	CBI  0x1B,2
00018b 98d8      	CBI  0x1B,0
00018c 98d9      	CBI  0x1B,1
00018d 8078      	LDD  R7,Y+0
00018e 81e8      	LD   R30,Y
00018f 58e0      	SUBI R30,-LOW(128)
                +
000190 93e0 0262+STS __base_y_G100 + ( 2 ) , R30
                 	__PUTB1MN __base_y_G100,2
000192 81e8      	LD   R30,Y
000193 54e0      	SUBI R30,-LOW(192)
                +
000194 93e0 0263+STS __base_y_G100 + ( 3 ) , R30
                 	__PUTB1MN __base_y_G100,3
000196 e1a4      	LDI  R26,LOW(20)
000197 e0b0      	LDI  R27,0
000198 940e 03ac 	CALL _delay_ms
00019a 940e 0378 	CALL SUBOPT_0x1
00019c 940e 0378 	CALL SUBOPT_0x1
00019e 940e 0378 	CALL SUBOPT_0x1
0001a0 e2a0      	LDI  R26,LOW(32)
0001a1 df82      	RCALL __lcd_write_nibble_G100
                +
0001a2 ec88     +LDI R24 , LOW ( 200 )
0001a3 e090     +LDI R25 , HIGH ( 200 )
                +__DELAY_USW_LOOP :
0001a4 9701     +SBIW R24 , 1
0001a5 f7f1     +BRNE __DELAY_USW_LOOP
                 	__DELAY_USW 200
0001a6 e2a8      	LDI  R26,LOW(40)
0001a7 df90      	RCALL __lcd_write_data
0001a8 e0a4      	LDI  R26,LOW(4)
0001a9 df8e      	RCALL __lcd_write_data
0001aa e8a5      	LDI  R26,LOW(133)
0001ab df8c      	RCALL __lcd_write_data
0001ac e0a6      	LDI  R26,LOW(6)
0001ad df8a      	RCALL __lcd_write_data
0001ae dfa2      	RCALL _lcd_clear
                 _0x20A0002:
0001af 9621      	ADIW R28,1
0001b0 9508      	RET
                 ; .FEND
                 	#ifndef __SLEEP_DEFINED__
                 	#endif
                 
                 	.CSEG
                 	#ifndef __SLEEP_DEFINED__
                 	#endif
                 
                 	.CSEG
                 _put_buff_G102:
                 ; .FSTART _put_buff_G102
0001b1 93ba      	ST   -Y,R27
0001b2 93aa      	ST   -Y,R26
0001b3 931a      	ST   -Y,R17
0001b4 930a      	ST   -Y,R16
0001b5 81aa      	LDD  R26,Y+2
0001b6 81bb      	LDD  R27,Y+2+1
0001b7 9612      	ADIW R26,2
0001b8 940e 03c3 	CALL __GETW1P
0001ba 9730      	SBIW R30,0
0001bb f159      	BREQ _0x2040010
0001bc 81aa      	LDD  R26,Y+2
0001bd 81bb      	LDD  R27,Y+2+1
0001be 9614      	ADIW R26,4
0001bf 940e 03c3 	CALL __GETW1P
0001c1 018f      	MOVW R16,R30
0001c2 9730      	SBIW R30,0
0001c3 f061      	BREQ _0x2040012
                +
0001c4 3002     +CPI R16 , LOW ( 2 )
0001c5 e0e0     +LDI R30 , HIGH ( 2 )
0001c6 071e     +CPC R17 , R30
                 	__CPWRN 16,17,2
0001c7 f098      	BRLO _0x2040013
0001c8 01f8      	MOVW R30,R16
0001c9 9731      	SBIW R30,1
0001ca 018f      	MOVW R16,R30
                +
0001cb 81aa     +LDD R26 , Y + 2
0001cc 81bb     +LDD R27 , Y + 2 + 1
0001cd 9614     +ADIW R26 , 4
0001ce 93ed     +ST X + , R30
0001cf 93fc     +ST X , R31
                 	__PUTW1SNS 2,4
                 _0x2040012:
0001d0 81aa      	LDD  R26,Y+2
0001d1 81bb      	LDD  R27,Y+2+1
0001d2 9612      	ADIW R26,2
0001d3 91ed      	LD   R30,X+
0001d4 91fd      	LD   R31,X+
0001d5 9631      	ADIW R30,1
0001d6 93fe      	ST   -X,R31
0001d7 93ee      	ST   -X,R30
0001d8 9731      	SBIW R30,1
0001d9 81ac      	LDD  R26,Y+4
0001da 83a0      	STD  Z+0,R26
                 _0x2040013:
0001db 81aa      	LDD  R26,Y+2
0001dc 81bb      	LDD  R27,Y+2+1
0001dd 940e 03c3 	CALL __GETW1P
0001df 23ff      	TST  R31
0001e0 f02a      	BRMI _0x2040014
0001e1 91ed      	LD   R30,X+
0001e2 91fd      	LD   R31,X+
0001e3 9631      	ADIW R30,1
0001e4 93fe      	ST   -X,R31
0001e5 93ee      	ST   -X,R30
                 _0x2040014:
0001e6 c006      	RJMP _0x2040015
                 _0x2040010:
0001e7 81aa      	LDD  R26,Y+2
0001e8 81bb      	LDD  R27,Y+2+1
0001e9 efef      	LDI  R30,LOW(65535)
0001ea efff      	LDI  R31,HIGH(65535)
0001eb 93ed      	ST   X+,R30
0001ec 93fc      	ST   X,R31
                 _0x2040015:
0001ed 8119      	LDD  R17,Y+1
0001ee 8108      	LDD  R16,Y+0
0001ef 9625      	ADIW R28,5
0001f0 9508      	RET
                 ; .FEND
                 __print_G102:
                 ; .FSTART __print_G102
0001f1 93ba      	ST   -Y,R27
0001f2 93aa      	ST   -Y,R26
0001f3 9726      	SBIW R28,6
0001f4 940e 03d0 	CALL __SAVELOCR6
0001f6 e010      	LDI  R17,0
0001f7 85ac      	LDD  R26,Y+12
0001f8 85bd      	LDD  R27,Y+12+1
0001f9 e0e0      	LDI  R30,LOW(0)
0001fa e0f0      	LDI  R31,HIGH(0)
0001fb 93ed      	ST   X+,R30
0001fc 93fc      	ST   X,R31
                 _0x2040016:
0001fd 89ea      	LDD  R30,Y+18
0001fe 89fb      	LDD  R31,Y+18+1
0001ff 9631      	ADIW R30,1
000200 8bea      	STD  Y+18,R30
000201 8bfb      	STD  Y+18+1,R31
000202 9731      	SBIW R30,1
000203 91e4      	LPM  R30,Z
000204 2f2e      	MOV  R18,R30
000205 30e0      	CPI  R30,0
000206 f409      	BRNE PC+2
000207 c115      	RJMP _0x2040018
000208 2fe1      	MOV  R30,R17
000209 30e0      	CPI  R30,0
00020a f439      	BRNE _0x204001C
00020b 3225      	CPI  R18,37
00020c f411      	BRNE _0x204001D
00020d e011      	LDI  R17,LOW(1)
00020e c002      	RJMP _0x204001E
                 _0x204001D:
00020f 940e 0380 	CALL SUBOPT_0x2
                 _0x204001E:
000211 c10a      	RJMP _0x204001B
                 _0x204001C:
000212 30e1      	CPI  R30,LOW(0x1)
000213 f4a9      	BRNE _0x204001F
000214 3225      	CPI  R18,37
000215 f419      	BRNE _0x2040020
000216 940e 0380 	CALL SUBOPT_0x2
000218 c102      	RJMP _0x20400CC
                 _0x2040020:
000219 e012      	LDI  R17,LOW(2)
00021a e040      	LDI  R20,LOW(0)
00021b e000      	LDI  R16,LOW(0)
00021c 322d      	CPI  R18,45
00021d f411      	BRNE _0x2040021
00021e e001      	LDI  R16,LOW(1)
00021f c0fc      	RJMP _0x204001B
                 _0x2040021:
000220 322b      	CPI  R18,43
000221 f411      	BRNE _0x2040022
000222 e24b      	LDI  R20,LOW(43)
000223 c0f8      	RJMP _0x204001B
                 _0x2040022:
000224 3220      	CPI  R18,32
000225 f411      	BRNE _0x2040023
000226 e240      	LDI  R20,LOW(32)
000227 c0f4      	RJMP _0x204001B
                 _0x2040023:
000228 c002      	RJMP _0x2040024
                 _0x204001F:
000229 30e2      	CPI  R30,LOW(0x2)
00022a f439      	BRNE _0x2040025
                 _0x2040024:
00022b e050      	LDI  R21,LOW(0)
00022c e013      	LDI  R17,LOW(3)
00022d 3320      	CPI  R18,48
00022e f411      	BRNE _0x2040026
00022f 6800      	ORI  R16,LOW(128)
000230 c0eb      	RJMP _0x204001B
                 _0x2040026:
000231 c003      	RJMP _0x2040027
                 _0x2040025:
000232 30e3      	CPI  R30,LOW(0x3)
000233 f009      	BREQ PC+2
000234 c0e7      	RJMP _0x204001B
                 _0x2040027:
000235 3320      	CPI  R18,48
000236 f010      	BRLO _0x204002A
000237 332a      	CPI  R18,58
000238 f008      	BRLO _0x204002B
                 _0x204002A:
000239 c007      	RJMP _0x2040029
                 _0x204002B:
00023a e0aa      	LDI  R26,LOW(10)
00023b 9f5a      	MUL  R21,R26
00023c 2d50      	MOV  R21,R0
00023d 2fe2      	MOV  R30,R18
00023e 53e0      	SUBI R30,LOW(48)
00023f 0f5e      	ADD  R21,R30
000240 c0db      	RJMP _0x204001B
                 _0x2040029:
000241 2fe2      	MOV  R30,R18
000242 36e3      	CPI  R30,LOW(0x63)
000243 f449      	BRNE _0x204002F
000244 940e 0387 	CALL SUBOPT_0x3
000246 89e8      	LDD  R30,Y+16
000247 89f9      	LDD  R31,Y+16+1
000248 81a4      	LDD  R26,Z+4
000249 93aa      	ST   -Y,R26
00024a 940e 038d 	CALL SUBOPT_0x4
00024c c0ce      	RJMP _0x2040030
                 _0x204002F:
00024d 37e3      	CPI  R30,LOW(0x73)
00024e f441      	BRNE _0x2040032
00024f 940e 0387 	CALL SUBOPT_0x3
000251 940e 0393 	CALL SUBOPT_0x5
000253 940e 0359 	CALL _strlen
000255 2f1e      	MOV  R17,R30
000256 c00a      	RJMP _0x2040033
                 _0x2040032:
000257 37e0      	CPI  R30,LOW(0x70)
000258 f461      	BRNE _0x2040035
000259 940e 0387 	CALL SUBOPT_0x3
00025b 940e 0393 	CALL SUBOPT_0x5
00025d 940e 0365 	CALL _strlenf
00025f 2f1e      	MOV  R17,R30
000260 6008      	ORI  R16,LOW(8)
                 _0x2040033:
000261 6002      	ORI  R16,LOW(2)
000262 770f      	ANDI R16,LOW(127)
000263 e030      	LDI  R19,LOW(0)
000264 c034      	RJMP _0x2040036
                 _0x2040035:
000265 36e4      	CPI  R30,LOW(0x64)
000266 f011      	BREQ _0x2040039
000267 36e9      	CPI  R30,LOW(0x69)
000268 f411      	BRNE _0x204003A
                 _0x2040039:
000269 6004      	ORI  R16,LOW(4)
00026a c002      	RJMP _0x204003B
                 _0x204003A:
00026b 37e5      	CPI  R30,LOW(0x75)
00026c f431      	BRNE _0x204003C
                 _0x204003B:
00026d e5e4      	LDI  R30,LOW(_tbl10_G102*2)
00026e e0f0      	LDI  R31,HIGH(_tbl10_G102*2)
00026f 83ee      	STD  Y+6,R30
000270 83ff      	STD  Y+6+1,R31
000271 e015      	LDI  R17,LOW(5)
000272 c00c      	RJMP _0x204003D
                 _0x204003C:
000273 35e8      	CPI  R30,LOW(0x58)
000274 f411      	BRNE _0x204003F
000275 6008      	ORI  R16,LOW(8)
000276 c003      	RJMP _0x2040040
                 _0x204003F:
000277 37e8      	CPI  R30,LOW(0x78)
000278 f009      	BREQ PC+2
000279 c0a1      	RJMP _0x2040071
                 _0x2040040:
00027a e5ee      	LDI  R30,LOW(_tbl16_G102*2)
00027b e0f0      	LDI  R31,HIGH(_tbl16_G102*2)
00027c 83ee      	STD  Y+6,R30
00027d 83ff      	STD  Y+6+1,R31
00027e e014      	LDI  R17,LOW(4)
                 _0x204003D:
00027f ff02      	SBRS R16,2
000280 c014      	RJMP _0x2040042
000281 940e 0387 	CALL SUBOPT_0x3
000283 940e 039d 	CALL SUBOPT_0x6
000285 85ab      	LDD  R26,Y+11
000286 23aa      	TST  R26
000287 f43a      	BRPL _0x2040043
000288 85ea      	LDD  R30,Y+10
000289 85fb      	LDD  R31,Y+10+1
00028a 940e 03ba 	CALL __ANEGW1
00028c 87ea      	STD  Y+10,R30
00028d 87fb      	STD  Y+10+1,R31
00028e e24d      	LDI  R20,LOW(45)
                 _0x2040043:
00028f 3040      	CPI  R20,0
000290 f011      	BREQ _0x2040044
000291 5f1f      	SUBI R17,-LOW(1)
000292 c001      	RJMP _0x2040045
                 _0x2040044:
000293 7f0b      	ANDI R16,LOW(251)
                 _0x2040045:
000294 c004      	RJMP _0x2040046
                 _0x2040042:
000295 940e 0387 	CALL SUBOPT_0x3
000297 940e 039d 	CALL SUBOPT_0x6
                 _0x2040046:
                 _0x2040036:
000299 fd00      	SBRC R16,0
00029a c011      	RJMP _0x2040047
                 _0x2040048:
00029b 1715      	CP   R17,R21
00029c f478      	BRSH _0x204004A
00029d ff07      	SBRS R16,7
00029e c008      	RJMP _0x204004B
00029f ff02      	SBRS R16,2
0002a0 c004      	RJMP _0x204004C
0002a1 7f0b      	ANDI R16,LOW(251)
0002a2 2f24      	MOV  R18,R20
0002a3 5011      	SUBI R17,LOW(1)
0002a4 c001      	RJMP _0x204004D
                 _0x204004C:
0002a5 e320      	LDI  R18,LOW(48)
                 _0x204004D:
0002a6 c001      	RJMP _0x204004E
                 _0x204004B:
0002a7 e220      	LDI  R18,LOW(32)
                 _0x204004E:
0002a8 940e 0380 	CALL SUBOPT_0x2
0002aa 5051      	SUBI R21,LOW(1)
0002ab cfef      	RJMP _0x2040048
                 _0x204004A:
                 _0x2040047:
0002ac 2f31      	MOV  R19,R17
0002ad ff01      	SBRS R16,1
0002ae c017      	RJMP _0x204004F
                 _0x2040050:
0002af 3030      	CPI  R19,0
0002b0 f0a1      	BREQ _0x2040052
0002b1 ff03      	SBRS R16,3
0002b2 c006      	RJMP _0x2040053
0002b3 81ee      	LDD  R30,Y+6
0002b4 81ff      	LDD  R31,Y+6+1
0002b5 9125      	LPM  R18,Z+
0002b6 83ee      	STD  Y+6,R30
0002b7 83ff      	STD  Y+6+1,R31
0002b8 c005      	RJMP _0x2040054
                 _0x2040053:
0002b9 81ae      	LDD  R26,Y+6
0002ba 81bf      	LDD  R27,Y+6+1
0002bb 912d      	LD   R18,X+
0002bc 83ae      	STD  Y+6,R26
0002bd 83bf      	STD  Y+6+1,R27
                 _0x2040054:
0002be 940e 0380 	CALL SUBOPT_0x2
0002c0 3050      	CPI  R21,0
0002c1 f009      	BREQ _0x2040055
0002c2 5051      	SUBI R21,LOW(1)
                 _0x2040055:
0002c3 5031      	SUBI R19,LOW(1)
0002c4 cfea      	RJMP _0x2040050
                 _0x2040052:
0002c5 c04b      	RJMP _0x2040056
                 _0x204004F:
                 _0x2040058:
0002c6 e320      	LDI  R18,LOW(48)
0002c7 81ee      	LDD  R30,Y+6
0002c8 81ff      	LDD  R31,Y+6+1
0002c9 940e 03c7 	CALL __GETW1PF
0002cb 87e8      	STD  Y+8,R30
0002cc 87f9      	STD  Y+8+1,R31
0002cd 81ee      	LDD  R30,Y+6
0002ce 81ff      	LDD  R31,Y+6+1
0002cf 9632      	ADIW R30,2
0002d0 83ee      	STD  Y+6,R30
0002d1 83ff      	STD  Y+6+1,R31
                 _0x204005A:
0002d2 85e8      	LDD  R30,Y+8
0002d3 85f9      	LDD  R31,Y+8+1
0002d4 85aa      	LDD  R26,Y+10
0002d5 85bb      	LDD  R27,Y+10+1
0002d6 17ae      	CP   R26,R30
0002d7 07bf      	CPC  R27,R31
0002d8 f050      	BRLO _0x204005C
0002d9 5f2f      	SUBI R18,-LOW(1)
0002da 85a8      	LDD  R26,Y+8
0002db 85b9      	LDD  R27,Y+8+1
0002dc 85ea      	LDD  R30,Y+10
0002dd 85fb      	LDD  R31,Y+10+1
0002de 1bea      	SUB  R30,R26
0002df 0bfb      	SBC  R31,R27
0002e0 87ea      	STD  Y+10,R30
0002e1 87fb      	STD  Y+10+1,R31
0002e2 cfef      	RJMP _0x204005A
                 _0x204005C:
0002e3 332a      	CPI  R18,58
0002e4 f028      	BRLO _0x204005D
0002e5 ff03      	SBRS R16,3
0002e6 c002      	RJMP _0x204005E
0002e7 5f29      	SUBI R18,-LOW(7)
0002e8 c001      	RJMP _0x204005F
                 _0x204005E:
0002e9 5d29      	SUBI R18,-LOW(39)
                 _0x204005F:
                 _0x204005D:
0002ea fd04      	SBRC R16,4
0002eb c01a      	RJMP _0x2040061
0002ec 3321      	CPI  R18,49
0002ed f420      	BRSH _0x2040063
0002ee 85a8      	LDD  R26,Y+8
0002ef 85b9      	LDD  R27,Y+8+1
0002f0 9711      	SBIW R26,1
0002f1 f409      	BRNE _0x2040062
                 _0x2040063:
0002f2 c009      	RJMP _0x20400CD
                 _0x2040062:
0002f3 1753      	CP   R21,R19
0002f4 f010      	BRLO _0x2040067
0002f5 ff00      	SBRS R16,0
0002f6 c001      	RJMP _0x2040068
                 _0x2040067:
0002f7 c013      	RJMP _0x2040066
                 _0x2040068:
0002f8 e220      	LDI  R18,LOW(32)
0002f9 ff07      	SBRS R16,7
0002fa c00b      	RJMP _0x2040069
0002fb e320      	LDI  R18,LOW(48)
                 _0x20400CD:
0002fc 6100      	ORI  R16,LOW(16)
0002fd ff02      	SBRS R16,2
0002fe c007      	RJMP _0x204006A
0002ff 7f0b      	ANDI R16,LOW(251)
000300 934a      	ST   -Y,R20
000301 940e 038d 	CALL SUBOPT_0x4
000303 3050      	CPI  R21,0
000304 f009      	BREQ _0x204006B
000305 5051      	SUBI R21,LOW(1)
                 _0x204006B:
                 _0x204006A:
                 _0x2040069:
                 _0x2040061:
000306 940e 0380 	CALL SUBOPT_0x2
000308 3050      	CPI  R21,0
000309 f009      	BREQ _0x204006C
00030a 5051      	SUBI R21,LOW(1)
                 _0x204006C:
                 _0x2040066:
00030b 5031      	SUBI R19,LOW(1)
00030c 85a8      	LDD  R26,Y+8
00030d 85b9      	LDD  R27,Y+8+1
00030e 9712      	SBIW R26,2
00030f f008      	BRLO _0x2040059
000310 cfb5      	RJMP _0x2040058
                 _0x2040059:
                 _0x2040056:
000311 ff00      	SBRS R16,0
000312 c008      	RJMP _0x204006D
                 _0x204006E:
000313 3050      	CPI  R21,0
000314 f031      	BREQ _0x2040070
000315 5051      	SUBI R21,LOW(1)
000316 e2e0      	LDI  R30,LOW(32)
000317 93ea      	ST   -Y,R30
000318 940e 038d 	CALL SUBOPT_0x4
00031a cff8      	RJMP _0x204006E
                 _0x2040070:
                 _0x204006D:
                 _0x2040071:
                 _0x2040030:
                 _0x20400CC:
00031b e010      	LDI  R17,LOW(0)
                 _0x204001B:
00031c cee0      	RJMP _0x2040016
                 _0x2040018:
00031d 85ac      	LDD  R26,Y+12
00031e 85bd      	LDD  R27,Y+12+1
00031f 940e 03c3 	CALL __GETW1P
000321 940e 03d7 	CALL __LOADLOCR6
000323 9664      	ADIW R28,20
000324 9508      	RET
                 ; .FEND
                 _sprintf:
                 ; .FSTART _sprintf
000325 92ff      	PUSH R15
000326 2ef8      	MOV  R15,R24
000327 9726      	SBIW R28,6
000328 940e 03d2 	CALL __SAVELOCR4
00032a 940e 03a5 	CALL SUBOPT_0x7
00032c 9730      	SBIW R30,0
00032d f419      	BRNE _0x2040072
00032e efef      	LDI  R30,LOW(65535)
00032f efff      	LDI  R31,HIGH(65535)
000330 c023      	RJMP _0x20A0001
                 _0x2040072:
000331 01de      	MOVW R26,R28
000332 9616      	ADIW R26,6
000333 940e 03b6 	CALL __ADDW2R15
000335 018d      	MOVW R16,R26
000336 940e 03a5 	CALL SUBOPT_0x7
000338 83ee      	STD  Y+6,R30
000339 83ff      	STD  Y+6+1,R31
00033a e0e0      	LDI  R30,LOW(0)
00033b 87e8      	STD  Y+8,R30
00033c 87e9      	STD  Y+8+1,R30
00033d 01de      	MOVW R26,R28
00033e 961a      	ADIW R26,10
00033f 940e 03b6 	CALL __ADDW2R15
000341 940e 03c3 	CALL __GETW1P
000343 93fa      	ST   -Y,R31
000344 93ea      	ST   -Y,R30
000345 931a      	ST   -Y,R17
000346 930a      	ST   -Y,R16
000347 ebe1      	LDI  R30,LOW(_put_buff_G102)
000348 e0f1      	LDI  R31,HIGH(_put_buff_G102)
000349 93fa      	ST   -Y,R31
00034a 93ea      	ST   -Y,R30
00034b 01de      	MOVW R26,R28
00034c 961a      	ADIW R26,10
00034d dea3      	RCALL __print_G102
00034e 019f      	MOVW R18,R30
00034f 81ae      	LDD  R26,Y+6
000350 81bf      	LDD  R27,Y+6+1
000351 e0e0      	LDI  R30,LOW(0)
000352 93ec      	ST   X,R30
000353 01f9      	MOVW R30,R18
                 _0x20A0001:
000354 940e 03d9 	CALL __LOADLOCR4
000356 962a      	ADIW R28,10
000357 90ff      	POP  R15
000358 9508      	RET
                 ; .FEND
                 
                 	.CSEG
                 
                 	.CSEG
                 _strlen:
                 ; .FSTART _strlen
000359 93ba      	ST   -Y,R27
00035a 93aa      	ST   -Y,R26
00035b 91a9          ld   r26,y+
00035c 91b9          ld   r27,y+
00035d 27ee          clr  r30
00035e 27ff          clr  r31
                 strlen0:
00035f 916d          ld   r22,x+
000360 2366          tst  r22
000361 f011          breq strlen1
000362 9631          adiw r30,1
000363 cffb          rjmp strlen0
                 strlen1:
000364 9508          ret
                 ; .FEND
                 _strlenf:
                 ; .FSTART _strlenf
000365 93ba      	ST   -Y,R27
000366 93aa      	ST   -Y,R26
000367 27aa          clr  r26
000368 27bb          clr  r27
000369 91e9          ld   r30,y+
00036a 91f9          ld   r31,y+
                 strlenf0:
00036b 9005      	lpm  r0,z+
00036c 2000          tst  r0
00036d f011          breq strlenf1
00036e 9611          adiw r26,1
00036f cffb          rjmp strlenf0
                 strlenf1:
000370 01fd          movw r30,r26
000371 9508          ret
                 ; .FEND
                 
                 	.DSEG
                 __base_y_G100:
000260           	.BYTE 0x4
                 
                 	.CSEG
                 ;OPTIMIZER ADDED SUBROUTINE, CALLED 2 TIMES, CODE SIZE REDUCTION:1 WORDS
                 SUBOPT_0x0:
000372 940e 0138 	CALL __lcd_write_data
000374 e0a3      	LDI  R26,LOW(3)
000375 e0b0      	LDI  R27,0
000376 940c 03ac 	JMP  _delay_ms
                 
                 ;OPTIMIZER ADDED SUBROUTINE, CALLED 3 TIMES, CODE SIZE REDUCTION:7 WORDS
                 SUBOPT_0x1:
000378 e3a0      	LDI  R26,LOW(48)
000379 940e 0124 	CALL __lcd_write_nibble_G100
                +
00037b ec88     +LDI R24 , LOW ( 200 )
00037c e090     +LDI R25 , HIGH ( 200 )
                +__DELAY_USW_LOOP :
00037d 9701     +SBIW R24 , 1
00037e f7f1     +BRNE __DELAY_USW_LOOP
                 	__DELAY_USW 200
00037f 9508      	RET
                 
                 ;OPTIMIZER ADDED SUBROUTINE, CALLED 5 TIMES, CODE SIZE REDUCTION:13 WORDS
                 SUBOPT_0x2:
000380 932a      	ST   -Y,R18
000381 85ad      	LDD  R26,Y+13
000382 85be      	LDD  R27,Y+13+1
000383 85ef      	LDD  R30,Y+15
000384 89f8      	LDD  R31,Y+15+1
000385 9509      	ICALL
000386 9508      	RET
                 
                 ;OPTIMIZER ADDED SUBROUTINE, CALLED 5 TIMES, CODE SIZE REDUCTION:9 WORDS
                 SUBOPT_0x3:
000387 89e8      	LDD  R30,Y+16
000388 89f9      	LDD  R31,Y+16+1
000389 9734      	SBIW R30,4
00038a 8be8      	STD  Y+16,R30
00038b 8bf9      	STD  Y+16+1,R31
00038c 9508      	RET
                 
                 ;OPTIMIZER ADDED SUBROUTINE, CALLED 3 TIMES, CODE SIZE REDUCTION:3 WORDS
                 SUBOPT_0x4:
00038d 85ad      	LDD  R26,Y+13
00038e 85be      	LDD  R27,Y+13+1
00038f 85ef      	LDD  R30,Y+15
000390 89f8      	LDD  R31,Y+15+1
000391 9509      	ICALL
000392 9508      	RET
                 
                 ;OPTIMIZER ADDED SUBROUTINE, CALLED 2 TIMES, CODE SIZE REDUCTION:4 WORDS
                 SUBOPT_0x5:
000393 89a8      	LDD  R26,Y+16
000394 89b9      	LDD  R27,Y+16+1
000395 9614      	ADIW R26,4
000396 940e 03c3 	CALL __GETW1P
000398 83ee      	STD  Y+6,R30
000399 83ff      	STD  Y+6+1,R31
00039a 81ae      	LDD  R26,Y+6
00039b 81bf      	LDD  R27,Y+6+1
00039c 9508      	RET
                 
                 ;OPTIMIZER ADDED SUBROUTINE, CALLED 2 TIMES, CODE SIZE REDUCTION:2 WORDS
                 SUBOPT_0x6:
00039d 89a8      	LDD  R26,Y+16
00039e 89b9      	LDD  R27,Y+16+1
00039f 9614      	ADIW R26,4
0003a0 940e 03c3 	CALL __GETW1P
0003a2 87ea      	STD  Y+10,R30
0003a3 87fb      	STD  Y+10+1,R31
0003a4 9508      	RET
                 
                 ;OPTIMIZER ADDED SUBROUTINE, CALLED 2 TIMES, CODE SIZE REDUCTION:1 WORDS
                 SUBOPT_0x7:
0003a5 01de      	MOVW R26,R28
0003a6 961c      	ADIW R26,12
0003a7 940e 03b6 	CALL __ADDW2R15
0003a9 940e 03c3 	CALL __GETW1P
0003ab 9508      	RET
                 
                 
                 	.CSEG
                 _delay_ms:
0003ac 9610      	adiw r26,0
0003ad f039      	breq __delay_ms1
                 __delay_ms0:
                +
0003ae ed80     +LDI R24 , LOW ( 0x7D0 )
0003af e097     +LDI R25 , HIGH ( 0x7D0 )
                +__DELAY_USW_LOOP :
0003b0 9701     +SBIW R24 , 1
0003b1 f7f1     +BRNE __DELAY_USW_LOOP
                 	__DELAY_USW 0x7D0
0003b2 95a8      	wdr
0003b3 9711      	sbiw r26,1
0003b4 f7c9      	brne __delay_ms0
                 __delay_ms1:
0003b5 9508      	ret
                 
                 __ADDW2R15:
0003b6 2400      	CLR  R0
0003b7 0daf      	ADD  R26,R15
0003b8 1db0      	ADC  R27,R0
0003b9 9508      	RET
                 
                 __ANEGW1:
0003ba 95f1      	NEG  R31
0003bb 95e1      	NEG  R30
0003bc 40f0      	SBCI R31,0
0003bd 9508      	RET
                 
                 __CWD1:
0003be 2f6f      	MOV  R22,R31
0003bf 0f66      	ADD  R22,R22
0003c0 0b66      	SBC  R22,R22
0003c1 2f76      	MOV  R23,R22
0003c2 9508      	RET
                 
                 __GETW1P:
0003c3 91ed      	LD   R30,X+
0003c4 91fc      	LD   R31,X
0003c5 9711      	SBIW R26,1
0003c6 9508      	RET
                 
                 __GETW1PF:
0003c7 9005      	LPM  R0,Z+
0003c8 91f4      	LPM  R31,Z
0003c9 2de0      	MOV  R30,R0
0003ca 9508      	RET
                 
                 __PUTPARD1:
0003cb 937a      	ST   -Y,R23
0003cc 936a      	ST   -Y,R22
0003cd 93fa      	ST   -Y,R31
0003ce 93ea      	ST   -Y,R30
0003cf 9508      	RET
                 
                 __SAVELOCR6:
0003d0 935a      	ST   -Y,R21
                 __SAVELOCR5:
0003d1 934a      	ST   -Y,R20
                 __SAVELOCR4:
0003d2 933a      	ST   -Y,R19
                 __SAVELOCR3:
0003d3 932a      	ST   -Y,R18
                 __SAVELOCR2:
0003d4 931a      	ST   -Y,R17
0003d5 930a      	ST   -Y,R16
0003d6 9508      	RET
                 
                 __LOADLOCR6:
0003d7 815d      	LDD  R21,Y+5
                 __LOADLOCR5:
0003d8 814c      	LDD  R20,Y+4
                 __LOADLOCR4:
0003d9 813b      	LDD  R19,Y+3
                 __LOADLOCR3:
0003da 812a      	LDD  R18,Y+2
                 __LOADLOCR2:
0003db 8119      	LDD  R17,Y+1
0003dc 8108      	LD   R16,Y
0003dd 9508      	RET
                 
                 ;END OF CODE MARKER
                 __END_OF_CODE:


RESOURCE USE INFORMATION
------------------------

Notice:
The register and instruction counts are symbol table hit counts,
and hence implicitly used resources are not counted, eg, the
'lpm' instruction without operands implicitly uses r0 and z,
none of which are counted.

x,y,z are separate entities in the symbol table and are
counted separately from r26..r31 here.

.dseg memory usage only counts static data declared with .byte

ATmega32 register use summary:
r0 :  15 r1 :   1 r2 :   0 r3 :   0 r4 :   4 r5 :   4 r6 :   0 r7 :   2 
r8 :   0 r9 :   0 r10:   0 r11:   0 r12:   0 r13:   0 r14:   0 r15:   4 
r16:  39 r17:  28 r18:  29 r19:  10 r20:  21 r21:  28 r22:  13 r23:   4 
r24:  23 r25:   5 r26: 102 r27:  40 r28:  17 r29:   1 r30: 203 r31:  69 
x  :  23 y  : 167 z  :  15 
Registers used: 25 out of 35 (71.4%)

ATmega32 instruction use summary:
.lds  :   0 .lds.l:   0 .sts  :   0 .sts.l:   0 adc   :   1 add   :   4 
adiw  :  24 and   :   0 andi  :   6 asr   :   0 bclr  :   0 bld   :   0 
brbc  :   0 brbs  :   0 brcc  :   0 brcs  :   0 break :   0 breq  :  17 
brge  :   0 brhc  :   0 brhs  :   0 brid  :   0 brie  :   0 brlo  :   8 
brlt  :   0 brmi  :   1 brne  :  38 brpl  :   1 brsh  :   2 brtc  :   0 
brts  :   0 brvc  :   0 brvs  :   0 bset  :   0 bst   :   0 call  :  55 
cbi   :  10 cbr   :   0 clc   :   0 clh   :   0 cli   :   1 cln   :   0 
clr   :  13 cls   :   0 clt   :   0 clv   :   0 clz   :   0 com   :   0 
cp    :  10 cpc   :   7 cpi   :  33 cpse  :   0 dec   :   5 des   :   0 
eor   :   0 fmul  :   0 fmuls :   0 fmulsu:   0 icall :   2 ijmp  :   0 
in    :   3 inc   :   2 jmp   :  23 ld    :  26 ldd   :  77 ldi   : 114 
lds   :   0 lpm   :  14 lsl   :   0 lsr   :   0 mov   :  25 movw  :  17 
mul   :   1 muls  :   0 mulsu :   0 neg   :   2 nop   :   0 or    :   3 
ori   :   7 out   :  44 pop   :   1 push  :   1 rcall :  18 ret   :  25 
reti  :   0 rjmp  :  66 rol   :   0 ror   :   0 sbc   :   2 sbci  :   3 
sbi   :  20 sbic  :   1 sbis  :   0 sbiw  :  20 sbr   :   0 sbrc  :   2 
sbrs  :  10 sec   :   0 seh   :   0 sei   :   0 sen   :   0 ser   :   0 
ses   :   0 set   :   0 sev   :   0 sez   :   0 sleep :   0 spm   :   0 
st    :  59 std   :  31 sts   :   2 sub   :   1 subi  :  18 swap  :   1 
tst   :   4 wdr   :   1 
Instructions used: 53 out of 116 (45.7%)

ATmega32 memory use summary [bytes]:
Segment   Begin    End      Code   Data   Used    Size   Use%
---------------------------------------------------------------
[.cseg] 0x000000 0x0007bc   1920     60   1980   32768   6.0%
[.dseg] 0x000060 0x000264      0      4      4    2048   0.2%
[.eseg] 0x000000 0x000000      0      0      0    1024   0.0%

Assembly complete, 0 errors, 4 warnings
