
AVRASM ver. 2.1.30  D:\university\7term\micro_graderi\project\spi\maste\Debug\List\master.asm Fri Jan 25 06:20:16 2019

D:\university\7term\micro_graderi\project\spi\maste\Debug\List\master.asm(1088): warning: Register r5 already defined by the .DEF directive
D:\university\7term\micro_graderi\project\spi\maste\Debug\List\master.asm(1089): warning: Register r4 already defined by the .DEF directive
D:\university\7term\micro_graderi\project\spi\maste\Debug\List\master.asm(1090): warning: Register r7 already defined by the .DEF directive
                 
                 
                 ;CodeVisionAVR C Compiler V3.12 Advanced
                 ;(C) Copyright 1998-2014 Pavel Haiduc, HP InfoTech s.r.l.
                 ;http://www.hpinfotech.com
                 
                 ;Build configuration    : Debug
                 ;Chip type              : ATmega32
                 ;Program type           : Application
                 ;Clock frequency        : 8.000000 MHz
                 ;Memory model           : Small
                 ;Optimize for           : Size
                 ;(s)printf features     : int, width
                 ;(s)scanf features      : int, width
                 ;External RAM size      : 0
                 ;Data Stack size        : 512 byte(s)
                 ;Heap size              : 0 byte(s)
                 ;Promote 'char' to 'int': Yes
                 ;'char' is unsigned     : Yes
                 ;8 bit enums            : Yes
                 ;Global 'const' stored in FLASH: Yes
                 ;Enhanced function parameter passing: Yes
                 ;Enhanced core instructions: On
                 ;Automatic register allocation for global variables: On
                 ;Smart register allocation: On
                 
                 	#define _MODEL_SMALL_
                 
                 	#pragma AVRPART ADMIN PART_NAME ATmega32
                 	#pragma AVRPART MEMORY PROG_FLASH 32768
                 	#pragma AVRPART MEMORY EEPROM 1024
                 	#pragma AVRPART MEMORY INT_SRAM SIZE 2048
                 	#pragma AVRPART MEMORY INT_SRAM START_ADDR 0x60
                 
                 	#define CALL_SUPPORTED 1
                 
                 	.LISTMAC
                 	.EQU UDRE=0x5
                 	.EQU RXC=0x7
                 	.EQU USR=0xB
                 	.EQU UDR=0xC
                 	.EQU SPSR=0xE
                 	.EQU SPDR=0xF
                 	.EQU EERE=0x0
                 	.EQU EEWE=0x1
                 	.EQU EEMWE=0x2
                 	.EQU EECR=0x1C
                 	.EQU EEDR=0x1D
                 	.EQU EEARL=0x1E
                 	.EQU EEARH=0x1F
                 	.EQU WDTCR=0x21
                 	.EQU MCUCR=0x35
                 	.EQU GICR=0x3B
                 	.EQU SPL=0x3D
                 	.EQU SPH=0x3E
                 	.EQU SREG=0x3F
                 
                 	.DEF R0X0=R0
                 	.DEF R0X1=R1
                 	.DEF R0X2=R2
                 	.DEF R0X3=R3
                 	.DEF R0X4=R4
                 	.DEF R0X5=R5
                 	.DEF R0X6=R6
                 	.DEF R0X7=R7
                 	.DEF R0X8=R8
                 	.DEF R0X9=R9
                 	.DEF R0XA=R10
                 	.DEF R0XB=R11
                 	.DEF R0XC=R12
                 	.DEF R0XD=R13
                 	.DEF R0XE=R14
                 	.DEF R0XF=R15
                 	.DEF R0X10=R16
                 	.DEF R0X11=R17
                 	.DEF R0X12=R18
                 	.DEF R0X13=R19
                 	.DEF R0X14=R20
                 	.DEF R0X15=R21
                 	.DEF R0X16=R22
                 	.DEF R0X17=R23
                 	.DEF R0X18=R24
                 	.DEF R0X19=R25
                 	.DEF R0X1A=R26
                 	.DEF R0X1B=R27
                 	.DEF R0X1C=R28
                 	.DEF R0X1D=R29
                 	.DEF R0X1E=R30
                 	.DEF R0X1F=R31
                 
                 	.EQU __SRAM_START=0x0060
                 	.EQU __SRAM_END=0x085F
                 	.EQU __DSTACK_SIZE=0x0200
                 	.EQU __HEAP_SIZE=0x0000
                 	.EQU __CLEAR_SRAM_SIZE=__SRAM_END-__SRAM_START+1
                 
                 	.MACRO __CPD1N
                 	CPI  R30,LOW(@0)
                 	LDI  R26,HIGH(@0)
                 	CPC  R31,R26
                 	LDI  R26,BYTE3(@0)
                 	CPC  R22,R26
                 	LDI  R26,BYTE4(@0)
                 	CPC  R23,R26
                 	.ENDM
                 
                 	.MACRO __CPD2N
                 	CPI  R26,LOW(@0)
                 	LDI  R30,HIGH(@0)
                 	CPC  R27,R30
                 	LDI  R30,BYTE3(@0)
                 	CPC  R24,R30
                 	LDI  R30,BYTE4(@0)
                 	CPC  R25,R30
                 	.ENDM
                 
                 	.MACRO __CPWRR
                 	CP   R@0,R@2
                 	CPC  R@1,R@3
                 	.ENDM
                 
                 	.MACRO __CPWRN
                 	CPI  R@0,LOW(@2)
                 	LDI  R30,HIGH(@2)
                 	CPC  R@1,R30
                 	.ENDM
                 
                 	.MACRO __ADDB1MN
                 	SUBI R30,LOW(-@0-(@1))
                 	.ENDM
                 
                 	.MACRO __ADDB2MN
                 	SUBI R26,LOW(-@0-(@1))
                 	.ENDM
                 
                 	.MACRO __ADDW1MN
                 	SUBI R30,LOW(-@0-(@1))
                 	SBCI R31,HIGH(-@0-(@1))
                 	.ENDM
                 
                 	.MACRO __ADDW2MN
                 	SUBI R26,LOW(-@0-(@1))
                 	SBCI R27,HIGH(-@0-(@1))
                 	.ENDM
                 
                 	.MACRO __ADDW1FN
                 	SUBI R30,LOW(-2*@0-(@1))
                 	SBCI R31,HIGH(-2*@0-(@1))
                 	.ENDM
                 
                 	.MACRO __ADDD1FN
                 	SUBI R30,LOW(-2*@0-(@1))
                 	SBCI R31,HIGH(-2*@0-(@1))
                 	SBCI R22,BYTE3(-2*@0-(@1))
                 	.ENDM
                 
                 	.MACRO __ADDD1N
                 	SUBI R30,LOW(-@0)
                 	SBCI R31,HIGH(-@0)
                 	SBCI R22,BYTE3(-@0)
                 	SBCI R23,BYTE4(-@0)
                 	.ENDM
                 
                 	.MACRO __ADDD2N
                 	SUBI R26,LOW(-@0)
                 	SBCI R27,HIGH(-@0)
                 	SBCI R24,BYTE3(-@0)
                 	SBCI R25,BYTE4(-@0)
                 	.ENDM
                 
                 	.MACRO __SUBD1N
                 	SUBI R30,LOW(@0)
                 	SBCI R31,HIGH(@0)
                 	SBCI R22,BYTE3(@0)
                 	SBCI R23,BYTE4(@0)
                 	.ENDM
                 
                 	.MACRO __SUBD2N
                 	SUBI R26,LOW(@0)
                 	SBCI R27,HIGH(@0)
                 	SBCI R24,BYTE3(@0)
                 	SBCI R25,BYTE4(@0)
                 	.ENDM
                 
                 	.MACRO __ANDBMNN
                 	LDS  R30,@0+(@1)
                 	ANDI R30,LOW(@2)
                 	STS  @0+(@1),R30
                 	.ENDM
                 
                 	.MACRO __ANDWMNN
                 	LDS  R30,@0+(@1)
                 	ANDI R30,LOW(@2)
                 	STS  @0+(@1),R30
                 	LDS  R30,@0+(@1)+1
                 	ANDI R30,HIGH(@2)
                 	STS  @0+(@1)+1,R30
                 	.ENDM
                 
                 	.MACRO __ANDD1N
                 	ANDI R30,LOW(@0)
                 	ANDI R31,HIGH(@0)
                 	ANDI R22,BYTE3(@0)
                 	ANDI R23,BYTE4(@0)
                 	.ENDM
                 
                 	.MACRO __ANDD2N
                 	ANDI R26,LOW(@0)
                 	ANDI R27,HIGH(@0)
                 	ANDI R24,BYTE3(@0)
                 	ANDI R25,BYTE4(@0)
                 	.ENDM
                 
                 	.MACRO __ORBMNN
                 	LDS  R30,@0+(@1)
                 	ORI  R30,LOW(@2)
                 	STS  @0+(@1),R30
                 	.ENDM
                 
                 	.MACRO __ORWMNN
                 	LDS  R30,@0+(@1)
                 	ORI  R30,LOW(@2)
                 	STS  @0+(@1),R30
                 	LDS  R30,@0+(@1)+1
                 	ORI  R30,HIGH(@2)
                 	STS  @0+(@1)+1,R30
                 	.ENDM
                 
                 	.MACRO __ORD1N
                 	ORI  R30,LOW(@0)
                 	ORI  R31,HIGH(@0)
                 	ORI  R22,BYTE3(@0)
                 	ORI  R23,BYTE4(@0)
                 	.ENDM
                 
                 	.MACRO __ORD2N
                 	ORI  R26,LOW(@0)
                 	ORI  R27,HIGH(@0)
                 	ORI  R24,BYTE3(@0)
                 	ORI  R25,BYTE4(@0)
                 	.ENDM
                 
                 	.MACRO __DELAY_USB
                 	LDI  R24,LOW(@0)
                 __DELAY_USB_LOOP:
                 	DEC  R24
                 	BRNE __DELAY_USB_LOOP
                 	.ENDM
                 
                 	.MACRO __DELAY_USW
                 	LDI  R24,LOW(@0)
                 	LDI  R25,HIGH(@0)
                 __DELAY_USW_LOOP:
                 	SBIW R24,1
                 	BRNE __DELAY_USW_LOOP
                 	.ENDM
                 
                 	.MACRO __GETD1S
                 	LDD  R30,Y+@0
                 	LDD  R31,Y+@0+1
                 	LDD  R22,Y+@0+2
                 	LDD  R23,Y+@0+3
                 	.ENDM
                 
                 	.MACRO __GETD2S
                 	LDD  R26,Y+@0
                 	LDD  R27,Y+@0+1
                 	LDD  R24,Y+@0+2
                 	LDD  R25,Y+@0+3
                 	.ENDM
                 
                 	.MACRO __PUTD1S
                 	STD  Y+@0,R30
                 	STD  Y+@0+1,R31
                 	STD  Y+@0+2,R22
                 	STD  Y+@0+3,R23
                 	.ENDM
                 
                 	.MACRO __PUTD2S
                 	STD  Y+@0,R26
                 	STD  Y+@0+1,R27
                 	STD  Y+@0+2,R24
                 	STD  Y+@0+3,R25
                 	.ENDM
                 
                 	.MACRO __PUTDZ2
                 	STD  Z+@0,R26
                 	STD  Z+@0+1,R27
                 	STD  Z+@0+2,R24
                 	STD  Z+@0+3,R25
                 	.ENDM
                 
                 	.MACRO __CLRD1S
                 	STD  Y+@0,R30
                 	STD  Y+@0+1,R30
                 	STD  Y+@0+2,R30
                 	STD  Y+@0+3,R30
                 	.ENDM
                 
                 	.MACRO __POINTB1MN
                 	LDI  R30,LOW(@0+(@1))
                 	.ENDM
                 
                 	.MACRO __POINTW1MN
                 	LDI  R30,LOW(@0+(@1))
                 	LDI  R31,HIGH(@0+(@1))
                 	.ENDM
                 
                 	.MACRO __POINTD1M
                 	LDI  R30,LOW(@0)
                 	LDI  R31,HIGH(@0)
                 	LDI  R22,BYTE3(@0)
                 	LDI  R23,BYTE4(@0)
                 	.ENDM
                 
                 	.MACRO __POINTW1FN
                 	LDI  R30,LOW(2*@0+(@1))
                 	LDI  R31,HIGH(2*@0+(@1))
                 	.ENDM
                 
                 	.MACRO __POINTD1FN
                 	LDI  R30,LOW(2*@0+(@1))
                 	LDI  R31,HIGH(2*@0+(@1))
                 	LDI  R22,BYTE3(2*@0+(@1))
                 	LDI  R23,BYTE4(2*@0+(@1))
                 	.ENDM
                 
                 	.MACRO __POINTB2MN
                 	LDI  R26,LOW(@0+(@1))
                 	.ENDM
                 
                 	.MACRO __POINTW2MN
                 	LDI  R26,LOW(@0+(@1))
                 	LDI  R27,HIGH(@0+(@1))
                 	.ENDM
                 
                 	.MACRO __POINTW2FN
                 	LDI  R26,LOW(2*@0+(@1))
                 	LDI  R27,HIGH(2*@0+(@1))
                 	.ENDM
                 
                 	.MACRO __POINTD2FN
                 	LDI  R26,LOW(2*@0+(@1))
                 	LDI  R27,HIGH(2*@0+(@1))
                 	LDI  R24,BYTE3(2*@0+(@1))
                 	LDI  R25,BYTE4(2*@0+(@1))
                 	.ENDM
                 
                 	.MACRO __POINTBRM
                 	LDI  R@0,LOW(@1)
                 	.ENDM
                 
                 	.MACRO __POINTWRM
                 	LDI  R@0,LOW(@2)
                 	LDI  R@1,HIGH(@2)
                 	.ENDM
                 
                 	.MACRO __POINTBRMN
                 	LDI  R@0,LOW(@1+(@2))
                 	.ENDM
                 
                 	.MACRO __POINTWRMN
                 	LDI  R@0,LOW(@2+(@3))
                 	LDI  R@1,HIGH(@2+(@3))
                 	.ENDM
                 
                 	.MACRO __POINTWRFN
                 	LDI  R@0,LOW(@2*2+(@3))
                 	LDI  R@1,HIGH(@2*2+(@3))
                 	.ENDM
                 
                 	.MACRO __GETD1N
                 	LDI  R30,LOW(@0)
                 	LDI  R31,HIGH(@0)
                 	LDI  R22,BYTE3(@0)
                 	LDI  R23,BYTE4(@0)
                 	.ENDM
                 
                 	.MACRO __GETD2N
                 	LDI  R26,LOW(@0)
                 	LDI  R27,HIGH(@0)
                 	LDI  R24,BYTE3(@0)
                 	LDI  R25,BYTE4(@0)
                 	.ENDM
                 
                 	.MACRO __GETB1MN
                 	LDS  R30,@0+(@1)
                 	.ENDM
                 
                 	.MACRO __GETB1HMN
                 	LDS  R31,@0+(@1)
                 	.ENDM
                 
                 	.MACRO __GETW1MN
                 	LDS  R30,@0+(@1)
                 	LDS  R31,@0+(@1)+1
                 	.ENDM
                 
                 	.MACRO __GETD1MN
                 	LDS  R30,@0+(@1)
                 	LDS  R31,@0+(@1)+1
                 	LDS  R22,@0+(@1)+2
                 	LDS  R23,@0+(@1)+3
                 	.ENDM
                 
                 	.MACRO __GETBRMN
                 	LDS  R@0,@1+(@2)
                 	.ENDM
                 
                 	.MACRO __GETWRMN
                 	LDS  R@0,@2+(@3)
                 	LDS  R@1,@2+(@3)+1
                 	.ENDM
                 
                 	.MACRO __GETWRZ
                 	LDD  R@0,Z+@2
                 	LDD  R@1,Z+@2+1
                 	.ENDM
                 
                 	.MACRO __GETD2Z
                 	LDD  R26,Z+@0
                 	LDD  R27,Z+@0+1
                 	LDD  R24,Z+@0+2
                 	LDD  R25,Z+@0+3
                 	.ENDM
                 
                 	.MACRO __GETB2MN
                 	LDS  R26,@0+(@1)
                 	.ENDM
                 
                 	.MACRO __GETW2MN
                 	LDS  R26,@0+(@1)
                 	LDS  R27,@0+(@1)+1
                 	.ENDM
                 
                 	.MACRO __GETD2MN
                 	LDS  R26,@0+(@1)
                 	LDS  R27,@0+(@1)+1
                 	LDS  R24,@0+(@1)+2
                 	LDS  R25,@0+(@1)+3
                 	.ENDM
                 
                 	.MACRO __PUTB1MN
                 	STS  @0+(@1),R30
                 	.ENDM
                 
                 	.MACRO __PUTW1MN
                 	STS  @0+(@1),R30
                 	STS  @0+(@1)+1,R31
                 	.ENDM
                 
                 	.MACRO __PUTD1MN
                 	STS  @0+(@1),R30
                 	STS  @0+(@1)+1,R31
                 	STS  @0+(@1)+2,R22
                 	STS  @0+(@1)+3,R23
                 	.ENDM
                 
                 	.MACRO __PUTB1EN
                 	LDI  R26,LOW(@0+(@1))
                 	LDI  R27,HIGH(@0+(@1))
                 	CALL __EEPROMWRB
                 	.ENDM
                 
                 	.MACRO __PUTW1EN
                 	LDI  R26,LOW(@0+(@1))
                 	LDI  R27,HIGH(@0+(@1))
                 	CALL __EEPROMWRW
                 	.ENDM
                 
                 	.MACRO __PUTD1EN
                 	LDI  R26,LOW(@0+(@1))
                 	LDI  R27,HIGH(@0+(@1))
                 	CALL __EEPROMWRD
                 	.ENDM
                 
                 	.MACRO __PUTBR0MN
                 	STS  @0+(@1),R0
                 	.ENDM
                 
                 	.MACRO __PUTBMRN
                 	STS  @0+(@1),R@2
                 	.ENDM
                 
                 	.MACRO __PUTWMRN
                 	STS  @0+(@1),R@2
                 	STS  @0+(@1)+1,R@3
                 	.ENDM
                 
                 	.MACRO __PUTBZR
                 	STD  Z+@1,R@0
                 	.ENDM
                 
                 	.MACRO __PUTWZR
                 	STD  Z+@2,R@0
                 	STD  Z+@2+1,R@1
                 	.ENDM
                 
                 	.MACRO __GETW1R
                 	MOV  R30,R@0
                 	MOV  R31,R@1
                 	.ENDM
                 
                 	.MACRO __GETW2R
                 	MOV  R26,R@0
                 	MOV  R27,R@1
                 	.ENDM
                 
                 	.MACRO __GETWRN
                 	LDI  R@0,LOW(@2)
                 	LDI  R@1,HIGH(@2)
                 	.ENDM
                 
                 	.MACRO __PUTW1R
                 	MOV  R@0,R30
                 	MOV  R@1,R31
                 	.ENDM
                 
                 	.MACRO __PUTW2R
                 	MOV  R@0,R26
                 	MOV  R@1,R27
                 	.ENDM
                 
                 	.MACRO __ADDWRN
                 	SUBI R@0,LOW(-@2)
                 	SBCI R@1,HIGH(-@2)
                 	.ENDM
                 
                 	.MACRO __ADDWRR
                 	ADD  R@0,R@2
                 	ADC  R@1,R@3
                 	.ENDM
                 
                 	.MACRO __SUBWRN
                 	SUBI R@0,LOW(@2)
                 	SBCI R@1,HIGH(@2)
                 	.ENDM
                 
                 	.MACRO __SUBWRR
                 	SUB  R@0,R@2
                 	SBC  R@1,R@3
                 	.ENDM
                 
                 	.MACRO __ANDWRN
                 	ANDI R@0,LOW(@2)
                 	ANDI R@1,HIGH(@2)
                 	.ENDM
                 
                 	.MACRO __ANDWRR
                 	AND  R@0,R@2
                 	AND  R@1,R@3
                 	.ENDM
                 
                 	.MACRO __ORWRN
                 	ORI  R@0,LOW(@2)
                 	ORI  R@1,HIGH(@2)
                 	.ENDM
                 
                 	.MACRO __ORWRR
                 	OR   R@0,R@2
                 	OR   R@1,R@3
                 	.ENDM
                 
                 	.MACRO __EORWRR
                 	EOR  R@0,R@2
                 	EOR  R@1,R@3
                 	.ENDM
                 
                 	.MACRO __GETWRS
                 	LDD  R@0,Y+@2
                 	LDD  R@1,Y+@2+1
                 	.ENDM
                 
                 	.MACRO __PUTBSR
                 	STD  Y+@1,R@0
                 	.ENDM
                 
                 	.MACRO __PUTWSR
                 	STD  Y+@2,R@0
                 	STD  Y+@2+1,R@1
                 	.ENDM
                 
                 	.MACRO __MOVEWRR
                 	MOV  R@0,R@2
                 	MOV  R@1,R@3
                 	.ENDM
                 
                 	.MACRO __INWR
                 	IN   R@0,@2
                 	IN   R@1,@2+1
                 	.ENDM
                 
                 	.MACRO __OUTWR
                 	OUT  @2+1,R@1
                 	OUT  @2,R@0
                 	.ENDM
                 
                 	.MACRO __CALL1MN
                 	LDS  R30,@0+(@1)
                 	LDS  R31,@0+(@1)+1
                 	ICALL
                 	.ENDM
                 
                 	.MACRO __CALL1FN
                 	LDI  R30,LOW(2*@0+(@1))
                 	LDI  R31,HIGH(2*@0+(@1))
                 	CALL __GETW1PF
                 	ICALL
                 	.ENDM
                 
                 	.MACRO __CALL2EN
                 	PUSH R26
                 	PUSH R27
                 	LDI  R26,LOW(@0+(@1))
                 	LDI  R27,HIGH(@0+(@1))
                 	CALL __EEPROMRDW
                 	POP  R27
                 	POP  R26
                 	ICALL
                 	.ENDM
                 
                 	.MACRO __CALL2EX
                 	SUBI R26,LOW(-@0)
                 	SBCI R27,HIGH(-@0)
                 	CALL __EEPROMRDD
                 	ICALL
                 	.ENDM
                 
                 	.MACRO __GETW1STACK
                 	IN   R30,SPL
                 	IN   R31,SPH
                 	ADIW R30,@0+1
                 	LD   R0,Z+
                 	LD   R31,Z
                 	MOV  R30,R0
                 	.ENDM
                 
                 	.MACRO __GETD1STACK
                 	IN   R30,SPL
                 	IN   R31,SPH
                 	ADIW R30,@0+1
                 	LD   R0,Z+
                 	LD   R1,Z+
                 	LD   R22,Z
                 	MOVW R30,R0
                 	.ENDM
                 
                 	.MACRO __NBST
                 	BST  R@0,@1
                 	IN   R30,SREG
                 	LDI  R31,0x40
                 	EOR  R30,R31
                 	OUT  SREG,R30
                 	.ENDM
                 
                 
                 	.MACRO __PUTB1SN
                 	LDD  R26,Y+@0
                 	LDD  R27,Y+@0+1
                 	SUBI R26,LOW(-@1)
                 	SBCI R27,HIGH(-@1)
                 	ST   X,R30
                 	.ENDM
                 
                 	.MACRO __PUTW1SN
                 	LDD  R26,Y+@0
                 	LDD  R27,Y+@0+1
                 	SUBI R26,LOW(-@1)
                 	SBCI R27,HIGH(-@1)
                 	ST   X+,R30
                 	ST   X,R31
                 	.ENDM
                 
                 	.MACRO __PUTD1SN
                 	LDD  R26,Y+@0
                 	LDD  R27,Y+@0+1
                 	SUBI R26,LOW(-@1)
                 	SBCI R27,HIGH(-@1)
                 	CALL __PUTDP1
                 	.ENDM
                 
                 	.MACRO __PUTB1SNS
                 	LDD  R26,Y+@0
                 	LDD  R27,Y+@0+1
                 	ADIW R26,@1
                 	ST   X,R30
                 	.ENDM
                 
                 	.MACRO __PUTW1SNS
                 	LDD  R26,Y+@0
                 	LDD  R27,Y+@0+1
                 	ADIW R26,@1
                 	ST   X+,R30
                 	ST   X,R31
                 	.ENDM
                 
                 	.MACRO __PUTD1SNS
                 	LDD  R26,Y+@0
                 	LDD  R27,Y+@0+1
                 	ADIW R26,@1
                 	CALL __PUTDP1
                 	.ENDM
                 
                 	.MACRO __PUTB1PMN
                 	LDS  R26,@0
                 	LDS  R27,@0+1
                 	SUBI R26,LOW(-@1)
                 	SBCI R27,HIGH(-@1)
                 	ST   X,R30
                 	.ENDM
                 
                 	.MACRO __PUTW1PMN
                 	LDS  R26,@0
                 	LDS  R27,@0+1
                 	SUBI R26,LOW(-@1)
                 	SBCI R27,HIGH(-@1)
                 	ST   X+,R30
                 	ST   X,R31
                 	.ENDM
                 
                 	.MACRO __PUTD1PMN
                 	LDS  R26,@0
                 	LDS  R27,@0+1
                 	SUBI R26,LOW(-@1)
                 	SBCI R27,HIGH(-@1)
                 	CALL __PUTDP1
                 	.ENDM
                 
                 	.MACRO __PUTB1PMNS
                 	LDS  R26,@0
                 	LDS  R27,@0+1
                 	ADIW R26,@1
                 	ST   X,R30
                 	.ENDM
                 
                 	.MACRO __PUTW1PMNS
                 	LDS  R26,@0
                 	LDS  R27,@0+1
                 	ADIW R26,@1
                 	ST   X+,R30
                 	ST   X,R31
                 	.ENDM
                 
                 	.MACRO __PUTD1PMNS
                 	LDS  R26,@0
                 	LDS  R27,@0+1
                 	ADIW R26,@1
                 	CALL __PUTDP1
                 	.ENDM
                 
                 	.MACRO __PUTB1RN
                 	MOVW R26,R@0
                 	SUBI R26,LOW(-@1)
                 	SBCI R27,HIGH(-@1)
                 	ST   X,R30
                 	.ENDM
                 
                 	.MACRO __PUTW1RN
                 	MOVW R26,R@0
                 	SUBI R26,LOW(-@1)
                 	SBCI R27,HIGH(-@1)
                 	ST   X+,R30
                 	ST   X,R31
                 	.ENDM
                 
                 	.MACRO __PUTD1RN
                 	MOVW R26,R@0
                 	SUBI R26,LOW(-@1)
                 	SBCI R27,HIGH(-@1)
                 	CALL __PUTDP1
                 	.ENDM
                 
                 	.MACRO __PUTB1RNS
                 	MOVW R26,R@0
                 	ADIW R26,@1
                 	ST   X,R30
                 	.ENDM
                 
                 	.MACRO __PUTW1RNS
                 	MOVW R26,R@0
                 	ADIW R26,@1
                 	ST   X+,R30
                 	ST   X,R31
                 	.ENDM
                 
                 	.MACRO __PUTD1RNS
                 	MOVW R26,R@0
                 	ADIW R26,@1
                 	CALL __PUTDP1
                 	.ENDM
                 
                 	.MACRO __PUTB1RON
                 	MOV  R26,R@0
                 	MOV  R27,R@1
                 	SUBI R26,LOW(-@2)
                 	SBCI R27,HIGH(-@2)
                 	ST   X,R30
                 	.ENDM
                 
                 	.MACRO __PUTW1RON
                 	MOV  R26,R@0
                 	MOV  R27,R@1
                 	SUBI R26,LOW(-@2)
                 	SBCI R27,HIGH(-@2)
                 	ST   X+,R30
                 	ST   X,R31
                 	.ENDM
                 
                 	.MACRO __PUTD1RON
                 	MOV  R26,R@0
                 	MOV  R27,R@1
                 	SUBI R26,LOW(-@2)
                 	SBCI R27,HIGH(-@2)
                 	CALL __PUTDP1
                 	.ENDM
                 
                 	.MACRO __PUTB1RONS
                 	MOV  R26,R@0
                 	MOV  R27,R@1
                 	ADIW R26,@2
                 	ST   X,R30
                 	.ENDM
                 
                 	.MACRO __PUTW1RONS
                 	MOV  R26,R@0
                 	MOV  R27,R@1
                 	ADIW R26,@2
                 	ST   X+,R30
                 	ST   X,R31
                 	.ENDM
                 
                 	.MACRO __PUTD1RONS
                 	MOV  R26,R@0
                 	MOV  R27,R@1
                 	ADIW R26,@2
                 	CALL __PUTDP1
                 	.ENDM
                 
                 
                 	.MACRO __GETB1SX
                 	MOVW R30,R28
                 	SUBI R30,LOW(-@0)
                 	SBCI R31,HIGH(-@0)
                 	LD   R30,Z
                 	.ENDM
                 
                 	.MACRO __GETB1HSX
                 	MOVW R30,R28
                 	SUBI R30,LOW(-@0)
                 	SBCI R31,HIGH(-@0)
                 	LD   R31,Z
                 	.ENDM
                 
                 	.MACRO __GETW1SX
                 	MOVW R30,R28
                 	SUBI R30,LOW(-@0)
                 	SBCI R31,HIGH(-@0)
                 	LD   R0,Z+
                 	LD   R31,Z
                 	MOV  R30,R0
                 	.ENDM
                 
                 	.MACRO __GETD1SX
                 	MOVW R30,R28
                 	SUBI R30,LOW(-@0)
                 	SBCI R31,HIGH(-@0)
                 	LD   R0,Z+
                 	LD   R1,Z+
                 	LD   R22,Z+
                 	LD   R23,Z
                 	MOVW R30,R0
                 	.ENDM
                 
                 	.MACRO __GETB2SX
                 	MOVW R26,R28
                 	SUBI R26,LOW(-@0)
                 	SBCI R27,HIGH(-@0)
                 	LD   R26,X
                 	.ENDM
                 
                 	.MACRO __GETW2SX
                 	MOVW R26,R28
                 	SUBI R26,LOW(-@0)
                 	SBCI R27,HIGH(-@0)
                 	LD   R0,X+
                 	LD   R27,X
                 	MOV  R26,R0
                 	.ENDM
                 
                 	.MACRO __GETD2SX
                 	MOVW R26,R28
                 	SUBI R26,LOW(-@0)
                 	SBCI R27,HIGH(-@0)
                 	LD   R0,X+
                 	LD   R1,X+
                 	LD   R24,X+
                 	LD   R25,X
                 	MOVW R26,R0
                 	.ENDM
                 
                 	.MACRO __GETBRSX
                 	MOVW R30,R28
                 	SUBI R30,LOW(-@1)
                 	SBCI R31,HIGH(-@1)
                 	LD   R@0,Z
                 	.ENDM
                 
                 	.MACRO __GETWRSX
                 	MOVW R30,R28
                 	SUBI R30,LOW(-@2)
                 	SBCI R31,HIGH(-@2)
                 	LD   R@0,Z+
                 	LD   R@1,Z
                 	.ENDM
                 
                 	.MACRO __GETBRSX2
                 	MOVW R26,R28
                 	SUBI R26,LOW(-@1)
                 	SBCI R27,HIGH(-@1)
                 	LD   R@0,X
                 	.ENDM
                 
                 	.MACRO __GETWRSX2
                 	MOVW R26,R28
                 	SUBI R26,LOW(-@2)
                 	SBCI R27,HIGH(-@2)
                 	LD   R@0,X+
                 	LD   R@1,X
                 	.ENDM
                 
                 	.MACRO __LSLW8SX
                 	MOVW R30,R28
                 	SUBI R30,LOW(-@0)
                 	SBCI R31,HIGH(-@0)
                 	LD   R31,Z
                 	CLR  R30
                 	.ENDM
                 
                 	.MACRO __PUTB1SX
                 	MOVW R26,R28
                 	SUBI R26,LOW(-@0)
                 	SBCI R27,HIGH(-@0)
                 	ST   X,R30
                 	.ENDM
                 
                 	.MACRO __PUTW1SX
                 	MOVW R26,R28
                 	SUBI R26,LOW(-@0)
                 	SBCI R27,HIGH(-@0)
                 	ST   X+,R30
                 	ST   X,R31
                 	.ENDM
                 
                 	.MACRO __PUTD1SX
                 	MOVW R26,R28
                 	SUBI R26,LOW(-@0)
                 	SBCI R27,HIGH(-@0)
                 	ST   X+,R30
                 	ST   X+,R31
                 	ST   X+,R22
                 	ST   X,R23
                 	.ENDM
                 
                 	.MACRO __CLRW1SX
                 	MOVW R26,R28
                 	SUBI R26,LOW(-@0)
                 	SBCI R27,HIGH(-@0)
                 	ST   X+,R30
                 	ST   X,R30
                 	.ENDM
                 
                 	.MACRO __CLRD1SX
                 	MOVW R26,R28
                 	SUBI R26,LOW(-@0)
                 	SBCI R27,HIGH(-@0)
                 	ST   X+,R30
                 	ST   X+,R30
                 	ST   X+,R30
                 	ST   X,R30
                 	.ENDM
                 
                 	.MACRO __PUTB2SX
                 	MOVW R30,R28
                 	SUBI R30,LOW(-@0)
                 	SBCI R31,HIGH(-@0)
                 	ST   Z,R26
                 	.ENDM
                 
                 	.MACRO __PUTW2SX
                 	MOVW R30,R28
                 	SUBI R30,LOW(-@0)
                 	SBCI R31,HIGH(-@0)
                 	ST   Z+,R26
                 	ST   Z,R27
                 	.ENDM
                 
                 	.MACRO __PUTD2SX
                 	MOVW R30,R28
                 	SUBI R30,LOW(-@0)
                 	SBCI R31,HIGH(-@0)
                 	ST   Z+,R26
                 	ST   Z+,R27
                 	ST   Z+,R24
                 	ST   Z,R25
                 	.ENDM
                 
                 	.MACRO __PUTBSRX
                 	MOVW R30,R28
                 	SUBI R30,LOW(-@1)
                 	SBCI R31,HIGH(-@1)
                 	ST   Z,R@0
                 	.ENDM
                 
                 	.MACRO __PUTWSRX
                 	MOVW R30,R28
                 	SUBI R30,LOW(-@2)
                 	SBCI R31,HIGH(-@2)
                 	ST   Z+,R@0
                 	ST   Z,R@1
                 	.ENDM
                 
                 	.MACRO __PUTB1SNX
                 	MOVW R26,R28
                 	SUBI R26,LOW(-@0)
                 	SBCI R27,HIGH(-@0)
                 	LD   R0,X+
                 	LD   R27,X
                 	MOV  R26,R0
                 	SUBI R26,LOW(-@1)
                 	SBCI R27,HIGH(-@1)
                 	ST   X,R30
                 	.ENDM
                 
                 	.MACRO __PUTW1SNX
                 	MOVW R26,R28
                 	SUBI R26,LOW(-@0)
                 	SBCI R27,HIGH(-@0)
                 	LD   R0,X+
                 	LD   R27,X
                 	MOV  R26,R0
                 	SUBI R26,LOW(-@1)
                 	SBCI R27,HIGH(-@1)
                 	ST   X+,R30
                 	ST   X,R31
                 	.ENDM
                 
                 	.MACRO __PUTD1SNX
                 	MOVW R26,R28
                 	SUBI R26,LOW(-@0)
                 	SBCI R27,HIGH(-@0)
                 	LD   R0,X+
                 	LD   R27,X
                 	MOV  R26,R0
                 	SUBI R26,LOW(-@1)
                 	SBCI R27,HIGH(-@1)
                 	ST   X+,R30
                 	ST   X+,R31
                 	ST   X+,R22
                 	ST   X,R23
                 	.ENDM
                 
                 	.MACRO __MULBRR
                 	MULS R@0,R@1
                 	MOVW R30,R0
                 	.ENDM
                 
                 	.MACRO __MULBRRU
                 	MUL  R@0,R@1
                 	MOVW R30,R0
                 	.ENDM
                 
                 	.MACRO __MULBRR0
                 	MULS R@0,R@1
                 	.ENDM
                 
                 	.MACRO __MULBRRU0
                 	MUL  R@0,R@1
                 	.ENDM
                 
                 	.MACRO __MULBNWRU
                 	LDI  R26,@2
                 	MUL  R26,R@0
                 	MOVW R30,R0
                 	MUL  R26,R@1
                 	ADD  R31,R0
                 	.ENDM
                 
                 ;NAME DEFINITIONS FOR GLOBAL VARIABLES ALLOCATED TO REGISTERS
                 	.DEF __lcd_x=R5
                 	.DEF __lcd_y=R4
                 	.DEF __lcd_maxx=R7
                 
                 	.CSEG
                 	.ORG 0x00
                 
                 ;START OF CODE MARKER
                 __START_OF_CODE:
                 
                 ;INTERRUPT VECTORS
000000 940c 0048 	JMP  __RESET
000002 940c 0000 	JMP  0x00
000004 940c 0000 	JMP  0x00
000006 940c 0000 	JMP  0x00
000008 940c 0000 	JMP  0x00
00000a 940c 0000 	JMP  0x00
00000c 940c 0000 	JMP  0x00
00000e 940c 0000 	JMP  0x00
000010 940c 0000 	JMP  0x00
000012 940c 0000 	JMP  0x00
000014 940c 0000 	JMP  0x00
000016 940c 0000 	JMP  0x00
000018 940c 0000 	JMP  0x00
00001a 940c 0000 	JMP  0x00
00001c 940c 0000 	JMP  0x00
00001e 940c 0000 	JMP  0x00
000020 940c 0000 	JMP  0x00
000022 940c 0000 	JMP  0x00
000024 940c 0000 	JMP  0x00
000026 940c 0000 	JMP  0x00
000028 940c 0000 	JMP  0x00
                 
                 _tbl10_G102:
00002a 2710
00002b 03e8
00002c 0064
00002d 000a      	.DB  0x10,0x27,0xE8,0x3,0x64,0x0,0xA,0x0
00002e 0001      	.DB  0x1,0x0
                 _tbl16_G102:
00002f 1000
000030 0100
000031 0010
000032 0001      	.DB  0x0,0x10,0x0,0x1,0x10,0x0,0x1,0x0
                 
                 _0x0:
000033 3a54
000034 6425
000035 6420
000036 253a      	.DB  0x54,0x3A,0x25,0x64,0x20,0x64,0x3A,0x25
000037 2064
000038 3a72
000039 6425
00003a 000a      	.DB  0x64,0x20,0x72,0x3A,0x25,0x64,0xA,0x0
00003b 3a54
00003c 6425
00003d 6420
00003e 253a      	.DB  0x54,0x3A,0x25,0x64,0x20,0x64,0x3A,0x25
00003f 2064
000040 3a72
000041 6425
D:\university\7term\micro_graderi\project\spi\maste\Debug\List\master.asm(1131): warning: .cseg .db misalignment - padding zero byte
000042 0000      	.DB  0x64,0x20,0x72,0x3A,0x25,0x64,0x0
                 _0x2000003:
000043 c080      	.DB  0x80,0xC0
                 
                 __GLOBAL_INI_TBL:
000044 0002      	.DW  0x02
000045 0260      	.DW  __base_y_G100
000046 0086      	.DW  _0x2000003*2
                 
                 _0xFFFFFFFF:
000047 0000      	.DW  0
                 
                 #define __GLOBAL_INI_TBL_PRESENT 1
                 
                 __RESET:
000048 94f8      	CLI
000049 27ee      	CLR  R30
00004a bbec      	OUT  EECR,R30
                 
                 ;INTERRUPT VECTORS ARE PLACED
                 ;AT THE START OF FLASH
00004b e0f1      	LDI  R31,1
00004c bffb      	OUT  GICR,R31
00004d bfeb      	OUT  GICR,R30
00004e bfe5      	OUT  MCUCR,R30
                 
                 ;CLEAR R2-R14
00004f e08d      	LDI  R24,(14-2)+1
000050 e0a2      	LDI  R26,2
000051 27bb      	CLR  R27
                 __CLEAR_REG:
000052 93ed      	ST   X+,R30
000053 958a      	DEC  R24
000054 f7e9      	BRNE __CLEAR_REG
                 
                 ;CLEAR SRAM
000055 e080      	LDI  R24,LOW(__CLEAR_SRAM_SIZE)
000056 e098      	LDI  R25,HIGH(__CLEAR_SRAM_SIZE)
000057 e6a0      	LDI  R26,__SRAM_START
                 __CLEAR_SRAM:
000058 93ed      	ST   X+,R30
000059 9701      	SBIW R24,1
00005a f7e9      	BRNE __CLEAR_SRAM
                 
                 ;GLOBAL VARIABLES INITIALIZATION
00005b e8e8      	LDI  R30,LOW(__GLOBAL_INI_TBL*2)
00005c e0f0      	LDI  R31,HIGH(__GLOBAL_INI_TBL*2)
                 __GLOBAL_INI_NEXT:
00005d 9185      	LPM  R24,Z+
00005e 9195      	LPM  R25,Z+
00005f 9700      	SBIW R24,0
000060 f061      	BREQ __GLOBAL_INI_END
000061 91a5      	LPM  R26,Z+
000062 91b5      	LPM  R27,Z+
000063 9005      	LPM  R0,Z+
000064 9015      	LPM  R1,Z+
000065 01bf      	MOVW R22,R30
000066 01f0      	MOVW R30,R0
                 __GLOBAL_INI_LOOP:
000067 9005      	LPM  R0,Z+
000068 920d      	ST   X+,R0
000069 9701      	SBIW R24,1
00006a f7e1      	BRNE __GLOBAL_INI_LOOP
00006b 01fb      	MOVW R30,R22
00006c cff0      	RJMP __GLOBAL_INI_NEXT
                 __GLOBAL_INI_END:
                 
                 ;HARDWARE STACK POINTER INITIALIZATION
00006d e5ef      	LDI  R30,LOW(__SRAM_END-__HEAP_SIZE)
00006e bfed      	OUT  SPL,R30
00006f e0e8      	LDI  R30,HIGH(__SRAM_END-__HEAP_SIZE)
000070 bfee      	OUT  SPH,R30
                 
                 ;DATA STACK POINTER INITIALIZATION
000071 e6c0      	LDI  R28,LOW(__SRAM_START+__DSTACK_SIZE)
000072 e0d2      	LDI  R29,HIGH(__SRAM_START+__DSTACK_SIZE)
                 
000073 940c 007c 	JMP  _main
                 
                 	.ESEG
                 	.ORG 0
                 
                 	.DSEG
                 	.ORG 0x260
                 
                 	.CSEG
                 ;/*******************************************************
                 ;This program was created by the
                 ;CodeWizardAVR V3.12 Advanced
                 ;Automatic Program Generator
                 ;© Copyright 1998-2014 Pavel Haiduc, HP InfoTech s.r.l.
                 ;http://www.hpinfotech.com
                 ;
                 ;Project :
                 ;Version :
                 ;Date    : 1/20/2019
                 ;Author  :
                 ;Company :
                 ;Comments:
                 ;
                 ;
                 ;Chip type               : ATmega32
                 ;Program type            : Application
                 ;AVR Core Clock frequency: 8.000000 MHz
                 ;Memory model            : Small
                 ;External RAM size       : 0
                 ;Data Stack size         : 512
                 ;*******************************************************/
                 ;
                 ;#include <mega32.h>
                 	#ifndef __SLEEP_DEFINED__
                 	#define __SLEEP_DEFINED__
                 	.EQU __se_bit=0x80
                 	.EQU __sm_mask=0x70
                 	.EQU __sm_powerdown=0x20
                 	.EQU __sm_powersave=0x30
                 	.EQU __sm_standby=0x60
                 	.EQU __sm_ext_standby=0x70
                 	.EQU __sm_adc_noise_red=0x10
                 	.SET power_ctrl_reg=mcucr
                 	#endif
                 ;
                 ;// Alphanumeric LCD functions
                 ;#include <alcd.h>
                 ;#include <delay.h>
                 ;// Declare your global variables here
                 ;
                 ;// SPI functions
                 ;#include <spi.h>
                 ;#include <stdio.h>
                 ;void spi_init_master (void)
                 ; 0000 0023 {
                 
                 	.CSEG
                 ; 0000 0024     DDRB = (1<<5)|(1<<3);              //Set MOSI, SCK as Output
                 ; 0000 0025     SPCR = (1<<SPE)|(1<<MSTR); //Enable SPI, Set as Master
                 ; 0000 0026                                        //Prescaler: Fosc/16, Enable Interrupts
                 ; 0000 0027 }
                 ;unsigned char spi_tranceiver (unsigned char data)
                 ; 0000 0029 {
                 _spi_tranceiver:
                 ; .FSTART _spi_tranceiver
                 ; 0000 002A     SPDR = data;                       //Load data into the buffer
000075 93aa      	ST   -Y,R26
                 ;	data -> Y+0
000076 81e8      	LD   R30,Y
000077 b9ef      	OUT  0xF,R30
                 ; 0000 002B     while(!(SPSR & (1<<SPIF) )){
                 _0x3:
000078 9b77      	SBIS 0xE,7
                 ; 0000 002C         //PORTD.1=1;
                 ; 0000 002D         //delay_ms(300);
                 ; 0000 002E         //PORTD.1=0;
                 ; 0000 002F     }       //Wait until transmission complete
000079 cffe      	RJMP _0x3
                 ; 0000 0030     return(SPDR);                      //Return received data
00007a b1ef      	IN   R30,0xF
00007b c141      	RJMP _0x20A0002
                 ; 0000 0031 }
                 ; .FEND
                 ;void led_blink (unsigned char i)
                 ; 0000 0033 {
                 ; 0000 0034     //Blink LED "i" number of times
                 ; 0000 0035     for (; i>0; --i)
                 ;	i -> Y+0
                 ; 0000 0036     {
                 ; 0000 0037         PORTD|=(1<<0);
                 ; 0000 0038         delay_ms(100);
                 ; 0000 0039         PORTD=(0<<0);
                 ; 0000 003A         delay_ms(100);
                 ; 0000 003B     }
                 ; 0000 003C }
                 ;void main(void)
                 ; 0000 003E {
                 _main:
                 ; .FSTART _main
                 ; 0000 003F     unsigned char data;                 //Received data stored here
                 ; 0000 0040     unsigned char x = 0;
                 ; 0000 0041     unsigned char ACKSlave=22;
                 ; 0000 0042     unsigned char ACKMaster=44;
                 ; 0000 0043     char lcd_show[32];
                 ; 0000 0044     int whichSlave=0;
                 ; 0000 0045     unsigned char flagToSendTemp=44;
                 ; 0000 0046 // Declare your local variables here
                 ; 0000 0047 
                 ; 0000 0048 // Input/Output Ports initialization
                 ; 0000 0049 // Port A initialization
                 ; 0000 004A // Function: Bit7=In Bit6=In Bit5=In Bit4=In Bit3=In Bit2=In Bit1=In Bit0=In
                 ; 0000 004B DDRA=(0<<DDA7) | (0<<DDA6) | (0<<DDA5) | (0<<DDA4) | (0<<DDA3) | (0<<DDA2) | (0<<DDA1) | (0<<DDA0);
00007c 97a1      	SBIW R28,33
00007d e2ec      	LDI  R30,LOW(44)
00007e 83e8      	ST   Y,R30
                 ;	data -> R17
                 ;	x -> R16
                 ;	ACKSlave -> R19
                 ;	ACKMaster -> R18
                 ;	lcd_show -> Y+1
                 ;	whichSlave -> R20,R21
                 ;	flagToSendTemp -> Y+0
00007f e000      	LDI  R16,0
000080 e136      	LDI  R19,22
000081 e22c      	LDI  R18,44
                +
000082 e040     +LDI R20 , LOW ( 0 )
000083 e050     +LDI R21 , HIGH ( 0 )
                 	__GETWRN 20,21,0
000084 e0e0      	LDI  R30,LOW(0)
000085 bbea      	OUT  0x1A,R30
                 ; 0000 004C // State: Bit7=T Bit6=T Bit5=T Bit4=T Bit3=T Bit2=T Bit1=T Bit0=T
                 ; 0000 004D PORTA=(0<<PORTA7) | (0<<PORTA6) | (0<<PORTA5) | (0<<PORTA4) | (0<<PORTA3) | (0<<PORTA2) | (0<<PORTA1) | (0<<PORTA0);
000086 bbeb      	OUT  0x1B,R30
                 ; 0000 004E 
                 ; 0000 004F // Port B initialization
                 ; 0000 0050 // Function: Bit7=Out Bit6=In Bit5=Out Bit4=Out Bit3=In Bit2=In Bit1=In Bit0=In
                 ; 0000 0051 DDRB=(1<<DDB7) | (0<<DDB6) | (1<<DDB5) | (1<<DDB4) | (0<<DDB3) | (0<<DDB2) | (0<<DDB1) | (0<<DDB0);
000087 ebe0      	LDI  R30,LOW(176)
000088 bbe7      	OUT  0x17,R30
                 ; 0000 0052 // State: Bit7=0 Bit6=T Bit5=0 Bit4=0 Bit3=T Bit2=T Bit1=T Bit0=T
                 ; 0000 0053 PORTB=(0<<PORTB7) | (0<<PORTB6) | (0<<PORTB5) | (0<<PORTB4) | (0<<PORTB3) | (0<<PORTB2) | (0<<PORTB1) | (0<<PORTB0);
000089 e0e0      	LDI  R30,LOW(0)
00008a bbe8      	OUT  0x18,R30
                 ; 0000 0054 
                 ; 0000 0055 // Port C initialization
                 ; 0000 0056 // Function: Bit7=In Bit6=In Bit5=In Bit4=In Bit3=In Bit2=In Bit1=In Bit0=In
                 ; 0000 0057 DDRC=(0<<DDC7) | (0<<DDC6) | (0<<DDC5) | (0<<DDC4) | (0<<DDC3) | (0<<DDC2) | (0<<DDC1) | (0<<DDC0);
00008b bbe4      	OUT  0x14,R30
                 ; 0000 0058 // State: Bit7=T Bit6=T Bit5=T Bit4=T Bit3=T Bit2=T Bit1=T Bit0=T
                 ; 0000 0059 PORTC=(0<<PORTC7) | (0<<PORTC6) | (0<<PORTC5) | (0<<PORTC4) | (0<<PORTC3) | (0<<PORTC2) | (0<<PORTC1) | (0<<PORTC0);
00008c bbe5      	OUT  0x15,R30
                 ; 0000 005A 
                 ; 0000 005B // Port D initialization
                 ; 0000 005C // Function: Bit7=In Bit6=In Bit5=In Bit4=In Bit3=In Bit2=In Bit1=In Bit0=In
                 ; 0000 005D DDRD=(0<<DDD7) | (0<<DDD6) | (0<<DDD5) | (0<<DDD4) | (0<<DDD3) | (0<<DDD2) | (0<<DDD1) | (0<<DDD0);
00008d bbe1      	OUT  0x11,R30
                 ; 0000 005E // State: Bit7=T Bit6=T Bit5=T Bit4=T Bit3=T Bit2=T Bit1=T Bit0=T
                 ; 0000 005F PORTD=(0<<PORTD7) | (0<<PORTD6) | (0<<PORTD5) | (0<<PORTD4) | (0<<PORTD3) | (0<<PORTD2) | (0<<PORTD1) | (0<<PORTD0);
00008e bbe2      	OUT  0x12,R30
                 ; 0000 0060 
                 ; 0000 0061 // Timer/Counter 0 initialization
                 ; 0000 0062 // Clock source: System Clock
                 ; 0000 0063 // Clock value: Timer 0 Stopped
                 ; 0000 0064 // Mode: Normal top=0xFF
                 ; 0000 0065 // OC0 output: Disconnected
                 ; 0000 0066 TCCR0=(0<<WGM00) | (0<<COM01) | (0<<COM00) | (0<<WGM01) | (0<<CS02) | (0<<CS01) | (0<<CS00);
00008f bfe3      	OUT  0x33,R30
                 ; 0000 0067 TCNT0=0x00;
000090 bfe2      	OUT  0x32,R30
                 ; 0000 0068 OCR0=0x00;
000091 bfec      	OUT  0x3C,R30
                 ; 0000 0069 
                 ; 0000 006A // Timer/Counter 1 initialization
                 ; 0000 006B // Clock source: System Clock
                 ; 0000 006C // Clock value: Timer1 Stopped
                 ; 0000 006D // Mode: Normal top=0xFFFF
                 ; 0000 006E // OC1A output: Disconnected
                 ; 0000 006F // OC1B output: Disconnected
                 ; 0000 0070 // Noise Canceler: Off
                 ; 0000 0071 // Input Capture on Falling Edge
                 ; 0000 0072 // Timer1 Overflow Interrupt: Off
                 ; 0000 0073 // Input Capture Interrupt: Off
                 ; 0000 0074 // Compare A Match Interrupt: Off
                 ; 0000 0075 // Compare B Match Interrupt: Off
                 ; 0000 0076 TCCR1A=(0<<COM1A1) | (0<<COM1A0) | (0<<COM1B1) | (0<<COM1B0) | (0<<WGM11) | (0<<WGM10);
000092 bdef      	OUT  0x2F,R30
                 ; 0000 0077 TCCR1B=(0<<ICNC1) | (0<<ICES1) | (0<<WGM13) | (0<<WGM12) | (0<<CS12) | (0<<CS11) | (0<<CS10);
000093 bdee      	OUT  0x2E,R30
                 ; 0000 0078 TCNT1H=0x00;
000094 bded      	OUT  0x2D,R30
                 ; 0000 0079 TCNT1L=0x00;
000095 bdec      	OUT  0x2C,R30
                 ; 0000 007A ICR1H=0x00;
000096 bde7      	OUT  0x27,R30
                 ; 0000 007B ICR1L=0x00;
000097 bde6      	OUT  0x26,R30
                 ; 0000 007C OCR1AH=0x00;
000098 bdeb      	OUT  0x2B,R30
                 ; 0000 007D OCR1AL=0x00;
000099 bdea      	OUT  0x2A,R30
                 ; 0000 007E OCR1BH=0x00;
00009a bde9      	OUT  0x29,R30
                 ; 0000 007F OCR1BL=0x00;
00009b bde8      	OUT  0x28,R30
                 ; 0000 0080 
                 ; 0000 0081 // Timer/Counter 2 initialization
                 ; 0000 0082 // Clock source: System Clock
                 ; 0000 0083 // Clock value: Timer2 Stopped
                 ; 0000 0084 // Mode: Normal top=0xFF
                 ; 0000 0085 // OC2 output: Disconnected
                 ; 0000 0086 ASSR=0<<AS2;
00009c bde2      	OUT  0x22,R30
                 ; 0000 0087 TCCR2=(0<<PWM2) | (0<<COM21) | (0<<COM20) | (0<<CTC2) | (0<<CS22) | (0<<CS21) | (0<<CS20);
00009d bde5      	OUT  0x25,R30
                 ; 0000 0088 TCNT2=0x00;
00009e bde4      	OUT  0x24,R30
                 ; 0000 0089 OCR2=0x00;
00009f bde3      	OUT  0x23,R30
                 ; 0000 008A 
                 ; 0000 008B // Timer(s)/Counter(s) Interrupt(s) initialization
                 ; 0000 008C TIMSK=(0<<OCIE2) | (0<<TOIE2) | (0<<TICIE1) | (0<<OCIE1A) | (0<<OCIE1B) | (0<<TOIE1) | (0<<OCIE0) | (0<<TOIE0);
0000a0 bfe9      	OUT  0x39,R30
                 ; 0000 008D 
                 ; 0000 008E // External Interrupt(s) initialization
                 ; 0000 008F // INT0: Off
                 ; 0000 0090 // INT1: Off
                 ; 0000 0091 // INT2: Off
                 ; 0000 0092 MCUCR=(0<<ISC11) | (0<<ISC10) | (0<<ISC01) | (0<<ISC00);
0000a1 bfe5      	OUT  0x35,R30
                 ; 0000 0093 MCUCSR=(0<<ISC2);
0000a2 bfe4      	OUT  0x34,R30
                 ; 0000 0094 
                 ; 0000 0095 // USART initialization
                 ; 0000 0096 // USART disabled
                 ; 0000 0097 UCSRB=(0<<RXCIE) | (0<<TXCIE) | (0<<UDRIE) | (0<<RXEN) | (0<<TXEN) | (0<<UCSZ2) | (0<<RXB8) | (0<<TXB8);
0000a3 b9ea      	OUT  0xA,R30
                 ; 0000 0098 
                 ; 0000 0099 // Analog Comparator initialization
                 ; 0000 009A // Analog Comparator: Off
                 ; 0000 009B // The Analog Comparator's positive input is
                 ; 0000 009C // connected to the AIN0 pin
                 ; 0000 009D // The Analog Comparator's negative input is
                 ; 0000 009E // connected to the AIN1 pin
                 ; 0000 009F ACSR=(1<<ACD) | (0<<ACBG) | (0<<ACO) | (0<<ACI) | (0<<ACIE) | (0<<ACIC) | (0<<ACIS1) | (0<<ACIS0);
0000a4 e8e0      	LDI  R30,LOW(128)
0000a5 b9e8      	OUT  0x8,R30
                 ; 0000 00A0 SFIOR=(0<<ACME);
0000a6 e0e0      	LDI  R30,LOW(0)
0000a7 bfe0      	OUT  0x30,R30
                 ; 0000 00A1 
                 ; 0000 00A2 // ADC initialization
                 ; 0000 00A3 // ADC disabled
                 ; 0000 00A4 ADCSRA=(0<<ADEN) | (0<<ADSC) | (0<<ADATE) | (0<<ADIF) | (0<<ADIE) | (0<<ADPS2) | (0<<ADPS1) | (0<<ADPS0);
0000a8 b9e6      	OUT  0x6,R30
                 ; 0000 00A5 
                 ; 0000 00A6 // SPI initialization
                 ; 0000 00A7 // SPI Type: Master
                 ; 0000 00A8 // SPI Clock Rate: 2000.000 kHz
                 ; 0000 00A9 // SPI Clock Phase: Cycle Start
                 ; 0000 00AA // SPI Clock Polarity: Low
                 ; 0000 00AB // SPI Data Order: MSB First
                 ; 0000 00AC SPCR=(0<<SPIE) | (1<<SPE) | (0<<DORD) | (1<<MSTR) | (0<<CPOL) | (0<<CPHA) | (0<<SPR1) | (0<<SPR0);
0000a9 e5e0      	LDI  R30,LOW(80)
0000aa b9ed      	OUT  0xD,R30
                 ; 0000 00AD SPSR=(0<<SPI2X);
0000ab e0e0      	LDI  R30,LOW(0)
0000ac b9ee      	OUT  0xE,R30
                 ; 0000 00AE 
                 ; 0000 00AF // TWI initialization
                 ; 0000 00B0 // TWI disabled
                 ; 0000 00B1 TWCR=(0<<TWEA) | (0<<TWSTA) | (0<<TWSTO) | (0<<TWEN) | (0<<TWIE);
0000ad bfe6      	OUT  0x36,R30
                 ; 0000 00B2 
                 ; 0000 00B3 // Alphanumeric LCD initialization
                 ; 0000 00B4 // Connections are specified in the
                 ; 0000 00B5 // Project|Configure|C Compiler|Libraries|Alphanumeric LCD menu:
                 ; 0000 00B6 // RS - PORTA Bit 0
                 ; 0000 00B7 // RD - PORTA Bit 1
                 ; 0000 00B8 // EN - PORTA Bit 2
                 ; 0000 00B9 // D4 - PORTA Bit 4
                 ; 0000 00BA // D5 - PORTA Bit 5
                 ; 0000 00BB // D6 - PORTA Bit 6
                 ; 0000 00BC // D7 - PORTA Bit 7
                 ; 0000 00BD // Characters/line: 16
                 ; 0000 00BE lcd_init(16);
0000ae e1a0      	LDI  R26,LOW(16)
0000af d0e1      	RCALL _lcd_init
                 ; 0000 00BF //spi_init_master();
                 ; 0000 00C0 DDRB.0=1;
0000b0 9ab8      	SBI  0x17,0
                 ; 0000 00C1 DDRB.1=1;
0000b1 9ab9      	SBI  0x17,1
                 ; 0000 00C2 DDRB.2=1;
0000b2 9aba      	SBI  0x17,2
                 ; 0000 00C3 PORTB.0=1;
0000b3 9ac0      	SBI  0x18,0
                 ; 0000 00C4 PORTB.1=1;
0000b4 9ac1      	SBI  0x18,1
                 ; 0000 00C5 PORTB.2=1;
0000b5 9ac2      	SBI  0x18,2
                 ; 0000 00C6 DDRD.0=1;
0000b6 9a88      	SBI  0x11,0
                 ; 0000 00C7 DDRD.1=1;
0000b7 9a89      	SBI  0x11,1
                 ; 0000 00C8 x=2;
0000b8 e002      	LDI  R16,LOW(2)
                 ; 0000 00C9 whichSlave=0;
                +
0000b9 e040     +LDI R20 , LOW ( 0 )
0000ba e050     +LDI R21 , HIGH ( 0 )
                 	__GETWRN 20,21,0
                 ; 0000 00CA DDRD.7=1;
0000bb 9a8f      	SBI  0x11,7
                 ; 0000 00CB PORTD.7=1;
0000bc 9a97      	SBI  0x12,7
                 ; 0000 00CC while (1)
                 _0x1D:
                 ; 0000 00CD       {
                 ; 0000 00CE 
                 ; 0000 00CF       if(whichSlave==0){
0000bd 2e04      	MOV  R0,R20
0000be 2a05      	OR   R0,R21
0000bf f411      	BRNE _0x20
                 ; 0000 00D0                PORTB.0=0;
0000c0 98c0      	CBI  0x18,0
                 ; 0000 00D1         }else{
0000c1 c00d      	RJMP _0x23
                 _0x20:
                 ; 0000 00D2             if(whichSlave==1){
0000c2 e0e1      	LDI  R30,LOW(1)
0000c3 e0f0      	LDI  R31,HIGH(1)
0000c4 17e4      	CP   R30,R20
0000c5 07f5      	CPC  R31,R21
0000c6 f411      	BRNE _0x24
                 ; 0000 00D3                 PORTB.1=0;
0000c7 98c1      	CBI  0x18,1
                 ; 0000 00D4             }else{
0000c8 c006      	RJMP _0x27
                 _0x24:
                 ; 0000 00D5                 if(whichSlave==2){
0000c9 e0e2      	LDI  R30,LOW(2)
0000ca e0f0      	LDI  R31,HIGH(2)
0000cb 17e4      	CP   R30,R20
0000cc 07f5      	CPC  R31,R21
0000cd f409      	BRNE _0x28
                 ; 0000 00D6                    PORTB.2=0;
0000ce 98c2      	CBI  0x18,2
                 ; 0000 00D7                 }
                 ; 0000 00D8             }
                 _0x28:
                 _0x27:
                 ; 0000 00D9         }
                 _0x23:
                 ; 0000 00DA 
                 ; 0000 00DB         delay_ms(500);
0000cf efa4      	LDI  R26,LOW(500)
0000d0 e0b1      	LDI  R27,HIGH(500)
0000d1 940e 03cf 	CALL _delay_ms
                 ; 0000 00DC         data = 0x00;                    //Reset ACK in "data"
0000d3 e010      	LDI  R17,LOW(0)
                 ; 0000 00DD         data = spi_tranceiver(ACKMaster);
0000d4 2fa2      	MOV  R26,R18
0000d5 df9f      	RCALL _spi_tranceiver
0000d6 2f1e      	MOV  R17,R30
                 ; 0000 00DE         lcd_clear();
0000d7 d087      	RCALL _lcd_clear
                 ; 0000 00DF         sprintf(lcd_show,"T:%d d:%d r:%d\n",ACKMaster,whichSlave,data);
0000d8 01fe      	MOVW R30,R28
0000d9 9631      	ADIW R30,1
0000da 93fa      	ST   -Y,R31
0000db 93ea      	ST   -Y,R30
                +
0000dc e6e6     +LDI R30 , LOW ( 2 * _0x0 + ( 0 ) )
0000dd e0f0     +LDI R31 , HIGH ( 2 * _0x0 + ( 0 ) )
                 	__POINTW1FN _0x0,0
0000de 93fa      	ST   -Y,R31
0000df 93ea      	ST   -Y,R30
0000e0 2fe2      	MOV  R30,R18
0000e1 940e 0380 	CALL SUBOPT_0x0
0000e3 940e 0386 	CALL SUBOPT_0x1
0000e5 940e 038d 	CALL SUBOPT_0x2
                 ; 0000 00E0         lcd_puts(lcd_show);
                 ; 0000 00E1         if(data%4==0){
0000e7 2fa1      	MOV  R26,R17
0000e8 27bb      	CLR  R27
0000e9 e0e4      	LDI  R30,LOW(4)
0000ea e0f0      	LDI  R31,HIGH(4)
0000eb 940e 03f9 	CALL __MODW21
0000ed 9730      	SBIW R30,0
0000ee f4e1      	BRNE _0x2B
                 ; 0000 00E2             delay_ms(200);
0000ef eca8      	LDI  R26,LOW(200)
0000f0 e0b0      	LDI  R27,0
0000f1 940e 03cf 	CALL _delay_ms
                 ; 0000 00E3             data = 0x00;                    //Reset ACK in "data"
0000f3 e010      	LDI  R17,LOW(0)
                 ; 0000 00E4             data = spi_tranceiver(x);
0000f4 2fa0      	MOV  R26,R16
0000f5 df7f      	RCALL _spi_tranceiver
0000f6 2f1e      	MOV  R17,R30
                 ; 0000 00E5             sprintf(lcd_show,"T:%d d:%d r:%d",x,whichSlave,data);
0000f7 01fe      	MOVW R30,R28
0000f8 9631      	ADIW R30,1
0000f9 93fa      	ST   -Y,R31
0000fa 93ea      	ST   -Y,R30
                +
0000fb e7e6     +LDI R30 , LOW ( 2 * _0x0 + ( 16 ) )
0000fc e0f0     +LDI R31 , HIGH ( 2 * _0x0 + ( 16 ) )
                 	__POINTW1FN _0x0,16
0000fd 93fa      	ST   -Y,R31
0000fe 93ea      	ST   -Y,R30
0000ff 2fe0      	MOV  R30,R16
000100 940e 0380 	CALL SUBOPT_0x0
000102 940e 0386 	CALL SUBOPT_0x1
000104 940e 038d 	CALL SUBOPT_0x2
                 ; 0000 00E6             lcd_puts(lcd_show);
                 ; 0000 00E7             if(data==ACKSlave){
000106 1731      	CP   R19,R17
000107 f419      	BRNE _0x2C
                 ; 0000 00E8                 x++;
000108 5f0f      	SUBI R16,-1
                 ; 0000 00E9                 whichSlave++;
                +
000109 5f4f     +SUBI R20 , LOW ( - 1 )
00010a 4f5f     +SBCI R21 , HIGH ( - 1 )
                 	__ADDWRN 20,21,1
                 ; 0000 00EA             }
                 ; 0000 00EB         }
                 _0x2C:
                 ; 0000 00EC 
                 ; 0000 00ED 
                 ; 0000 00EE         if(whichSlave-1==0){
                 _0x2B:
00010b 01fa      	MOVW R30,R20
00010c 9731      	SBIW R30,1
00010d f411      	BRNE _0x2D
                 ; 0000 00EF                PORTB.0=1;
00010e 9ac0      	SBI  0x18,0
                 ; 0000 00F0         }else{
00010f c00f      	RJMP _0x30
                 _0x2D:
                 ; 0000 00F1             if(whichSlave-1==1){
000110 01fa      	MOVW R30,R20
000111 9731      	SBIW R30,1
000112 30e1      	CPI  R30,LOW(0x1)
000113 e0a0      	LDI  R26,HIGH(0x1)
000114 07fa      	CPC  R31,R26
000115 f411      	BRNE _0x31
                 ; 0000 00F2                 PORTB.1=1;
000116 9ac1      	SBI  0x18,1
                 ; 0000 00F3             }else{
000117 c007      	RJMP _0x34
                 _0x31:
                 ; 0000 00F4                 if(whichSlave-1==2){
000118 01fa      	MOVW R30,R20
000119 9731      	SBIW R30,1
00011a 30e2      	CPI  R30,LOW(0x2)
00011b e0a0      	LDI  R26,HIGH(0x2)
00011c 07fa      	CPC  R31,R26
00011d f409      	BRNE _0x35
                 ; 0000 00F5                    PORTB.2=1;
00011e 9ac2      	SBI  0x18,2
                 ; 0000 00F6                 }
                 ; 0000 00F7             }
                 _0x35:
                 _0x34:
                 ; 0000 00F8         }
                 _0x30:
                 ; 0000 00F9 
                 ; 0000 00FA         if(whichSlave==3){
00011f e0e3      	LDI  R30,LOW(3)
000120 e0f0      	LDI  R31,HIGH(3)
000121 17e4      	CP   R30,R20
000122 07f5      	CPC  R31,R21
000123 f411      	BRNE _0x38
                 ; 0000 00FB             whichSlave=0;
                +
000124 e040     +LDI R20 , LOW ( 0 )
000125 e050     +LDI R21 , HIGH ( 0 )
                 	__GETWRN 20,21,0
                 ; 0000 00FC         }
                 ; 0000 00FD         PORTD.0=1;
                 _0x38:
000126 9a90      	SBI  0x12,0
                 ; 0000 00FE         delay_ms(100);
000127 e6a4      	LDI  R26,LOW(100)
000128 e0b0      	LDI  R27,0
000129 940e 03cf 	CALL _delay_ms
                 ; 0000 00FF         PORTD.0=0;
00012b 9890      	CBI  0x12,0
                 ; 0000 0100         delay_ms(500);
00012c efa4      	LDI  R26,LOW(500)
00012d e0b1      	LDI  R27,HIGH(500)
00012e 940e 03cf 	CALL _delay_ms
                 ; 0000 0101 
                 ; 0000 0102       }
000130 cf8c      	RJMP _0x1D
                 ; 0000 0103 }
                 _0x3D:
000131 cfff      	RJMP _0x3D
                 ; .FEND
                 ;
                 ;/*
                 ;         if(whichSlave==0){
                 ;               PORTB.0=0;
                 ;        }else{
                 ;            if(whichSlave==1){
                 ;                PORTB.1=0;
                 ;            }else{
                 ;                if(whichSlave==2){
                 ;                   PORTB.2=0;
                 ;                }
                 ;            }
                 ;        }
                 ;        if(whichSlave==0){
                 ;               PORTB.0=1;
                 ;        }else{
                 ;            if(whichSlave==1){
                 ;                PORTB.1=1;
                 ;            }else{
                 ;                if(whichSlave==2){
                 ;                   PORTB.2=1;
                 ;                }
                 ;            }
                 ;        }
                 ;
                 ;        if(whichSlave==3){
                 ;            whichSlave=0;
                 ;        }
                 ;*/
                 ; /*
                 ;   PORTD.7=0;
                 ;   PORTD.7=1;
                 ;
                 ;
                 ; */
                 	#ifndef __SLEEP_DEFINED__
                 	#endif
                 
                 	.DSEG
                 
                 	.CSEG
                 __lcd_write_nibble_G100:
                 ; .FSTART __lcd_write_nibble_G100
000132 93aa      	ST   -Y,R26
000133 b3eb      	IN   R30,0x1B
000134 70ef      	ANDI R30,LOW(0xF)
000135 2fae      	MOV  R26,R30
000136 81e8      	LD   R30,Y
000137 7fe0      	ANDI R30,LOW(0xF0)
000138 2bea      	OR   R30,R26
000139 bbeb      	OUT  0x1B,R30
                +
00013a e08d     +LDI R24 , LOW ( 13 )
                +__DELAY_USB_LOOP :
00013b 958a     +DEC R24
00013c f7f1     +BRNE __DELAY_USB_LOOP
                 	__DELAY_USB 13
00013d 9ada      	SBI  0x1B,2
                +
00013e e08d     +LDI R24 , LOW ( 13 )
                +__DELAY_USB_LOOP :
00013f 958a     +DEC R24
000140 f7f1     +BRNE __DELAY_USB_LOOP
                 	__DELAY_USB 13
000141 98da      	CBI  0x1B,2
                +
000142 e08d     +LDI R24 , LOW ( 13 )
                +__DELAY_USB_LOOP :
000143 958a     +DEC R24
000144 f7f1     +BRNE __DELAY_USB_LOOP
                 	__DELAY_USB 13
000145 c077      	RJMP _0x20A0002
                 ; .FEND
                 __lcd_write_data:
                 ; .FSTART __lcd_write_data
000146 93aa      	ST   -Y,R26
000147 81a8      	LD   R26,Y
000148 dfe9      	RCALL __lcd_write_nibble_G100
000149 81e8          ld    r30,y
00014a 95e2          swap  r30
00014b 83e8          st    y,r30
00014c 81a8      	LD   R26,Y
00014d dfe4      	RCALL __lcd_write_nibble_G100
                +
00014e e885     +LDI R24 , LOW ( 133 )
                +__DELAY_USB_LOOP :
00014f 958a     +DEC R24
000150 f7f1     +BRNE __DELAY_USB_LOOP
                 	__DELAY_USB 133
000151 c06b      	RJMP _0x20A0002
                 ; .FEND
                 _lcd_gotoxy:
                 ; .FSTART _lcd_gotoxy
000152 93aa      	ST   -Y,R26
000153 81e8      	LD   R30,Y
000154 e0f0      	LDI  R31,0
000155 5ae0      	SUBI R30,LOW(-__base_y_G100)
000156 4ffd      	SBCI R31,HIGH(-__base_y_G100)
000157 81e0      	LD   R30,Z
000158 81a9      	LDD  R26,Y+1
000159 0fae      	ADD  R26,R30
00015a dfeb      	RCALL __lcd_write_data
00015b 8059      	LDD  R5,Y+1
00015c 8048      	LDD  R4,Y+0
00015d 9622      	ADIW R28,2
00015e 9508      	RET
                 ; .FEND
                 _lcd_clear:
                 ; .FSTART _lcd_clear
00015f e0a2      	LDI  R26,LOW(2)
000160 940e 0395 	CALL SUBOPT_0x3
000162 e0ac      	LDI  R26,LOW(12)
000163 dfe2      	RCALL __lcd_write_data
000164 e0a1      	LDI  R26,LOW(1)
000165 940e 0395 	CALL SUBOPT_0x3
000167 e0e0      	LDI  R30,LOW(0)
000168 2e4e      	MOV  R4,R30
000169 2e5e      	MOV  R5,R30
00016a 9508      	RET
                 ; .FEND
                 _lcd_putchar:
                 ; .FSTART _lcd_putchar
00016b 93aa      	ST   -Y,R26
00016c 81a8      	LD   R26,Y
00016d 30aa      	CPI  R26,LOW(0xA)
00016e f011      	BREQ _0x2000005
00016f 1457      	CP   R5,R7
000170 f048      	BRLO _0x2000004
                 _0x2000005:
000171 e0e0      	LDI  R30,LOW(0)
000172 93ea      	ST   -Y,R30
000173 9443      	INC  R4
000174 2da4      	MOV  R26,R4
000175 dfdc      	RCALL _lcd_gotoxy
000176 81a8      	LD   R26,Y
000177 30aa      	CPI  R26,LOW(0xA)
000178 f409      	BRNE _0x2000007
000179 c043      	RJMP _0x20A0002
                 _0x2000007:
                 _0x2000004:
00017a 9453      	INC  R5
00017b 9ad8      	SBI  0x1B,0
00017c 81a8      	LD   R26,Y
00017d dfc8      	RCALL __lcd_write_data
00017e 98d8      	CBI  0x1B,0
00017f c03d      	RJMP _0x20A0002
                 ; .FEND
                 _lcd_puts:
                 ; .FSTART _lcd_puts
000180 93ba      	ST   -Y,R27
000181 93aa      	ST   -Y,R26
000182 931a      	ST   -Y,R17
                 _0x2000008:
000183 81a9      	LDD  R26,Y+1
000184 81ba      	LDD  R27,Y+1+1
000185 91ed      	LD   R30,X+
000186 83a9      	STD  Y+1,R26
000187 83ba      	STD  Y+1+1,R27
000188 2f1e      	MOV  R17,R30
000189 30e0      	CPI  R30,0
00018a f019      	BREQ _0x200000A
00018b 2fa1      	MOV  R26,R17
00018c dfde      	RCALL _lcd_putchar
00018d cff5      	RJMP _0x2000008
                 _0x200000A:
00018e 8118      	LDD  R17,Y+0
00018f 9623      	ADIW R28,3
000190 9508      	RET
                 ; .FEND
                 _lcd_init:
                 ; .FSTART _lcd_init
000191 93aa      	ST   -Y,R26
000192 b3ea      	IN   R30,0x1A
000193 6fe0      	ORI  R30,LOW(0xF0)
000194 bbea      	OUT  0x1A,R30
000195 9ad2      	SBI  0x1A,2
000196 9ad0      	SBI  0x1A,0
000197 9ad1      	SBI  0x1A,1
000198 98da      	CBI  0x1B,2
000199 98d8      	CBI  0x1B,0
00019a 98d9      	CBI  0x1B,1
00019b 8078      	LDD  R7,Y+0
00019c 81e8      	LD   R30,Y
00019d 58e0      	SUBI R30,-LOW(128)
                +
00019e 93e0 0262+STS __base_y_G100 + ( 2 ) , R30
                 	__PUTB1MN __base_y_G100,2
0001a0 81e8      	LD   R30,Y
0001a1 54e0      	SUBI R30,-LOW(192)
                +
0001a2 93e0 0263+STS __base_y_G100 + ( 3 ) , R30
                 	__PUTB1MN __base_y_G100,3
0001a4 e1a4      	LDI  R26,LOW(20)
0001a5 e0b0      	LDI  R27,0
0001a6 940e 03cf 	CALL _delay_ms
0001a8 940e 039b 	CALL SUBOPT_0x4
0001aa 940e 039b 	CALL SUBOPT_0x4
0001ac 940e 039b 	CALL SUBOPT_0x4
0001ae e2a0      	LDI  R26,LOW(32)
0001af df82      	RCALL __lcd_write_nibble_G100
                +
0001b0 ec88     +LDI R24 , LOW ( 200 )
0001b1 e090     +LDI R25 , HIGH ( 200 )
                +__DELAY_USW_LOOP :
0001b2 9701     +SBIW R24 , 1
0001b3 f7f1     +BRNE __DELAY_USW_LOOP
                 	__DELAY_USW 200
0001b4 e2a8      	LDI  R26,LOW(40)
0001b5 df90      	RCALL __lcd_write_data
0001b6 e0a4      	LDI  R26,LOW(4)
0001b7 df8e      	RCALL __lcd_write_data
0001b8 e8a5      	LDI  R26,LOW(133)
0001b9 df8c      	RCALL __lcd_write_data
0001ba e0a6      	LDI  R26,LOW(6)
0001bb df8a      	RCALL __lcd_write_data
0001bc dfa2      	RCALL _lcd_clear
                 _0x20A0002:
0001bd 9621      	ADIW R28,1
0001be 9508      	RET
                 ; .FEND
                 	#ifndef __SLEEP_DEFINED__
                 	#endif
                 
                 	.CSEG
                 	#ifndef __SLEEP_DEFINED__
                 	#endif
                 
                 	.CSEG
                 _put_buff_G102:
                 ; .FSTART _put_buff_G102
0001bf 93ba      	ST   -Y,R27
0001c0 93aa      	ST   -Y,R26
0001c1 931a      	ST   -Y,R17
0001c2 930a      	ST   -Y,R16
0001c3 81aa      	LDD  R26,Y+2
0001c4 81bb      	LDD  R27,Y+2+1
0001c5 9612      	ADIW R26,2
0001c6 940e 0407 	CALL __GETW1P
0001c8 9730      	SBIW R30,0
0001c9 f159      	BREQ _0x2040010
0001ca 81aa      	LDD  R26,Y+2
0001cb 81bb      	LDD  R27,Y+2+1
0001cc 9614      	ADIW R26,4
0001cd 940e 0407 	CALL __GETW1P
0001cf 018f      	MOVW R16,R30
0001d0 9730      	SBIW R30,0
0001d1 f061      	BREQ _0x2040012
                +
0001d2 3002     +CPI R16 , LOW ( 2 )
0001d3 e0e0     +LDI R30 , HIGH ( 2 )
0001d4 071e     +CPC R17 , R30
                 	__CPWRN 16,17,2
0001d5 f098      	BRLO _0x2040013
0001d6 01f8      	MOVW R30,R16
0001d7 9731      	SBIW R30,1
0001d8 018f      	MOVW R16,R30
                +
0001d9 81aa     +LDD R26 , Y + 2
0001da 81bb     +LDD R27 , Y + 2 + 1
0001db 9614     +ADIW R26 , 4
0001dc 93ed     +ST X + , R30
0001dd 93fc     +ST X , R31
                 	__PUTW1SNS 2,4
                 _0x2040012:
0001de 81aa      	LDD  R26,Y+2
0001df 81bb      	LDD  R27,Y+2+1
0001e0 9612      	ADIW R26,2
0001e1 91ed      	LD   R30,X+
0001e2 91fd      	LD   R31,X+
0001e3 9631      	ADIW R30,1
0001e4 93fe      	ST   -X,R31
0001e5 93ee      	ST   -X,R30
0001e6 9731      	SBIW R30,1
0001e7 81ac      	LDD  R26,Y+4
0001e8 83a0      	STD  Z+0,R26
                 _0x2040013:
0001e9 81aa      	LDD  R26,Y+2
0001ea 81bb      	LDD  R27,Y+2+1
0001eb 940e 0407 	CALL __GETW1P
0001ed 23ff      	TST  R31
0001ee f02a      	BRMI _0x2040014
0001ef 91ed      	LD   R30,X+
0001f0 91fd      	LD   R31,X+
0001f1 9631      	ADIW R30,1
0001f2 93fe      	ST   -X,R31
0001f3 93ee      	ST   -X,R30
                 _0x2040014:
0001f4 c006      	RJMP _0x2040015
                 _0x2040010:
0001f5 81aa      	LDD  R26,Y+2
0001f6 81bb      	LDD  R27,Y+2+1
0001f7 efef      	LDI  R30,LOW(65535)
0001f8 efff      	LDI  R31,HIGH(65535)
0001f9 93ed      	ST   X+,R30
0001fa 93fc      	ST   X,R31
                 _0x2040015:
0001fb 8119      	LDD  R17,Y+1
0001fc 8108      	LDD  R16,Y+0
0001fd 9625      	ADIW R28,5
0001fe 9508      	RET
                 ; .FEND
                 __print_G102:
                 ; .FSTART __print_G102
0001ff 93ba      	ST   -Y,R27
000200 93aa      	ST   -Y,R26
000201 9726      	SBIW R28,6
000202 940e 0414 	CALL __SAVELOCR6
000204 e010      	LDI  R17,0
000205 85ac      	LDD  R26,Y+12
000206 85bd      	LDD  R27,Y+12+1
000207 e0e0      	LDI  R30,LOW(0)
000208 e0f0      	LDI  R31,HIGH(0)
000209 93ed      	ST   X+,R30
00020a 93fc      	ST   X,R31
                 _0x2040016:
00020b 89ea      	LDD  R30,Y+18
00020c 89fb      	LDD  R31,Y+18+1
00020d 9631      	ADIW R30,1
00020e 8bea      	STD  Y+18,R30
00020f 8bfb      	STD  Y+18+1,R31
000210 9731      	SBIW R30,1
000211 91e4      	LPM  R30,Z
000212 2f2e      	MOV  R18,R30
000213 30e0      	CPI  R30,0
000214 f409      	BRNE PC+2
000215 c115      	RJMP _0x2040018
000216 2fe1      	MOV  R30,R17
000217 30e0      	CPI  R30,0
000218 f439      	BRNE _0x204001C
000219 3225      	CPI  R18,37
00021a f411      	BRNE _0x204001D
00021b e011      	LDI  R17,LOW(1)
00021c c002      	RJMP _0x204001E
                 _0x204001D:
00021d 940e 03a3 	CALL SUBOPT_0x5
                 _0x204001E:
00021f c10a      	RJMP _0x204001B
                 _0x204001C:
000220 30e1      	CPI  R30,LOW(0x1)
000221 f4a9      	BRNE _0x204001F
000222 3225      	CPI  R18,37
000223 f419      	BRNE _0x2040020
000224 940e 03a3 	CALL SUBOPT_0x5
000226 c102      	RJMP _0x20400CC
                 _0x2040020:
000227 e012      	LDI  R17,LOW(2)
000228 e040      	LDI  R20,LOW(0)
000229 e000      	LDI  R16,LOW(0)
00022a 322d      	CPI  R18,45
00022b f411      	BRNE _0x2040021
00022c e001      	LDI  R16,LOW(1)
00022d c0fc      	RJMP _0x204001B
                 _0x2040021:
00022e 322b      	CPI  R18,43
00022f f411      	BRNE _0x2040022
000230 e24b      	LDI  R20,LOW(43)
000231 c0f8      	RJMP _0x204001B
                 _0x2040022:
000232 3220      	CPI  R18,32
000233 f411      	BRNE _0x2040023
000234 e240      	LDI  R20,LOW(32)
000235 c0f4      	RJMP _0x204001B
                 _0x2040023:
000236 c002      	RJMP _0x2040024
                 _0x204001F:
000237 30e2      	CPI  R30,LOW(0x2)
000238 f439      	BRNE _0x2040025
                 _0x2040024:
000239 e050      	LDI  R21,LOW(0)
00023a e013      	LDI  R17,LOW(3)
00023b 3320      	CPI  R18,48
00023c f411      	BRNE _0x2040026
00023d 6800      	ORI  R16,LOW(128)
00023e c0eb      	RJMP _0x204001B
                 _0x2040026:
00023f c003      	RJMP _0x2040027
                 _0x2040025:
000240 30e3      	CPI  R30,LOW(0x3)
000241 f009      	BREQ PC+2
000242 c0e7      	RJMP _0x204001B
                 _0x2040027:
000243 3320      	CPI  R18,48
000244 f010      	BRLO _0x204002A
000245 332a      	CPI  R18,58
000246 f008      	BRLO _0x204002B
                 _0x204002A:
000247 c007      	RJMP _0x2040029
                 _0x204002B:
000248 e0aa      	LDI  R26,LOW(10)
000249 9f5a      	MUL  R21,R26
00024a 2d50      	MOV  R21,R0
00024b 2fe2      	MOV  R30,R18
00024c 53e0      	SUBI R30,LOW(48)
00024d 0f5e      	ADD  R21,R30
00024e c0db      	RJMP _0x204001B
                 _0x2040029:
00024f 2fe2      	MOV  R30,R18
000250 36e3      	CPI  R30,LOW(0x63)
000251 f449      	BRNE _0x204002F
000252 940e 03aa 	CALL SUBOPT_0x6
000254 89e8      	LDD  R30,Y+16
000255 89f9      	LDD  R31,Y+16+1
000256 81a4      	LDD  R26,Z+4
000257 93aa      	ST   -Y,R26
000258 940e 03b0 	CALL SUBOPT_0x7
00025a c0ce      	RJMP _0x2040030
                 _0x204002F:
00025b 37e3      	CPI  R30,LOW(0x73)
00025c f441      	BRNE _0x2040032
00025d 940e 03aa 	CALL SUBOPT_0x6
00025f 940e 03b6 	CALL SUBOPT_0x8
000261 940e 0367 	CALL _strlen
000263 2f1e      	MOV  R17,R30
000264 c00a      	RJMP _0x2040033
                 _0x2040032:
000265 37e0      	CPI  R30,LOW(0x70)
000266 f461      	BRNE _0x2040035
000267 940e 03aa 	CALL SUBOPT_0x6
000269 940e 03b6 	CALL SUBOPT_0x8
00026b 940e 0373 	CALL _strlenf
00026d 2f1e      	MOV  R17,R30
00026e 6008      	ORI  R16,LOW(8)
                 _0x2040033:
00026f 6002      	ORI  R16,LOW(2)
000270 770f      	ANDI R16,LOW(127)
000271 e030      	LDI  R19,LOW(0)
000272 c034      	RJMP _0x2040036
                 _0x2040035:
000273 36e4      	CPI  R30,LOW(0x64)
000274 f011      	BREQ _0x2040039
000275 36e9      	CPI  R30,LOW(0x69)
000276 f411      	BRNE _0x204003A
                 _0x2040039:
000277 6004      	ORI  R16,LOW(4)
000278 c002      	RJMP _0x204003B
                 _0x204003A:
000279 37e5      	CPI  R30,LOW(0x75)
00027a f431      	BRNE _0x204003C
                 _0x204003B:
00027b e5e4      	LDI  R30,LOW(_tbl10_G102*2)
00027c e0f0      	LDI  R31,HIGH(_tbl10_G102*2)
00027d 83ee      	STD  Y+6,R30
00027e 83ff      	STD  Y+6+1,R31
00027f e015      	LDI  R17,LOW(5)
000280 c00c      	RJMP _0x204003D
                 _0x204003C:
000281 35e8      	CPI  R30,LOW(0x58)
000282 f411      	BRNE _0x204003F
000283 6008      	ORI  R16,LOW(8)
000284 c003      	RJMP _0x2040040
                 _0x204003F:
000285 37e8      	CPI  R30,LOW(0x78)
000286 f009      	BREQ PC+2
000287 c0a1      	RJMP _0x2040071
                 _0x2040040:
000288 e5ee      	LDI  R30,LOW(_tbl16_G102*2)
000289 e0f0      	LDI  R31,HIGH(_tbl16_G102*2)
00028a 83ee      	STD  Y+6,R30
00028b 83ff      	STD  Y+6+1,R31
00028c e014      	LDI  R17,LOW(4)
                 _0x204003D:
00028d ff02      	SBRS R16,2
00028e c014      	RJMP _0x2040042
00028f 940e 03aa 	CALL SUBOPT_0x6
000291 940e 03c0 	CALL SUBOPT_0x9
000293 85ab      	LDD  R26,Y+11
000294 23aa      	TST  R26
000295 f43a      	BRPL _0x2040043
000296 85ea      	LDD  R30,Y+10
000297 85fb      	LDD  R31,Y+10+1
000298 940e 03dd 	CALL __ANEGW1
00029a 87ea      	STD  Y+10,R30
00029b 87fb      	STD  Y+10+1,R31
00029c e24d      	LDI  R20,LOW(45)
                 _0x2040043:
00029d 3040      	CPI  R20,0
00029e f011      	BREQ _0x2040044
00029f 5f1f      	SUBI R17,-LOW(1)
0002a0 c001      	RJMP _0x2040045
                 _0x2040044:
0002a1 7f0b      	ANDI R16,LOW(251)
                 _0x2040045:
0002a2 c004      	RJMP _0x2040046
                 _0x2040042:
0002a3 940e 03aa 	CALL SUBOPT_0x6
0002a5 940e 03c0 	CALL SUBOPT_0x9
                 _0x2040046:
                 _0x2040036:
0002a7 fd00      	SBRC R16,0
0002a8 c011      	RJMP _0x2040047
                 _0x2040048:
0002a9 1715      	CP   R17,R21
0002aa f478      	BRSH _0x204004A
0002ab ff07      	SBRS R16,7
0002ac c008      	RJMP _0x204004B
0002ad ff02      	SBRS R16,2
0002ae c004      	RJMP _0x204004C
0002af 7f0b      	ANDI R16,LOW(251)
0002b0 2f24      	MOV  R18,R20
0002b1 5011      	SUBI R17,LOW(1)
0002b2 c001      	RJMP _0x204004D
                 _0x204004C:
0002b3 e320      	LDI  R18,LOW(48)
                 _0x204004D:
0002b4 c001      	RJMP _0x204004E
                 _0x204004B:
0002b5 e220      	LDI  R18,LOW(32)
                 _0x204004E:
0002b6 940e 03a3 	CALL SUBOPT_0x5
0002b8 5051      	SUBI R21,LOW(1)
0002b9 cfef      	RJMP _0x2040048
                 _0x204004A:
                 _0x2040047:
0002ba 2f31      	MOV  R19,R17
0002bb ff01      	SBRS R16,1
0002bc c017      	RJMP _0x204004F
                 _0x2040050:
0002bd 3030      	CPI  R19,0
0002be f0a1      	BREQ _0x2040052
0002bf ff03      	SBRS R16,3
0002c0 c006      	RJMP _0x2040053
0002c1 81ee      	LDD  R30,Y+6
0002c2 81ff      	LDD  R31,Y+6+1
0002c3 9125      	LPM  R18,Z+
0002c4 83ee      	STD  Y+6,R30
0002c5 83ff      	STD  Y+6+1,R31
0002c6 c005      	RJMP _0x2040054
                 _0x2040053:
0002c7 81ae      	LDD  R26,Y+6
0002c8 81bf      	LDD  R27,Y+6+1
0002c9 912d      	LD   R18,X+
0002ca 83ae      	STD  Y+6,R26
0002cb 83bf      	STD  Y+6+1,R27
                 _0x2040054:
0002cc 940e 03a3 	CALL SUBOPT_0x5
0002ce 3050      	CPI  R21,0
0002cf f009      	BREQ _0x2040055
0002d0 5051      	SUBI R21,LOW(1)
                 _0x2040055:
0002d1 5031      	SUBI R19,LOW(1)
0002d2 cfea      	RJMP _0x2040050
                 _0x2040052:
0002d3 c04b      	RJMP _0x2040056
                 _0x204004F:
                 _0x2040058:
0002d4 e320      	LDI  R18,LOW(48)
0002d5 81ee      	LDD  R30,Y+6
0002d6 81ff      	LDD  R31,Y+6+1
0002d7 940e 040b 	CALL __GETW1PF
0002d9 87e8      	STD  Y+8,R30
0002da 87f9      	STD  Y+8+1,R31
0002db 81ee      	LDD  R30,Y+6
0002dc 81ff      	LDD  R31,Y+6+1
0002dd 9632      	ADIW R30,2
0002de 83ee      	STD  Y+6,R30
0002df 83ff      	STD  Y+6+1,R31
                 _0x204005A:
0002e0 85e8      	LDD  R30,Y+8
0002e1 85f9      	LDD  R31,Y+8+1
0002e2 85aa      	LDD  R26,Y+10
0002e3 85bb      	LDD  R27,Y+10+1
0002e4 17ae      	CP   R26,R30
0002e5 07bf      	CPC  R27,R31
0002e6 f050      	BRLO _0x204005C
0002e7 5f2f      	SUBI R18,-LOW(1)
0002e8 85a8      	LDD  R26,Y+8
0002e9 85b9      	LDD  R27,Y+8+1
0002ea 85ea      	LDD  R30,Y+10
0002eb 85fb      	LDD  R31,Y+10+1
0002ec 1bea      	SUB  R30,R26
0002ed 0bfb      	SBC  R31,R27
0002ee 87ea      	STD  Y+10,R30
0002ef 87fb      	STD  Y+10+1,R31
0002f0 cfef      	RJMP _0x204005A
                 _0x204005C:
0002f1 332a      	CPI  R18,58
0002f2 f028      	BRLO _0x204005D
0002f3 ff03      	SBRS R16,3
0002f4 c002      	RJMP _0x204005E
0002f5 5f29      	SUBI R18,-LOW(7)
0002f6 c001      	RJMP _0x204005F
                 _0x204005E:
0002f7 5d29      	SUBI R18,-LOW(39)
                 _0x204005F:
                 _0x204005D:
0002f8 fd04      	SBRC R16,4
0002f9 c01a      	RJMP _0x2040061
0002fa 3321      	CPI  R18,49
0002fb f420      	BRSH _0x2040063
0002fc 85a8      	LDD  R26,Y+8
0002fd 85b9      	LDD  R27,Y+8+1
0002fe 9711      	SBIW R26,1
0002ff f409      	BRNE _0x2040062
                 _0x2040063:
000300 c009      	RJMP _0x20400CD
                 _0x2040062:
000301 1753      	CP   R21,R19
000302 f010      	BRLO _0x2040067
000303 ff00      	SBRS R16,0
000304 c001      	RJMP _0x2040068
                 _0x2040067:
000305 c013      	RJMP _0x2040066
                 _0x2040068:
000306 e220      	LDI  R18,LOW(32)
000307 ff07      	SBRS R16,7
000308 c00b      	RJMP _0x2040069
000309 e320      	LDI  R18,LOW(48)
                 _0x20400CD:
00030a 6100      	ORI  R16,LOW(16)
00030b ff02      	SBRS R16,2
00030c c007      	RJMP _0x204006A
00030d 7f0b      	ANDI R16,LOW(251)
00030e 934a      	ST   -Y,R20
00030f 940e 03b0 	CALL SUBOPT_0x7
000311 3050      	CPI  R21,0
000312 f009      	BREQ _0x204006B
000313 5051      	SUBI R21,LOW(1)
                 _0x204006B:
                 _0x204006A:
                 _0x2040069:
                 _0x2040061:
000314 940e 03a3 	CALL SUBOPT_0x5
000316 3050      	CPI  R21,0
000317 f009      	BREQ _0x204006C
000318 5051      	SUBI R21,LOW(1)
                 _0x204006C:
                 _0x2040066:
000319 5031      	SUBI R19,LOW(1)
00031a 85a8      	LDD  R26,Y+8
00031b 85b9      	LDD  R27,Y+8+1
00031c 9712      	SBIW R26,2
00031d f008      	BRLO _0x2040059
00031e cfb5      	RJMP _0x2040058
                 _0x2040059:
                 _0x2040056:
00031f ff00      	SBRS R16,0
000320 c008      	RJMP _0x204006D
                 _0x204006E:
000321 3050      	CPI  R21,0
000322 f031      	BREQ _0x2040070
000323 5051      	SUBI R21,LOW(1)
000324 e2e0      	LDI  R30,LOW(32)
000325 93ea      	ST   -Y,R30
000326 940e 03b0 	CALL SUBOPT_0x7
000328 cff8      	RJMP _0x204006E
                 _0x2040070:
                 _0x204006D:
                 _0x2040071:
                 _0x2040030:
                 _0x20400CC:
000329 e010      	LDI  R17,LOW(0)
                 _0x204001B:
00032a cee0      	RJMP _0x2040016
                 _0x2040018:
00032b 85ac      	LDD  R26,Y+12
00032c 85bd      	LDD  R27,Y+12+1
00032d 940e 0407 	CALL __GETW1P
00032f 940e 041b 	CALL __LOADLOCR6
000331 9664      	ADIW R28,20
000332 9508      	RET
                 ; .FEND
                 _sprintf:
                 ; .FSTART _sprintf
000333 92ff      	PUSH R15
000334 2ef8      	MOV  R15,R24
000335 9726      	SBIW R28,6
000336 940e 0416 	CALL __SAVELOCR4
000338 940e 03c8 	CALL SUBOPT_0xA
00033a 9730      	SBIW R30,0
00033b f419      	BRNE _0x2040072
00033c efef      	LDI  R30,LOW(65535)
00033d efff      	LDI  R31,HIGH(65535)
00033e c023      	RJMP _0x20A0001
                 _0x2040072:
00033f 01de      	MOVW R26,R28
000340 9616      	ADIW R26,6
000341 940e 03d9 	CALL __ADDW2R15
000343 018d      	MOVW R16,R26
000344 940e 03c8 	CALL SUBOPT_0xA
000346 83ee      	STD  Y+6,R30
000347 83ff      	STD  Y+6+1,R31
000348 e0e0      	LDI  R30,LOW(0)
000349 87e8      	STD  Y+8,R30
00034a 87e9      	STD  Y+8+1,R30
00034b 01de      	MOVW R26,R28
00034c 961a      	ADIW R26,10
00034d 940e 03d9 	CALL __ADDW2R15
00034f 940e 0407 	CALL __GETW1P
000351 93fa      	ST   -Y,R31
000352 93ea      	ST   -Y,R30
000353 931a      	ST   -Y,R17
000354 930a      	ST   -Y,R16
000355 ebef      	LDI  R30,LOW(_put_buff_G102)
000356 e0f1      	LDI  R31,HIGH(_put_buff_G102)
000357 93fa      	ST   -Y,R31
000358 93ea      	ST   -Y,R30
000359 01de      	MOVW R26,R28
00035a 961a      	ADIW R26,10
00035b dea3      	RCALL __print_G102
00035c 019f      	MOVW R18,R30
00035d 81ae      	LDD  R26,Y+6
00035e 81bf      	LDD  R27,Y+6+1
00035f e0e0      	LDI  R30,LOW(0)
000360 93ec      	ST   X,R30
000361 01f9      	MOVW R30,R18
                 _0x20A0001:
000362 940e 041d 	CALL __LOADLOCR4
000364 962a      	ADIW R28,10
000365 90ff      	POP  R15
000366 9508      	RET
                 ; .FEND
                 
                 	.CSEG
                 
                 	.CSEG
                 _strlen:
                 ; .FSTART _strlen
000367 93ba      	ST   -Y,R27
000368 93aa      	ST   -Y,R26
000369 91a9          ld   r26,y+
00036a 91b9          ld   r27,y+
00036b 27ee          clr  r30
00036c 27ff          clr  r31
                 strlen0:
00036d 916d          ld   r22,x+
00036e 2366          tst  r22
00036f f011          breq strlen1
000370 9631          adiw r30,1
000371 cffb          rjmp strlen0
                 strlen1:
000372 9508          ret
                 ; .FEND
                 _strlenf:
                 ; .FSTART _strlenf
000373 93ba      	ST   -Y,R27
000374 93aa      	ST   -Y,R26
000375 27aa          clr  r26
000376 27bb          clr  r27
000377 91e9          ld   r30,y+
000378 91f9          ld   r31,y+
                 strlenf0:
000379 9005      	lpm  r0,z+
00037a 2000          tst  r0
00037b f011          breq strlenf1
00037c 9611          adiw r26,1
00037d cffb          rjmp strlenf0
                 strlenf1:
00037e 01fd          movw r30,r26
00037f 9508          ret
                 ; .FEND
                 
                 	.DSEG
                 __base_y_G100:
000260           	.BYTE 0x4
                 
                 	.CSEG
                 ;OPTIMIZER ADDED SUBROUTINE, CALLED 4 TIMES, CODE SIZE REDUCTION:6 WORDS
                 SUBOPT_0x0:
000380 27ff      	CLR  R31
000381 2766      	CLR  R22
000382 2777      	CLR  R23
000383 940e 040f 	CALL __PUTPARD1
000385 9508      	RET
                 
                 ;OPTIMIZER ADDED SUBROUTINE, CALLED 2 TIMES, CODE SIZE REDUCTION:3 WORDS
                 SUBOPT_0x1:
000386 01fa      	MOVW R30,R20
000387 940e 03e1 	CALL __CWD1
000389 940e 040f 	CALL __PUTPARD1
00038b 2fe1      	MOV  R30,R17
00038c cff3      	RJMP SUBOPT_0x0
                 
                 ;OPTIMIZER ADDED SUBROUTINE, CALLED 2 TIMES, CODE SIZE REDUCTION:3 WORDS
                 SUBOPT_0x2:
00038d e08c      	LDI  R24,12
00038e 940e 0333 	CALL _sprintf
000390 9660      	ADIW R28,16
000391 01de      	MOVW R26,R28
000392 9611      	ADIW R26,1
000393 940c 0180 	JMP  _lcd_puts
                 
                 ;OPTIMIZER ADDED SUBROUTINE, CALLED 2 TIMES, CODE SIZE REDUCTION:1 WORDS
                 SUBOPT_0x3:
000395 940e 0146 	CALL __lcd_write_data
000397 e0a3      	LDI  R26,LOW(3)
000398 e0b0      	LDI  R27,0
000399 940c 03cf 	JMP  _delay_ms
                 
                 ;OPTIMIZER ADDED SUBROUTINE, CALLED 3 TIMES, CODE SIZE REDUCTION:7 WORDS
                 SUBOPT_0x4:
00039b e3a0      	LDI  R26,LOW(48)
00039c 940e 0132 	CALL __lcd_write_nibble_G100
                +
00039e ec88     +LDI R24 , LOW ( 200 )
00039f e090     +LDI R25 , HIGH ( 200 )
                +__DELAY_USW_LOOP :
0003a0 9701     +SBIW R24 , 1
0003a1 f7f1     +BRNE __DELAY_USW_LOOP
                 	__DELAY_USW 200
0003a2 9508      	RET
                 
                 ;OPTIMIZER ADDED SUBROUTINE, CALLED 5 TIMES, CODE SIZE REDUCTION:13 WORDS
                 SUBOPT_0x5:
0003a3 932a      	ST   -Y,R18
0003a4 85ad      	LDD  R26,Y+13
0003a5 85be      	LDD  R27,Y+13+1
0003a6 85ef      	LDD  R30,Y+15
0003a7 89f8      	LDD  R31,Y+15+1
0003a8 9509      	ICALL
0003a9 9508      	RET
                 
                 ;OPTIMIZER ADDED SUBROUTINE, CALLED 5 TIMES, CODE SIZE REDUCTION:9 WORDS
                 SUBOPT_0x6:
0003aa 89e8      	LDD  R30,Y+16
0003ab 89f9      	LDD  R31,Y+16+1
0003ac 9734      	SBIW R30,4
0003ad 8be8      	STD  Y+16,R30
0003ae 8bf9      	STD  Y+16+1,R31
0003af 9508      	RET
                 
                 ;OPTIMIZER ADDED SUBROUTINE, CALLED 3 TIMES, CODE SIZE REDUCTION:3 WORDS
                 SUBOPT_0x7:
0003b0 85ad      	LDD  R26,Y+13
0003b1 85be      	LDD  R27,Y+13+1
0003b2 85ef      	LDD  R30,Y+15
0003b3 89f8      	LDD  R31,Y+15+1
0003b4 9509      	ICALL
0003b5 9508      	RET
                 
                 ;OPTIMIZER ADDED SUBROUTINE, CALLED 2 TIMES, CODE SIZE REDUCTION:4 WORDS
                 SUBOPT_0x8:
0003b6 89a8      	LDD  R26,Y+16
0003b7 89b9      	LDD  R27,Y+16+1
0003b8 9614      	ADIW R26,4
0003b9 940e 0407 	CALL __GETW1P
0003bb 83ee      	STD  Y+6,R30
0003bc 83ff      	STD  Y+6+1,R31
0003bd 81ae      	LDD  R26,Y+6
0003be 81bf      	LDD  R27,Y+6+1
0003bf 9508      	RET
                 
                 ;OPTIMIZER ADDED SUBROUTINE, CALLED 2 TIMES, CODE SIZE REDUCTION:2 WORDS
                 SUBOPT_0x9:
0003c0 89a8      	LDD  R26,Y+16
0003c1 89b9      	LDD  R27,Y+16+1
0003c2 9614      	ADIW R26,4
0003c3 940e 0407 	CALL __GETW1P
0003c5 87ea      	STD  Y+10,R30
0003c6 87fb      	STD  Y+10+1,R31
0003c7 9508      	RET
                 
                 ;OPTIMIZER ADDED SUBROUTINE, CALLED 2 TIMES, CODE SIZE REDUCTION:1 WORDS
                 SUBOPT_0xA:
0003c8 01de      	MOVW R26,R28
0003c9 961c      	ADIW R26,12
0003ca 940e 03d9 	CALL __ADDW2R15
0003cc 940e 0407 	CALL __GETW1P
0003ce 9508      	RET
                 
                 
                 	.CSEG
                 _delay_ms:
0003cf 9610      	adiw r26,0
0003d0 f039      	breq __delay_ms1
                 __delay_ms0:
                +
0003d1 ed80     +LDI R24 , LOW ( 0x7D0 )
0003d2 e097     +LDI R25 , HIGH ( 0x7D0 )
                +__DELAY_USW_LOOP :
0003d3 9701     +SBIW R24 , 1
0003d4 f7f1     +BRNE __DELAY_USW_LOOP
                 	__DELAY_USW 0x7D0
0003d5 95a8      	wdr
0003d6 9711      	sbiw r26,1
0003d7 f7c9      	brne __delay_ms0
                 __delay_ms1:
0003d8 9508      	ret
                 
                 __ADDW2R15:
0003d9 2400      	CLR  R0
0003da 0daf      	ADD  R26,R15
0003db 1db0      	ADC  R27,R0
0003dc 9508      	RET
                 
                 __ANEGW1:
0003dd 95f1      	NEG  R31
0003de 95e1      	NEG  R30
0003df 40f0      	SBCI R31,0
0003e0 9508      	RET
                 
                 __CWD1:
0003e1 2f6f      	MOV  R22,R31
0003e2 0f66      	ADD  R22,R22
0003e3 0b66      	SBC  R22,R22
0003e4 2f76      	MOV  R23,R22
0003e5 9508      	RET
                 
                 __DIVW21U:
0003e6 2400      	CLR  R0
0003e7 2411      	CLR  R1
0003e8 e190      	LDI  R25,16
                 __DIVW21U1:
0003e9 0faa      	LSL  R26
0003ea 1fbb      	ROL  R27
0003eb 1c00      	ROL  R0
0003ec 1c11      	ROL  R1
0003ed 1a0e      	SUB  R0,R30
0003ee 0a1f      	SBC  R1,R31
0003ef f418      	BRCC __DIVW21U2
0003f0 0e0e      	ADD  R0,R30
0003f1 1e1f      	ADC  R1,R31
0003f2 c001      	RJMP __DIVW21U3
                 __DIVW21U2:
0003f3 60a1      	SBR  R26,1
                 __DIVW21U3:
0003f4 959a      	DEC  R25
0003f5 f799      	BRNE __DIVW21U1
0003f6 01fd      	MOVW R30,R26
0003f7 01d0      	MOVW R26,R0
0003f8 9508      	RET
                 
                 __MODW21:
0003f9 94e8      	CLT
0003fa ffb7      	SBRS R27,7
0003fb c004      	RJMP __MODW211
0003fc 95a0      	COM  R26
0003fd 95b0      	COM  R27
0003fe 9611      	ADIW R26,1
0003ff 9468      	SET
                 __MODW211:
000400 fdf7      	SBRC R31,7
000401 dfdb      	RCALL __ANEGW1
000402 dfe3      	RCALL __DIVW21U
000403 01fd      	MOVW R30,R26
000404 f40e      	BRTC __MODW212
000405 dfd7      	RCALL __ANEGW1
                 __MODW212:
000406 9508      	RET
                 
                 __GETW1P:
000407 91ed      	LD   R30,X+
000408 91fc      	LD   R31,X
000409 9711      	SBIW R26,1
00040a 9508      	RET
                 
                 __GETW1PF:
00040b 9005      	LPM  R0,Z+
00040c 91f4      	LPM  R31,Z
00040d 2de0      	MOV  R30,R0
00040e 9508      	RET
                 
                 __PUTPARD1:
00040f 937a      	ST   -Y,R23
000410 936a      	ST   -Y,R22
000411 93fa      	ST   -Y,R31
000412 93ea      	ST   -Y,R30
000413 9508      	RET
                 
                 __SAVELOCR6:
000414 935a      	ST   -Y,R21
                 __SAVELOCR5:
000415 934a      	ST   -Y,R20
                 __SAVELOCR4:
000416 933a      	ST   -Y,R19
                 __SAVELOCR3:
000417 932a      	ST   -Y,R18
                 __SAVELOCR2:
000418 931a      	ST   -Y,R17
000419 930a      	ST   -Y,R16
00041a 9508      	RET
                 
                 __LOADLOCR6:
00041b 815d      	LDD  R21,Y+5
                 __LOADLOCR5:
00041c 814c      	LDD  R20,Y+4
                 __LOADLOCR4:
00041d 813b      	LDD  R19,Y+3
                 __LOADLOCR3:
00041e 812a      	LDD  R18,Y+2
                 __LOADLOCR2:
00041f 8119      	LDD  R17,Y+1
000420 8108      	LD   R16,Y
000421 9508      	RET
                 
                 ;END OF CODE MARKER
                 __END_OF_CODE:


RESOURCE USE INFORMATION
------------------------

Notice:
The register and instruction counts are symbol table hit counts,
and hence implicitly used resources are not counted, eg, the
'lpm' instruction without operands implicitly uses r0 and z,
none of which are counted.

x,y,z are separate entities in the symbol table and are
counted separately from r26..r31 here.

.dseg memory usage only counts static data declared with .byte

ATmega32 register use summary:
r0 :  18 r1 :   5 r2 :   0 r3 :   0 r4 :   4 r5 :   4 r6 :   0 r7 :   2 
r8 :   0 r9 :   0 r10:   0 r11:   0 r12:   0 r13:   0 r14:   0 r15:   4 
r16:  39 r17:  31 r18:  32 r19:  10 r20:  21 r21:  25 r22:  12 r23:   3 
r24:  23 r25:   7 r26: 116 r27:  44 r28:  18 r29:   1 r30: 223 r31:  73 
x  :  23 y  : 172 z  :  15 
Registers used: 25 out of 35 (71.4%)

ATmega32 instruction use summary:
.lds  :   0 .lds.l:   0 .sts  :   0 .sts.l:   0 adc   :   2 add   :   5 
adiw  :  28 and   :   0 andi  :   6 asr   :   0 bclr  :   0 bld   :   0 
brbc  :   0 brbs  :   0 brcc  :   1 brcs  :   0 break :   0 breq  :  17 
brge  :   0 brhc  :   0 brhs  :   0 brid  :   0 brie  :   0 brlo  :   8 
brlt  :   0 brmi  :   1 brne  :  40 brpl  :   1 brsh  :   2 brtc  :   1 
brts  :   0 brvc  :   0 brvs  :   0 bset  :   0 bst   :   0 call  :  61 
cbi   :   9 cbr   :   0 clc   :   0 clh   :   0 cli   :   1 cln   :   0 
clr   :  13 cls   :   0 clt   :   1 clv   :   0 clz   :   0 com   :   2 
cp    :   8 cpc   :   7 cpi   :  35 cpse  :   0 dec   :   6 des   :   0 
eor   :   0 fmul  :   0 fmuls :   0 fmulsu:   0 icall :   2 ijmp  :   0 
in    :   3 inc   :   2 jmp   :  24 ld    :  26 ldd   :  77 ldi   : 120 
lds   :   0 lpm   :  14 lsl   :   1 lsr   :   0 mov   :  28 movw  :  24 
mul   :   1 muls  :   0 mulsu :   0 neg   :   2 nop   :   0 or    :   2 
ori   :   7 out   :  44 pop   :   1 push  :   1 rcall :  21 ret   :  28 
reti  :   0 rjmp  :  68 rol   :   3 ror   :   0 sbc   :   3 sbci  :   3 
sbi   :  19 sbic  :   0 sbis  :   1 sbiw  :  24 sbr   :   1 sbrc  :   3 
sbrs  :  11 sec   :   0 seh   :   0 sei   :   0 sen   :   0 ser   :   0 
ses   :   0 set   :   1 sev   :   0 sez   :   0 sleep :   0 spm   :   0 
st    :  64 std   :  31 sts   :   2 sub   :   2 subi  :  18 swap  :   1 
tst   :   4 wdr   :   1 
Instructions used: 61 out of 116 (52.6%)

ATmega32 memory use summary [bytes]:
Segment   Begin    End      Code   Data   Used    Size   Use%
---------------------------------------------------------------
[.cseg] 0x000000 0x000844   2056     60   2116   32768   6.5%
[.dseg] 0x000060 0x000264      0      4      4    2048   0.2%
[.eseg] 0x000000 0x000000      0      0      0    1024   0.0%

Assembly complete, 0 errors, 4 warnings
