RAM Allocation [bytes]
Variable                                                                          Address   Size
------------------------------------------------------------------------------------------------
_base_y                                                                           0x0260       4

EEPROM Allocation [bytes]
Variable                                                                          Address   Size
------------------------------------------------------------------------------------------------

Register Allocation
Variable                                                                          Register  Size
------------------------------------------------------------------------------------------------
_lcd_x                                                                            R5           1
_lcd_y                                                                            R4           1
_lcd_maxx                                                                         R7           1

FLASH Allocation [words]
Function                                                                          Address   Size
------------------------------------------------------------------------------------------------
spi_tranceiver                                                                    0x00071      7
main                                                                              0x00078    121
_lcd_write_nibble_G100                                                            0x000F1     20
_lcd_write_data                                                                   0x00105     12
lcd_gotoxy                                                                        0x00111     13
lcd_clear                                                                         0x0011E     12
lcd_putchar                                                                       0x0012A     21
lcd_puts                                                                          0x0013F     17
lcd_init                                                                          0x00150     46
put_buff_G102                                                                     0x0017E     64
_print_G102                                                                       0x001BE    308
sprintf                                                                           0x002F2     52
strlen                                                                            0x00326     12
strlenf                                                                           0x00332     13
