RAM Allocation [bytes]
Variable                                                                          Address   Size
------------------------------------------------------------------------------------------------
lcd_show                                                                          0x0260      32
min1                                                                              0x0280       2
flag                                                                              0x0282       2
data                                                                              0x0284       1
_base_y                                                                           0x0285       4
_lcd_x                                                                            0x0289       1
_lcd_y                                                                            0x028A       1
_lcd_maxx                                                                         0x028B       1

EEPROM Allocation [bytes]
Variable                                                                          Address   Size
------------------------------------------------------------------------------------------------

Register Allocation
Variable                                                                          Register  Size
------------------------------------------------------------------------------------------------
speed                                                                             R4,R5        2
tem                                                                               R6,R7        2
thous                                                                             R8,R9        2
ACKSlave                                                                          R11          1
ACKMaster                                                                         R10          1
whichSlave                                                                        R12,R13      2

FLASH Allocation [words]
Function                                                                          Address   Size
------------------------------------------------------------------------------------------------
enableSlave                                                                       0x0007F     19
disableSlave                                                                      0x00092     19
send_spi                                                                          0x000A5      7
timer1_compa_isr                                                                  0x000AC     18
spi_isr                                                                           0x000D8     82
main                                                                              0x0012A    111
put_buff_G100                                                                     0x00199     58
_print_G100                                                                       0x001D3    308
sprintf                                                                           0x00307     52
_lcd_write_nibble_G101                                                            0x0033B     20
_lcd_write_data                                                                   0x0034F     12
lcd_gotoxy                                                                        0x0035B     17
lcd_clear                                                                         0x0036C     14
lcd_putchar                                                                       0x0037A     32
lcd_puts                                                                          0x0039A     17
lcd_init                                                                          0x003AB     47
strlen                                                                            0x003DA     12
strlenf                                                                           0x003E6     13
